Component: ARM Compiler 5.06 update 6 (build 750) Tool: armlink [4d35ed]

==============================================================================

Section Cross References

    uart_polling.o(i.putc) refers to uart_polling.o(i.uart_put_string) for uart_put_string
    uart_polling.o(i.putc) refers to uart_polling.o(i.uart_put_char) for uart_put_char
    uart_polling.o(i.uart_put_string) refers to uart_polling.o(i.uart_put_char) for uart_put_char
    uart_irq.o(i.UART0_IRQHandler) refers to uart_polling.o(i.uart_put_string) for uart_put_string
    uart_irq.o(i.UART0_IRQHandler) refers to uart_polling.o(i.uart_put_char) for uart_put_char
    uart_irq.o(i.UART0_IRQHandler) refers to printf.o(i.tfp_printf) for tfp_printf
    uart_irq.o(i.UART0_IRQHandler) refers to k_task.o(i.k_tsk_yield) for k_tsk_yield
    uart_irq.o(i.UART0_IRQHandler) refers to uart_irq.o(.data) for g_char_in
    uart_irq.o(i.uart_irq_init) refers to uart_irq.o(i.__NVIC_EnableIRQ) for __NVIC_EnableIRQ
    k_mem.o(i.k_alloc_k_stack) refers to k_rtx_init.o(.data) for errno
    k_mem.o(i.k_alloc_k_stack) refers to k_mem.o(.bss) for g_k_stacks
    k_mem.o(i.k_alloc_p_stack) refers to k_rtx_init.o(.data) for errno
    k_mem.o(i.k_alloc_p_stack) refers to k_mem.o(.bss) for g_p_stacks
    k_mem.o(i.k_mem_init) refers to printf.o(i.tfp_printf) for tfp_printf
    k_mem.o(i.k_mem_init) refers to k_mem.o(i.k_mpool_create) for k_mpool_create
    k_mem.o(i.k_mpool_alloc) refers to printf.o(i.tfp_printf) for tfp_printf
    k_mem.o(i.k_mpool_create) refers to printf.o(i.tfp_printf) for tfp_printf
    k_mem.o(i.k_mpool_create) refers to k_rtx_init.o(.data) for errno
    k_mem.o(i.k_mpool_dealloc) refers to printf.o(i.tfp_printf) for tfp_printf
    k_mem.o(i.k_mpool_dump) refers to printf.o(i.tfp_printf) for tfp_printf
    k_msg.o(i.k_mbx_create) refers to printf.o(i.tfp_printf) for tfp_printf
    k_msg.o(i.k_mbx_get) refers to printf.o(i.tfp_printf) for tfp_printf
    k_msg.o(i.k_mbx_ls) refers to printf.o(i.tfp_printf) for tfp_printf
    k_msg.o(i.k_recv_msg) refers to printf.o(i.tfp_printf) for tfp_printf
    k_msg.o(i.k_recv_msg_nb) refers to printf.o(i.tfp_printf) for tfp_printf
    k_msg.o(i.k_send_msg) refers to printf.o(i.tfp_printf) for tfp_printf
    k_msg.o(i.k_send_msg_nb) refers to printf.o(i.tfp_printf) for tfp_printf
    k_rtx_init.o(i.k_pre_rtx_init) refers to k_mem.o(i.k_mem_init) for k_mem_init
    k_rtx_init.o(i.k_pre_rtx_init) refers to k_mem.o(i.k_alloc_p_stack) for k_alloc_p_stack
    k_rtx_init.o(i.k_rtx_init) refers to uart_irq.o(i.uart_irq_init) for uart_irq_init
    k_rtx_init.o(i.k_rtx_init) refers to k_task.o(i.k_tsk_init) for k_tsk_init
    k_rtx_init.o(i.k_rtx_init) refers to k_task.o(.emb_text) for k_tsk_start
    k_rtx_init.o(i.k_rtx_init) refers to k_rtx_init.o(.data) for errno
    k_task.o(.emb_text) refers to k_task.o(.data) for gp_current_task
    k_task.o(i.SVC_Handler) refers to k_rtx_init.o(i.k_rtx_init) for k_rtx_init
    k_task.o(i.SVC_Handler) refers to k_mem.o(i.k_mpool_alloc) for k_mpool_alloc
    k_task.o(i.SVC_Handler) refers to k_mem.o(i.k_mpool_dealloc) for k_mpool_dealloc
    k_task.o(i.SVC_Handler) refers to k_mem.o(i.k_mpool_dump) for k_mpool_dump
    k_task.o(i.SVC_Handler) refers to k_task.o(i.k_tsk_create) for k_tsk_create
    k_task.o(i.SVC_Handler) refers to k_task.o(i.k_tsk_exit) for k_tsk_exit
    k_task.o(i.SVC_Handler) refers to k_task.o(i.k_tsk_yield) for k_tsk_yield
    k_task.o(i.SVC_Handler) refers to k_task.o(i.k_tsk_set_prio) for k_tsk_set_prio
    k_task.o(i.SVC_Handler) refers to k_task.o(i.k_tsk_get) for k_tsk_get
    k_task.o(i.SVC_Handler) refers to k_task.o(i.k_tsk_gettid) for k_tsk_gettid
    k_task.o(i.SVC_Handler) refers to k_task.o(i.k_tsk_ls) for k_tsk_ls
    k_task.o(i.SVC_Handler) refers to k_msg.o(i.k_mbx_create) for k_mbx_create
    k_task.o(i.SVC_Handler) refers to k_msg.o(i.k_send_msg) for k_send_msg
    k_task.o(i.SVC_Handler) refers to k_msg.o(i.k_send_msg_nb) for k_send_msg_nb
    k_task.o(i.SVC_Handler) refers to k_msg.o(i.k_recv_msg) for k_recv_msg
    k_task.o(i.SVC_Handler) refers to k_msg.o(i.k_recv_msg_nb) for k_recv_msg_nb
    k_task.o(i.SVC_Handler) refers to k_msg.o(i.k_mbx_ls) for k_mbx_ls
    k_task.o(i.SVC_Handler) refers to k_msg.o(i.k_mbx_get) for k_mbx_get
    k_task.o(i.k_tsk_create) refers to printf.o(i.tfp_printf) for tfp_printf
    k_task.o(i.k_tsk_create_new) refers to k_mem.o(i.k_alloc_p_stack) for k_alloc_p_stack
    k_task.o(i.k_tsk_create_new) refers to k_mem.o(i.k_alloc_k_stack) for k_alloc_k_stack
    k_task.o(i.k_tsk_create_new) refers to hal.o(.emb_text) for SVC_RTE
    k_task.o(i.k_tsk_exit) refers to printf.o(i.tfp_printf) for tfp_printf
    k_task.o(i.k_tsk_get) refers to printf.o(i.tfp_printf) for tfp_printf
    k_task.o(i.k_tsk_gettid) refers to k_task.o(.data) for gp_current_task
    k_task.o(i.k_tsk_init) refers to k_task.o(i.k_tsk_init_first) for k_tsk_init_first
    k_task.o(i.k_tsk_init) refers to k_task.o(i.k_tsk_create_new) for k_tsk_create_new
    k_task.o(i.k_tsk_init) refers to k_task.o(.bss) for g_tcbs
    k_task.o(i.k_tsk_init) refers to k_task.o(.data) for g_num_active_tasks
    k_task.o(i.k_tsk_init_first) refers to null_task.o(i.task_null) for task_null
    k_task.o(i.k_tsk_ls) refers to printf.o(i.tfp_printf) for tfp_printf
    k_task.o(i.k_tsk_run_new) refers to k_task.o(i.scheduler) for scheduler
    k_task.o(i.k_tsk_run_new) refers to k_task.o(.emb_text) for k_tsk_switch
    k_task.o(i.k_tsk_run_new) refers to k_task.o(.data) for gp_current_task
    k_task.o(i.k_tsk_set_prio) refers to printf.o(i.tfp_printf) for tfp_printf
    k_task.o(i.k_tsk_yield) refers to k_task.o(i.k_tsk_run_new) for k_tsk_run_new
    k_task.o(i.scheduler) refers to k_task.o(.data) for gp_current_task
    k_task.o(i.scheduler) refers to k_task.o(.bss) for g_tcbs
    printf.o(i.a2i) refers to printf.o(i.a2d) for a2d
    printf.o(i.i2a) refers to printf.o(i.ui2a) for ui2a
    printf.o(i.init_printf) refers to printf.o(.data) for stdout_putf
    printf.o(i.tfp_format) refers to printf.o(i.a2i) for a2i
    printf.o(i.tfp_format) refers to printf.o(i.ui2a) for ui2a
    printf.o(i.tfp_format) refers to printf.o(i.putchw) for putchw
    printf.o(i.tfp_format) refers to printf.o(i.i2a) for i2a
    printf.o(i.tfp_printf) refers to printf.o(i.tfp_format) for tfp_format
    printf.o(i.tfp_printf) refers to printf.o(.data) for stdout_putf
    printf.o(i.tfp_sprintf) refers to printf.o(i.tfp_format) for tfp_format
    printf.o(i.tfp_sprintf) refers to printf.o(i.putcp) for putcp
    null_task.o(i.task_null) refers to printf.o(i.tfp_printf) for tfp_printf
    startup_lpc17xx.o(STACK) refers (Special) to heapauxi.o(.text) for __use_two_region_memory
    startup_lpc17xx.o(HEAP) refers (Special) to heapauxi.o(.text) for __use_two_region_memory
    startup_lpc17xx.o(RESET) refers (Special) to heapauxi.o(.text) for __use_two_region_memory
    startup_lpc17xx.o(RESET) refers to startup_lpc17xx.o(STACK) for __initial_sp
    startup_lpc17xx.o(RESET) refers to startup_lpc17xx.o(.text) for Reset_Handler
    startup_lpc17xx.o(RESET) refers to k_task.o(i.SVC_Handler) for SVC_Handler
    startup_lpc17xx.o(RESET) refers to uart_irq.o(i.UART0_IRQHandler) for UART0_IRQHandler
    startup_lpc17xx.o(.ARM.__at_0x02FC) refers (Special) to heapauxi.o(.text) for __use_two_region_memory
    startup_lpc17xx.o(.text) refers (Special) to heapauxi.o(.text) for __use_two_region_memory
    startup_lpc17xx.o(.text) refers to system_lpc17xx.o(i.SystemInit) for SystemInit
    startup_lpc17xx.o(.text) refers to __main.o(!!!main) for __main
    startup_lpc17xx.o(.text) refers to startup_lpc17xx.o(HEAP) for Heap_Mem
    startup_lpc17xx.o(.text) refers to startup_lpc17xx.o(STACK) for Stack_Mem
    system_lpc17xx.o(i.SystemCoreClockUpdate) refers to lludivv7m.o(.text) for __aeabi_uldivmod
    system_lpc17xx.o(i.SystemCoreClockUpdate) refers to system_lpc17xx.o(.data) for SystemCoreClock
    __main.o(!!!main) refers to __rtentry.o(.ARM.Collect$$rtentry$$00000000) for __rt_entry
    __rtentry.o(.ARM.Collect$$rtentry$$00000000) refers (Special) to __rtentry2.o(.ARM.Collect$$rtentry$$0000000A) for __rt_entry_li
    __rtentry.o(.ARM.Collect$$rtentry$$00000000) refers (Special) to __rtentry2.o(.ARM.Collect$$rtentry$$0000000D) for __rt_entry_main
    __rtentry.o(.ARM.Collect$$rtentry$$00000000) refers (Special) to __rtentry2.o(.ARM.Collect$$rtentry$$0000000C) for __rt_entry_postli_1
    __rtentry.o(.ARM.Collect$$rtentry$$00000000) refers (Special) to __rtentry2.o(.ARM.Collect$$rtentry$$00000009) for __rt_entry_postsh_1
    __rtentry.o(.ARM.Collect$$rtentry$$00000000) refers (Special) to __rtentry2.o(.ARM.Collect$$rtentry$$00000002) for __rt_entry_presh_1
    __rtentry.o(.ARM.Collect$$rtentry$$00000000) refers (Special) to __rtentry4.o(.ARM.Collect$$rtentry$$00000004) for __rt_entry_sh
    aeabi_ldiv0_sigfpe.o(.text) refers to rt_div0.o(.text) for __rt_div0
    __rtentry2.o(.ARM.Collect$$rtentry$$00000008) refers to boardinit2.o(.text) for _platform_post_stackheap_init
    __rtentry2.o(.ARM.Collect$$rtentry$$0000000A) refers to libinit.o(.ARM.Collect$$libinit$$00000000) for __rt_lib_init
    __rtentry2.o(.ARM.Collect$$rtentry$$0000000B) refers to boardinit3.o(.text) for _platform_post_lib_init
    __rtentry2.o(.ARM.Collect$$rtentry$$0000000D) refers to main.o(i.main) for main
    __rtentry2.o(.ARM.Collect$$rtentry$$0000000D) refers to exit.o(.text) for exit
    __rtentry2.o(.ARM.exidx) refers to __rtentry2.o(.ARM.Collect$$rtentry$$00000001) for .ARM.Collect$$rtentry$$00000001
    __rtentry2.o(.ARM.exidx) refers to __rtentry2.o(.ARM.Collect$$rtentry$$00000008) for .ARM.Collect$$rtentry$$00000008
    __rtentry2.o(.ARM.exidx) refers to __rtentry2.o(.ARM.Collect$$rtentry$$0000000A) for .ARM.Collect$$rtentry$$0000000A
    __rtentry2.o(.ARM.exidx) refers to __rtentry2.o(.ARM.Collect$$rtentry$$0000000B) for .ARM.Collect$$rtentry$$0000000B
    __rtentry2.o(.ARM.exidx) refers to __rtentry2.o(.ARM.Collect$$rtentry$$0000000D) for .ARM.Collect$$rtentry$$0000000D
    __rtentry4.o(.ARM.Collect$$rtentry$$00000004) refers to sys_stackheap_outer.o(.text) for __user_setup_stackheap
    __rtentry4.o(.ARM.exidx) refers to __rtentry4.o(.ARM.Collect$$rtentry$$00000004) for .ARM.Collect$$rtentry$$00000004
    rt_div0.o(.text) refers to defsig_fpe_outer.o(.text) for __rt_SIGFPE
    main.o(i.main) refers to system_lpc17xx.o(i.SystemInit) for SystemInit
    main.o(i.main) refers to uart_polling.o(i.uart_init) for uart_init
    main.o(i.main) refers to printf.o(i.init_printf) for init_printf
    main.o(i.main) refers to ae.o(i.ae_init) for ae_init
    main.o(i.main) refers to uart_polling.o(i.putc) for putc
    main.o(i.main) refers to main.o(.data) for sys
    main.o(i.main) refers to k_rtx_init.o(i.k_pre_rtx_init) for k_pre_rtx_init
    main.o(i.main) refers to main.o(.bss) for tasks
    sys_stackheap_outer.o(.text) refers to libspace.o(.text) for __user_perproc_libspace
    sys_stackheap_outer.o(.text) refers to startup_lpc17xx.o(.text) for __user_initial_stackheap
    exit.o(.text) refers to rtexit.o(.ARM.Collect$$rtexit$$00000000) for __rt_exit
    defsig_fpe_outer.o(.text) refers to defsig_fpe_inner.o(.text) for __rt_SIGFPE_inner
    defsig_fpe_outer.o(.text) refers to defsig_exit.o(.text) for __sig_exit
    defsig_fpe_formal.o(.text) refers to rt_raise.o(.text) for __rt_raise
    libinit.o(.ARM.Collect$$libinit$$00000000) refers (Special) to libinit2.o(.ARM.Collect$$libinit$$0000002E) for __rt_lib_init_alloca_1
    libinit.o(.ARM.Collect$$libinit$$00000000) refers (Special) to libinit2.o(.ARM.Collect$$libinit$$0000002C) for __rt_lib_init_argv_1
    libinit.o(.ARM.Collect$$libinit$$00000000) refers (Special) to libinit2.o(.ARM.Collect$$libinit$$0000001B) for __rt_lib_init_atexit_1
    libinit.o(.ARM.Collect$$libinit$$00000000) refers (Special) to libinit2.o(.ARM.Collect$$libinit$$00000021) for __rt_lib_init_clock_1
    libinit.o(.ARM.Collect$$libinit$$00000000) refers (Special) to libinit2.o(.ARM.Collect$$libinit$$00000032) for __rt_lib_init_cpp_1
    libinit.o(.ARM.Collect$$libinit$$00000000) refers (Special) to libinit2.o(.ARM.Collect$$libinit$$00000030) for __rt_lib_init_exceptions_1
    libinit.o(.ARM.Collect$$libinit$$00000000) refers (Special) to libinit2.o(.ARM.Collect$$libinit$$00000002) for __rt_lib_init_fp_1
    libinit.o(.ARM.Collect$$libinit$$00000000) refers (Special) to libinit2.o(.ARM.Collect$$libinit$$0000001F) for __rt_lib_init_fp_trap_1
    libinit.o(.ARM.Collect$$libinit$$00000000) refers (Special) to libinit2.o(.ARM.Collect$$libinit$$00000023) for __rt_lib_init_getenv_1
    libinit.o(.ARM.Collect$$libinit$$00000000) refers (Special) to libinit2.o(.ARM.Collect$$libinit$$0000000A) for __rt_lib_init_heap_1
    libinit.o(.ARM.Collect$$libinit$$00000000) refers (Special) to libinit2.o(.ARM.Collect$$libinit$$00000011) for __rt_lib_init_lc_collate_1
    libinit.o(.ARM.Collect$$libinit$$00000000) refers (Special) to libinit2.o(.ARM.Collect$$libinit$$00000013) for __rt_lib_init_lc_ctype_1
    libinit.o(.ARM.Collect$$libinit$$00000000) refers (Special) to libinit2.o(.ARM.Collect$$libinit$$00000015) for __rt_lib_init_lc_monetary_1
    libinit.o(.ARM.Collect$$libinit$$00000000) refers (Special) to libinit2.o(.ARM.Collect$$libinit$$00000017) for __rt_lib_init_lc_numeric_1
    libinit.o(.ARM.Collect$$libinit$$00000000) refers (Special) to libinit2.o(.ARM.Collect$$libinit$$00000019) for __rt_lib_init_lc_time_1
    libinit.o(.ARM.Collect$$libinit$$00000000) refers (Special) to libinit2.o(.ARM.Collect$$libinit$$00000004) for __rt_lib_init_preinit_1
    libinit.o(.ARM.Collect$$libinit$$00000000) refers (Special) to libinit2.o(.ARM.Collect$$libinit$$0000000E) for __rt_lib_init_rand_1
    libinit.o(.ARM.Collect$$libinit$$00000000) refers (Special) to libinit2.o(.ARM.Collect$$libinit$$00000033) for __rt_lib_init_return
    libinit.o(.ARM.Collect$$libinit$$00000000) refers (Special) to libinit2.o(.ARM.Collect$$libinit$$0000001D) for __rt_lib_init_signal_1
    libinit.o(.ARM.Collect$$libinit$$00000000) refers (Special) to libinit2.o(.ARM.Collect$$libinit$$00000025) for __rt_lib_init_stdio_1
    libinit.o(.ARM.Collect$$libinit$$00000000) refers (Special) to libinit2.o(.ARM.Collect$$libinit$$0000000C) for __rt_lib_init_user_alloc_1
    ae.o(i.ae_init) refers to ae.o(i.ae_set_sys_info) for ae_set_sys_info
    ae.o(i.ae_init) refers to ae.o(i.ae_set_task_info) for ae_set_task_info
    ae.o(i.ae_set_task_info) refers to ae_tasks.o(i.set_ae_tasks) for set_ae_tasks
    libspace.o(.text) refers to libspace.o(.bss) for __libspace_start
    rtexit.o(.ARM.Collect$$rtexit$$00000000) refers (Special) to rtexit2.o(.ARM.Collect$$rtexit$$00000004) for __rt_exit_exit
    rtexit.o(.ARM.Collect$$rtexit$$00000000) refers (Special) to rtexit2.o(.ARM.Collect$$rtexit$$00000003) for __rt_exit_ls
    rtexit.o(.ARM.Collect$$rtexit$$00000000) refers (Special) to rtexit2.o(.ARM.Collect$$rtexit$$00000002) for __rt_exit_prels_1
    rtexit.o(.ARM.exidx) refers (Special) to rtexit2.o(.ARM.Collect$$rtexit$$00000004) for __rt_exit_exit
    rtexit.o(.ARM.exidx) refers (Special) to rtexit2.o(.ARM.Collect$$rtexit$$00000003) for __rt_exit_ls
    rtexit.o(.ARM.exidx) refers (Special) to rtexit2.o(.ARM.Collect$$rtexit$$00000002) for __rt_exit_prels_1
    rtexit.o(.ARM.exidx) refers to rtexit.o(.ARM.Collect$$rtexit$$00000000) for .ARM.Collect$$rtexit$$00000000
    rt_raise.o(.text) refers to __raise.o(.text) for __raise
    rt_raise.o(.text) refers to sys_exit.o(.text) for _sys_exit
    defsig_exit.o(.text) refers to sys_exit.o(.text) for _sys_exit
    defsig_fpe_inner.o(.text) refers to defsig_general.o(.text) for __default_signal_display
    libinit2.o(.ARM.Collect$$libinit$$00000010) refers to libinit2.o(.ARM.Collect$$libinit$$0000000F) for .ARM.Collect$$libinit$$0000000F
    libinit2.o(.ARM.Collect$$libinit$$00000012) refers to libinit2.o(.ARM.Collect$$libinit$$0000000F) for .ARM.Collect$$libinit$$0000000F
    libinit2.o(.ARM.Collect$$libinit$$00000014) refers to libinit2.o(.ARM.Collect$$libinit$$0000000F) for .ARM.Collect$$libinit$$0000000F
    libinit2.o(.ARM.Collect$$libinit$$00000016) refers to libinit2.o(.ARM.Collect$$libinit$$0000000F) for .ARM.Collect$$libinit$$0000000F
    libinit2.o(.ARM.Collect$$libinit$$00000018) refers to libinit2.o(.ARM.Collect$$libinit$$0000000F) for .ARM.Collect$$libinit$$0000000F
    libinit2.o(.ARM.Collect$$libinit$$00000026) refers to argv_veneer.o(.emb_text) for __ARM_argv_veneer
    libinit2.o(.ARM.Collect$$libinit$$00000027) refers to argv_veneer.o(.emb_text) for __ARM_argv_veneer
    ae_tasks.o(i.priv_task1) refers to printf.o(i.tfp_printf) for tfp_printf
    ae_tasks.o(i.priv_task1) refers to ae_tasks_util.o(i.dump_mbx_info) for dump_mbx_info
    ae_tasks.o(i.priv_task1) refers to ae_tasks_util.o(i.dump_tasks) for dump_tasks
    ae_tasks.o(i.priv_task1) refers to ae_tasks_util.o(i.dump_mailboxes) for dump_mailboxes
    ae_tasks.o(i.priv_task1) refers to uart_polling.o(i.uart_put_char) for uart_put_char
    ae_tasks.o(i.priv_task1) refers to uart_polling.o(i.uart_put_string) for uart_put_string
    ae_tasks.o(i.priv_task1) refers to ae_tasks.o(.conststring) for .conststring
    ae_tasks.o(i.priv_task1) refers to ae_tasks.o(.bss) for g_tasks
    ae_tasks.o(i.priv_task1) refers to ae_tasks.o(i.task2) for task2
    ae_tasks.o(i.set_ae_tasks) refers to ae_tasks.o(i.priv_task1) for priv_task1
    ae_tasks.o(i.set_ae_tasks) refers to ae_tasks.o(i.task1) for task1
    ae_tasks.o(i.task1) refers to printf.o(i.tfp_printf) for tfp_printf
    ae_tasks.o(i.task1) refers to uart_polling.o(i.uart_put_char) for uart_put_char
    ae_tasks.o(i.task1) refers to uart_polling.o(i.uart_put_string) for uart_put_string
    ae_tasks.o(i.task1) refers to ae_tasks.o(.bss) for g_buf1
    ae_tasks.o(i.task2) refers to uart_polling.o(i.uart_put_string) for uart_put_string
    ae_tasks.o(i.task3) refers to uart_polling.o(i.uart_put_string) for uart_put_string
    sys_exit.o(.text) refers (Special) to use_no_semi.o(.text) for __I$use$semihosting
    sys_exit.o(.text) refers (Special) to indicate_semi.o(.text) for __semihosting_library_function
    rtexit2.o(.ARM.Collect$$rtexit$$00000003) refers to libshutdown.o(.ARM.Collect$$libshutdown$$00000000) for __rt_lib_shutdown
    rtexit2.o(.ARM.Collect$$rtexit$$00000004) refers to sys_exit.o(.text) for _sys_exit
    rtexit2.o(.ARM.exidx) refers to rtexit2.o(.ARM.Collect$$rtexit$$00000001) for .ARM.Collect$$rtexit$$00000001
    rtexit2.o(.ARM.exidx) refers to rtexit2.o(.ARM.Collect$$rtexit$$00000003) for .ARM.Collect$$rtexit$$00000003
    rtexit2.o(.ARM.exidx) refers to rtexit2.o(.ARM.Collect$$rtexit$$00000004) for .ARM.Collect$$rtexit$$00000004
    __raise.o(.text) refers to defsig.o(CL$$defsig) for __default_signal_handler
    defsig_general.o(.text) refers to sys_wrch.o(.text) for _ttywrch
    argv_veneer.o(.emb_text) refers to no_argv.o(.text) for __ARM_get_argv
    ae_tasks_util.o(i.dump_mailboxes) refers to printf.o(i.tfp_printf) for tfp_printf
    ae_tasks_util.o(i.dump_mailboxes) refers to ae_tasks_util.o(i.dump_mbx_info) for dump_mbx_info
    ae_tasks_util.o(i.dump_mbx_info) refers to printf.o(i.tfp_printf) for tfp_printf
    ae_tasks_util.o(i.dump_task_info) refers to printf.o(i.tfp_printf) for tfp_printf
    ae_tasks_util.o(i.dump_tasks) refers to ae_tasks_util.o(i.dump_task_info) for dump_task_info
    ae_tasks_util.o(i.dump_tasks) refers to printf.o(i.tfp_printf) for tfp_printf
    sys_wrch.o(.text) refers (Special) to use_no_semi.o(.text) for __I$use$semihosting
    sys_wrch.o(.text) refers (Special) to indicate_semi.o(.text) for __semihosting_library_function
    defsig.o(CL$$defsig) refers to defsig_fpe_inner.o(.text) for __rt_SIGFPE_inner
    defsig.o(CL$$defsig) refers to defsig_rtmem_inner.o(.text) for __rt_SIGRTMEM_inner
    _get_argv_nomalloc.o(.text) refers (Special) to hrguard.o(.text) for __heap_region$guard
    _get_argv_nomalloc.o(.text) refers to defsig_rtmem_outer.o(.text) for __rt_SIGRTMEM
    _get_argv_nomalloc.o(.text) refers to sys_command.o(.text) for _sys_command_string
    libshutdown.o(.ARM.Collect$$libshutdown$$00000000) refers (Special) to libshutdown2.o(.ARM.Collect$$libshutdown$$00000002) for __rt_lib_shutdown_cpp_1
    libshutdown.o(.ARM.Collect$$libshutdown$$00000000) refers (Special) to libshutdown2.o(.ARM.Collect$$libshutdown$$00000007) for __rt_lib_shutdown_fp_trap_1
    libshutdown.o(.ARM.Collect$$libshutdown$$00000000) refers (Special) to libshutdown2.o(.ARM.Collect$$libshutdown$$0000000F) for __rt_lib_shutdown_heap_1
    libshutdown.o(.ARM.Collect$$libshutdown$$00000000) refers (Special) to libshutdown2.o(.ARM.Collect$$libshutdown$$00000010) for __rt_lib_shutdown_return
    libshutdown.o(.ARM.Collect$$libshutdown$$00000000) refers (Special) to libshutdown2.o(.ARM.Collect$$libshutdown$$0000000A) for __rt_lib_shutdown_signal_1
    libshutdown.o(.ARM.Collect$$libshutdown$$00000000) refers (Special) to libshutdown2.o(.ARM.Collect$$libshutdown$$00000004) for __rt_lib_shutdown_stdio_1
    libshutdown.o(.ARM.Collect$$libshutdown$$00000000) refers (Special) to libshutdown2.o(.ARM.Collect$$libshutdown$$0000000C) for __rt_lib_shutdown_user_alloc_1
    sys_command.o(.text) refers (Special) to use_no_semi.o(.text) for __I$use$semihosting
    sys_command.o(.text) refers (Special) to indicate_semi.o(.text) for __semihosting_library_function
    defsig_abrt_inner.o(.text) refers to defsig_general.o(.text) for __default_signal_display
    defsig_rtred_inner.o(.text) refers to defsig_general.o(.text) for __default_signal_display
    defsig_rtmem_inner.o(.text) refers to defsig_general.o(.text) for __default_signal_display
    defsig_rtmem_outer.o(.text) refers to defsig_rtmem_inner.o(.text) for __rt_SIGRTMEM_inner
    defsig_rtmem_outer.o(.text) refers to defsig_exit.o(.text) for __sig_exit
    defsig_rtmem_formal.o(.text) refers to rt_raise.o(.text) for __rt_raise
    defsig_stak_inner.o(.text) refers to defsig_general.o(.text) for __default_signal_display
    defsig_pvfn_inner.o(.text) refers to defsig_general.o(.text) for __default_signal_display
    defsig_cppl_inner.o(.text) refers to defsig_general.o(.text) for __default_signal_display
    defsig_segv_inner.o(.text) refers to defsig_general.o(.text) for __default_signal_display
    defsig_other.o(.text) refers to defsig_general.o(.text) for __default_signal_display


==============================================================================

Removing Unused input sections from the image.

    Removing uart_polling.o(.rev16_text), (4 bytes).
    Removing uart_polling.o(.revsh_text), (4 bytes).
    Removing uart_polling.o(.rrx_text), (6 bytes).
    Removing uart_polling.o(i.uart_get_char), (48 bytes).
    Removing uart_irq.o(.rev16_text), (4 bytes).
    Removing uart_irq.o(.revsh_text), (4 bytes).
    Removing uart_irq.o(.rrx_text), (6 bytes).
    Removing hal.o(.rev16_text), (4 bytes).
    Removing hal.o(.revsh_text), (4 bytes).
    Removing hal.o(.rrx_text), (6 bytes).
    Removing k_mem.o(.rev16_text), (4 bytes).
    Removing k_mem.o(.revsh_text), (4 bytes).
    Removing k_mem.o(.rrx_text), (6 bytes).
    Removing k_mem.o(.constdata), (8 bytes).
    Removing k_msg.o(.rev16_text), (4 bytes).
    Removing k_msg.o(.revsh_text), (4 bytes).
    Removing k_msg.o(.rrx_text), (6 bytes).
    Removing k_rtx_init.o(.rev16_text), (4 bytes).
    Removing k_rtx_init.o(.revsh_text), (4 bytes).
    Removing k_rtx_init.o(.rrx_text), (6 bytes).
    Removing k_rtx_init.o(i.k_get_sys_info), (6 bytes).
    Removing k_task.o(.rev16_text), (4 bytes).
    Removing k_task.o(.revsh_text), (4 bytes).
    Removing k_task.o(.rrx_text), (6 bytes).
    Removing printf.o(i.putcp), (10 bytes).
    Removing printf.o(i.tfp_sprintf), (44 bytes).
    Removing cdisp_task.o(i.task_cdisp), (2 bytes).
    Removing kcd_task.o(i.task_kcd), (2 bytes).
    Removing null_task.o(.rev16_text), (4 bytes).
    Removing null_task.o(.revsh_text), (4 bytes).
    Removing null_task.o(.rrx_text), (6 bytes).
    Removing system_lpc17xx.o(.rev16_text), (4 bytes).
    Removing system_lpc17xx.o(.revsh_text), (4 bytes).
    Removing system_lpc17xx.o(.rrx_text), (6 bytes).
    Removing system_lpc17xx.o(i.SystemCoreClockUpdate), (424 bytes).
    Removing system_lpc17xx.o(.data), (4 bytes).
    Removing main.o(.rev16_text), (4 bytes).
    Removing main.o(.revsh_text), (4 bytes).
    Removing ae_tasks.o(i.task3), (36 bytes).

39 unused section(s) (total 718 bytes) removed from the image.

==============================================================================

Image Symbol Table

    Local Symbols

    Symbol Name                              Value     Ov Type        Size  Object(Section)

    RESET                                    0x00000000   Section      204  startup_lpc17xx.o(RESET)
    ../clib/angel/boardlib.s                 0x00000000   Number         0  boardinit1.o ABSOLUTE
    ../clib/angel/boardlib.s                 0x00000000   Number         0  boardinit2.o ABSOLUTE
    ../clib/angel/boardlib.s                 0x00000000   Number         0  boardinit3.o ABSOLUTE
    ../clib/angel/boardlib.s                 0x00000000   Number         0  boardshut.o ABSOLUTE
    ../clib/angel/handlers.s                 0x00000000   Number         0  __scatter_copy.o ABSOLUTE
    ../clib/angel/handlers.s                 0x00000000   Number         0  __scatter_zi.o ABSOLUTE
    ../clib/angel/kernel.s                   0x00000000   Number         0  __rtentry4.o ABSOLUTE
    ../clib/angel/kernel.s                   0x00000000   Number         0  rtexit2.o ABSOLUTE
    ../clib/angel/kernel.s                   0x00000000   Number         0  __rtentry.o ABSOLUTE
    ../clib/angel/kernel.s                   0x00000000   Number         0  __rtentry2.o ABSOLUTE
    ../clib/angel/kernel.s                   0x00000000   Number         0  rtexit.o ABSOLUTE
    ../clib/angel/rt.s                       0x00000000   Number         0  rt_div0.o ABSOLUTE
    ../clib/angel/rt.s                       0x00000000   Number         0  aeabi_ldiv0_sigfpe.o ABSOLUTE
    ../clib/angel/rt.s                       0x00000000   Number         0  rt_raise.o ABSOLUTE
    ../clib/angel/rt.s                       0x00000000   Number         0  aeabi_ldiv0.o ABSOLUTE
    ../clib/angel/scatter.s                  0x00000000   Number         0  __scatter.o ABSOLUTE
    ../clib/angel/startup.s                  0x00000000   Number         0  __main.o ABSOLUTE
    ../clib/angel/sys.s                      0x00000000   Number         0  sys_stackheap_outer.o ABSOLUTE
    ../clib/angel/sys.s                      0x00000000   Number         0  use_no_semi.o ABSOLUTE
    ../clib/angel/sys.s                      0x00000000   Number         0  indicate_semi.o ABSOLUTE
    ../clib/angel/sys.s                      0x00000000   Number         0  libspace.o ABSOLUTE
    ../clib/angel/sysapp.c                   0x00000000   Number         0  sys_exit.o ABSOLUTE
    ../clib/angel/sysapp.c                   0x00000000   Number         0  sys_wrch.o ABSOLUTE
    ../clib/angel/sysapp.c                   0x00000000   Number         0  sys_command.o ABSOLUTE
    ../clib/armsys.c                         0x00000000   Number         0  argv_veneer.o ABSOLUTE
    ../clib/armsys.c                         0x00000000   Number         0  _get_argv_nomalloc.o ABSOLUTE
    ../clib/armsys.c                         0x00000000   Number         0  no_argv.o ABSOLUTE
    ../clib/armsys.c                         0x00000000   Number         0  argv_veneer.o ABSOLUTE
    ../clib/heapalloc.c                      0x00000000   Number         0  hrguard.o ABSOLUTE
    ../clib/heapaux.c                        0x00000000   Number         0  heapauxi.o ABSOLUTE
    ../clib/libinit.s                        0x00000000   Number         0  libshutdown.o ABSOLUTE
    ../clib/libinit.s                        0x00000000   Number         0  libshutdown2.o ABSOLUTE
    ../clib/libinit.s                        0x00000000   Number         0  libinit2.o ABSOLUTE
    ../clib/libinit.s                        0x00000000   Number         0  libinit.o ABSOLUTE
    ../clib/longlong.s                       0x00000000   Number         0  lludivv7m.o ABSOLUTE
    ../clib/signal.c                         0x00000000   Number         0  defsig_fpe_inner.o ABSOLUTE
    ../clib/signal.c                         0x00000000   Number         0  defsig_stak_inner.o ABSOLUTE
    ../clib/signal.c                         0x00000000   Number         0  defsig_general.o ABSOLUTE
    ../clib/signal.c                         0x00000000   Number         0  __raise.o ABSOLUTE
    ../clib/signal.c                         0x00000000   Number         0  defsig_segv_inner.o ABSOLUTE
    ../clib/signal.c                         0x00000000   Number         0  defsig_rtmem_formal.o ABSOLUTE
    ../clib/signal.c                         0x00000000   Number         0  defsig_cppl_inner.o ABSOLUTE
    ../clib/signal.c                         0x00000000   Number         0  defsig_pvfn_inner.o ABSOLUTE
    ../clib/signal.c                         0x00000000   Number         0  defsig_rtmem_outer.o ABSOLUTE
    ../clib/signal.c                         0x00000000   Number         0  defsig_rtmem_inner.o ABSOLUTE
    ../clib/signal.c                         0x00000000   Number         0  defsig_rtred_inner.o ABSOLUTE
    ../clib/signal.c                         0x00000000   Number         0  defsig_fpe_formal.o ABSOLUTE
    ../clib/signal.c                         0x00000000   Number         0  defsig_fpe_outer.o ABSOLUTE
    ../clib/signal.c                         0x00000000   Number         0  defsig_abrt_inner.o ABSOLUTE
    ../clib/signal.c                         0x00000000   Number         0  defsig_other.o ABSOLUTE
    ../clib/signal.c                         0x00000000   Number         0  defsig_exit.o ABSOLUTE
    ../clib/signal.s                         0x00000000   Number         0  defsig.o ABSOLUTE
    ../clib/stdlib.c                         0x00000000   Number         0  exit.o ABSOLUTE
    ../fplib/fpinit.s                        0x00000000   Number         0  fpinit.o ABSOLUTE
    RTE\Device\LPC1768\startup_LPC17xx.s     0x00000000   Number         0  startup_lpc17xx.o ABSOLUTE
    RTE\Device\LPC1768\system_LPC17xx.c      0x00000000   Number         0  system_lpc17xx.o ABSOLUTE
    RTE\\Device\\LPC1768\\system_LPC17xx.c   0x00000000   Number         0  system_lpc17xx.o ABSOLUTE
    dc.s                                     0x00000000   Number         0  dc.o ABSOLUTE
    src\\bsp\\LPC1768\\uart_irq.c            0x00000000   Number         0  uart_irq.o ABSOLUTE
    src\\bsp\\LPC1768\\uart_polling.c        0x00000000   Number         0  uart_polling.o ABSOLUTE
    src\\kernel\\HAL.c                       0x00000000   Number         0  hal.o ABSOLUTE
    src\\kernel\\k_mem.c                     0x00000000   Number         0  k_mem.o ABSOLUTE
    src\\kernel\\k_msg.c                     0x00000000   Number         0  k_msg.o ABSOLUTE
    src\\kernel\\k_rtx_init.c                0x00000000   Number         0  k_rtx_init.o ABSOLUTE
    src\\kernel\\k_task.c                    0x00000000   Number         0  k_task.o ABSOLUTE
    src\\main.c                              0x00000000   Number         0  main.o ABSOLUTE
    src\\tasks\\null_task.c                  0x00000000   Number         0  null_task.o ABSOLUTE
    src\ae\ae.c                              0x00000000   Number         0  ae.o ABSOLUTE
    src\ae\ae_tasks.c                        0x00000000   Number         0  ae_tasks.o ABSOLUTE
    src\ae\ae_tasks_util.c                   0x00000000   Number         0  ae_tasks_util.o ABSOLUTE
    src\bsp\LPC1768\uart_irq.c               0x00000000   Number         0  uart_irq.o ABSOLUTE
    src\bsp\LPC1768\uart_polling.c           0x00000000   Number         0  uart_polling.o ABSOLUTE
    src\kernel\HAL.c                         0x00000000   Number         0  hal.o ABSOLUTE
    src\kernel\k_mem.c                       0x00000000   Number         0  k_mem.o ABSOLUTE
    src\kernel\k_msg.c                       0x00000000   Number         0  k_msg.o ABSOLUTE
    src\kernel\k_rtx_init.c                  0x00000000   Number         0  k_rtx_init.o ABSOLUTE
    src\kernel\k_task.c                      0x00000000   Number         0  k_task.o ABSOLUTE
    src\libu\printf.c                        0x00000000   Number         0  printf.o ABSOLUTE
    src\main.c                               0x00000000   Number         0  main.o ABSOLUTE
    src\tasks\cdisp_task.c                   0x00000000   Number         0  cdisp_task.o ABSOLUTE
    src\tasks\kcd_task.c                     0x00000000   Number         0  kcd_task.o ABSOLUTE
    src\tasks\null_task.c                    0x00000000   Number         0  null_task.o ABSOLUTE
    !!!main                                  0x000000cc   Section        8  __main.o(!!!main)
    !!!scatter                               0x000000d4   Section       52  __scatter.o(!!!scatter)
    !!handler_copy                           0x00000108   Section       26  __scatter_copy.o(!!handler_copy)
    !!handler_zi                             0x00000124   Section       28  __scatter_zi.o(!!handler_zi)
    .ARM.Collect$$libinit$$00000000          0x00000140   Section        2  libinit.o(.ARM.Collect$$libinit$$00000000)
    .ARM.Collect$$libinit$$00000002          0x00000142   Section        0  libinit2.o(.ARM.Collect$$libinit$$00000002)
    .ARM.Collect$$libinit$$00000004          0x00000142   Section        0  libinit2.o(.ARM.Collect$$libinit$$00000004)
    .ARM.Collect$$libinit$$0000000A          0x00000142   Section        0  libinit2.o(.ARM.Collect$$libinit$$0000000A)
    .ARM.Collect$$libinit$$0000000C          0x00000142   Section        0  libinit2.o(.ARM.Collect$$libinit$$0000000C)
    .ARM.Collect$$libinit$$0000000E          0x00000142   Section        0  libinit2.o(.ARM.Collect$$libinit$$0000000E)
    .ARM.Collect$$libinit$$00000011          0x00000142   Section        0  libinit2.o(.ARM.Collect$$libinit$$00000011)
    .ARM.Collect$$libinit$$00000013          0x00000142   Section        0  libinit2.o(.ARM.Collect$$libinit$$00000013)
    .ARM.Collect$$libinit$$00000015          0x00000142   Section        0  libinit2.o(.ARM.Collect$$libinit$$00000015)
    .ARM.Collect$$libinit$$00000017          0x00000142   Section        0  libinit2.o(.ARM.Collect$$libinit$$00000017)
    .ARM.Collect$$libinit$$00000019          0x00000142   Section        0  libinit2.o(.ARM.Collect$$libinit$$00000019)
    .ARM.Collect$$libinit$$0000001B          0x00000142   Section        0  libinit2.o(.ARM.Collect$$libinit$$0000001B)
    .ARM.Collect$$libinit$$0000001D          0x00000142   Section        0  libinit2.o(.ARM.Collect$$libinit$$0000001D)
    .ARM.Collect$$libinit$$0000001F          0x00000142   Section        0  libinit2.o(.ARM.Collect$$libinit$$0000001F)
    .ARM.Collect$$libinit$$00000021          0x00000142   Section        0  libinit2.o(.ARM.Collect$$libinit$$00000021)
    .ARM.Collect$$libinit$$00000023          0x00000142   Section        0  libinit2.o(.ARM.Collect$$libinit$$00000023)
    .ARM.Collect$$libinit$$00000025          0x00000142   Section        0  libinit2.o(.ARM.Collect$$libinit$$00000025)
    .ARM.Collect$$libinit$$0000002C          0x00000142   Section        0  libinit2.o(.ARM.Collect$$libinit$$0000002C)
    .ARM.Collect$$libinit$$0000002E          0x00000142   Section        0  libinit2.o(.ARM.Collect$$libinit$$0000002E)
    .ARM.Collect$$libinit$$00000030          0x00000142   Section        0  libinit2.o(.ARM.Collect$$libinit$$00000030)
    .ARM.Collect$$libinit$$00000032          0x00000142   Section        0  libinit2.o(.ARM.Collect$$libinit$$00000032)
    .ARM.Collect$$libinit$$00000033          0x00000142   Section        2  libinit2.o(.ARM.Collect$$libinit$$00000033)
    .ARM.Collect$$libshutdown$$00000000      0x00000144   Section        2  libshutdown.o(.ARM.Collect$$libshutdown$$00000000)
    .ARM.Collect$$libshutdown$$00000002      0x00000146   Section        0  libshutdown2.o(.ARM.Collect$$libshutdown$$00000002)
    .ARM.Collect$$libshutdown$$00000004      0x00000146   Section        0  libshutdown2.o(.ARM.Collect$$libshutdown$$00000004)
    .ARM.Collect$$libshutdown$$00000007      0x00000146   Section        0  libshutdown2.o(.ARM.Collect$$libshutdown$$00000007)
    .ARM.Collect$$libshutdown$$0000000A      0x00000146   Section        0  libshutdown2.o(.ARM.Collect$$libshutdown$$0000000A)
    .ARM.Collect$$libshutdown$$0000000C      0x00000146   Section        0  libshutdown2.o(.ARM.Collect$$libshutdown$$0000000C)
    .ARM.Collect$$libshutdown$$0000000F      0x00000146   Section        0  libshutdown2.o(.ARM.Collect$$libshutdown$$0000000F)
    .ARM.Collect$$libshutdown$$00000010      0x00000146   Section        2  libshutdown2.o(.ARM.Collect$$libshutdown$$00000010)
    .ARM.Collect$$rtentry$$00000000          0x00000148   Section        0  __rtentry.o(.ARM.Collect$$rtentry$$00000000)
    .ARM.Collect$$rtentry$$00000002          0x00000148   Section        0  __rtentry2.o(.ARM.Collect$$rtentry$$00000002)
    .ARM.Collect$$rtentry$$00000004          0x00000148   Section        6  __rtentry4.o(.ARM.Collect$$rtentry$$00000004)
    .ARM.Collect$$rtentry$$00000009          0x0000014e   Section        0  __rtentry2.o(.ARM.Collect$$rtentry$$00000009)
    .ARM.Collect$$rtentry$$0000000A          0x0000014e   Section        4  __rtentry2.o(.ARM.Collect$$rtentry$$0000000A)
    .ARM.Collect$$rtentry$$0000000C          0x00000152   Section        0  __rtentry2.o(.ARM.Collect$$rtentry$$0000000C)
    .ARM.Collect$$rtentry$$0000000D          0x00000152   Section        8  __rtentry2.o(.ARM.Collect$$rtentry$$0000000D)
    .ARM.Collect$$rtexit$$00000000           0x0000015a   Section        2  rtexit.o(.ARM.Collect$$rtexit$$00000000)
    .ARM.Collect$$rtexit$$00000002           0x0000015c   Section        0  rtexit2.o(.ARM.Collect$$rtexit$$00000002)
    .ARM.Collect$$rtexit$$00000003           0x0000015c   Section        4  rtexit2.o(.ARM.Collect$$rtexit$$00000003)
    .ARM.Collect$$rtexit$$00000004           0x00000160   Section        6  rtexit2.o(.ARM.Collect$$rtexit$$00000004)
    .emb_text                                0x00000168   Section        8  hal.o(.emb_text)
    .emb_text                                0x00000170   Section       50  k_task.o(.emb_text)
    .text                                    0x000001a4   Section       60  startup_lpc17xx.o(.text)
    .text                                    0x000001e0   Section        0  heapauxi.o(.text)
    .text                                    0x000001e6   Section       74  sys_stackheap_outer.o(.text)
    .text                                    0x00000230   Section        0  exit.o(.text)
    .text                                    0x00000244   Section        8  libspace.o(.text)
    .text                                    0x0000024c   Section        0  sys_exit.o(.text)
    .text                                    0x00000258   Section        2  use_no_semi.o(.text)
    .text                                    0x0000025a   Section        0  indicate_semi.o(.text)
    i.__NVIC_EnableIRQ                       0x0000025a   Section        0  uart_irq.o(i.__NVIC_EnableIRQ)
    __NVIC_EnableIRQ                         0x0000025b   Thumb Code    34  uart_irq.o(i.__NVIC_EnableIRQ)
    i.a2d                                    0x0000027c   Section        0  printf.o(i.a2d)
    a2d                                      0x0000027d   Thumb Code    50  printf.o(i.a2d)
    i.a2i                                    0x000002ae   Section        0  printf.o(i.a2i)
    a2i                                      0x000002af   Thumb Code    58  printf.o(i.a2i)
    i.init_printf                            0x000002e8   Section        0  printf.o(i.init_printf)
    .ARM.__at_0x02FC                         0x000002fc   Section        4  startup_lpc17xx.o(.ARM.__at_0x02FC)
    i.SVC_Handler                            0x00000300   Section        0  k_task.o(i.SVC_Handler)
    i.SystemInit                             0x00000408   Section        0  system_lpc17xx.o(i.SystemInit)
    i.UART0_IRQHandler                       0x00000548   Section        0  uart_irq.o(i.UART0_IRQHandler)
    i.ae_init                                0x000006c4   Section        0  ae.o(i.ae_init)
    i.ae_set_sys_info                        0x000006f4   Section        0  ae.o(i.ae_set_sys_info)
    i.ae_set_task_info                       0x0000070a   Section        0  ae.o(i.ae_set_task_info)
    i.dump_mailboxes                         0x00000720   Section        0  ae_tasks_util.o(i.dump_mailboxes)
    i.dump_mbx_info                          0x00000764   Section        0  ae_tasks_util.o(i.dump_mbx_info)
    i.dump_task_info                         0x000007d4   Section        0  ae_tasks_util.o(i.dump_task_info)
    i.dump_tasks                             0x00000934   Section        0  ae_tasks_util.o(i.dump_tasks)
    i.i2a                                    0x00000984   Section        0  printf.o(i.i2a)
    i2a                                      0x00000985   Thumb Code    32  printf.o(i.i2a)
    i.k_alloc_k_stack                        0x000009a4   Section        0  k_mem.o(i.k_alloc_k_stack)
    i.k_alloc_p_stack                        0x000009d4   Section        0  k_mem.o(i.k_alloc_p_stack)
    i.k_mbx_create                           0x00000a00   Section        0  k_msg.o(i.k_mbx_create)
    i.k_mbx_get                              0x00000a40   Section        0  k_msg.o(i.k_mbx_get)
    i.k_mbx_ls                               0x00000a64   Section        0  k_msg.o(i.k_mbx_ls)
    i.k_mem_init                             0x00000a98   Section        0  k_mem.o(i.k_mem_init)
    i.k_mpool_alloc                          0x00000af8   Section        0  k_mem.o(i.k_mpool_alloc)
    i.k_mpool_create                         0x00000b40   Section        0  k_mem.o(i.k_mpool_create)
    i.k_mpool_dealloc                        0x00000be4   Section        0  k_mem.o(i.k_mpool_dealloc)
    i.k_mpool_dump                           0x00000c24   Section        0  k_mem.o(i.k_mpool_dump)
    i.k_pre_rtx_init                         0x00000c50   Section        0  k_rtx_init.o(i.k_pre_rtx_init)
    i.k_recv_msg                             0x00000c74   Section        0  k_msg.o(i.k_recv_msg)
    i.k_recv_msg_nb                          0x00000ca8   Section        0  k_msg.o(i.k_recv_msg_nb)
    i.k_rtx_init                             0x00000ce0   Section        0  k_rtx_init.o(i.k_rtx_init)
    i.k_send_msg                             0x00000d18   Section        0  k_msg.o(i.k_send_msg)
    i.k_send_msg_nb                          0x00000d58   Section        0  k_msg.o(i.k_send_msg_nb)
    i.k_tsk_create                           0x00000d9c   Section        0  k_task.o(i.k_tsk_create)
    i.k_tsk_create_new                       0x00000e18   Section        0  k_task.o(i.k_tsk_create_new)
    i.k_tsk_exit                             0x00000ee0   Section        0  k_task.o(i.k_tsk_exit)
    i.k_tsk_get                              0x00000f08   Section        0  k_task.o(i.k_tsk_get)
    i.k_tsk_gettid                           0x00000f98   Section        0  k_task.o(i.k_tsk_gettid)
    i.k_tsk_init                             0x00000fa4   Section        0  k_task.o(i.k_tsk_init)
    i.k_tsk_init_first                       0x00001020   Section        0  k_task.o(i.k_tsk_init_first)
    i.k_tsk_ls                               0x0000103c   Section        0  k_task.o(i.k_tsk_ls)
    i.k_tsk_run_new                          0x00001070   Section        0  k_task.o(i.k_tsk_run_new)
    i.k_tsk_set_prio                         0x000010bc   Section        0  k_task.o(i.k_tsk_set_prio)
    i.k_tsk_yield                            0x00001114   Section        0  k_task.o(i.k_tsk_yield)
    i.main                                   0x0000111c   Section        0  main.o(i.main)
    i.priv_task1                             0x0000117c   Section        0  ae_tasks.o(i.priv_task1)
    i.putc                                   0x000013b8   Section        0  uart_polling.o(i.putc)
    i.putchw                                 0x000013fc   Section        0  printf.o(i.putchw)
    putchw                                   0x000013fd   Thumb Code    82  printf.o(i.putchw)
    i.scheduler                              0x00001450   Section        0  k_task.o(i.scheduler)
    i.set_ae_tasks                           0x0000147c   Section        0  ae_tasks.o(i.set_ae_tasks)
    i.task1                                  0x000014cc   Section        0  ae_tasks.o(i.task1)
    i.task2                                  0x00001644   Section        0  ae_tasks.o(i.task2)
    i.task_null                              0x00001684   Section        0  null_task.o(i.task_null)
    i.tfp_format                             0x000016d4   Section        0  printf.o(i.tfp_format)
    i.tfp_printf                             0x000017fc   Section        0  printf.o(i.tfp_printf)
    i.uart_init                              0x00001828   Section        0  uart_polling.o(i.uart_init)
    i.uart_irq_init                          0x00001894   Section        0  uart_irq.o(i.uart_irq_init)
    i.uart_put_char                          0x00001950   Section        0  uart_polling.o(i.uart_put_char)
    i.uart_put_string                        0x00001984   Section        0  uart_polling.o(i.uart_put_string)
    i.ui2a                                   0x000019aa   Section        0  printf.o(i.ui2a)
    ui2a                                     0x000019ab   Thumb Code    86  printf.o(i.ui2a)
    .conststring                             0x00001a00   Section       72  ae_tasks.o(.conststring)
    .data                                    0x10000000   Section       24  uart_irq.o(.data)
    .data                                    0x10000018   Section        4  k_rtx_init.o(.data)
    .data                                    0x1000001c   Section        8  k_task.o(.data)
    .data                                    0x10000024   Section        8  printf.o(.data)
    stdout_putf                              0x10000024   Data           4  printf.o(.data)
    stdout_putp                              0x10000028   Data           4  printf.o(.data)
    .data                                    0x1000002c   Section        8  main.o(.data)
    sys                                      0x1000002c   Data           8  main.o(.data)
    .bss                                     0x10000038   Section    13824  k_mem.o(.bss)
    .bss                                     0x10003638   Section      256  k_task.o(.bss)
    .bss                                     0x10003738   Section       24  main.o(.bss)
    tasks                                    0x10003738   Data          24  main.o(.bss)
    .bss                                     0x10003750   Section       96  libspace.o(.bss)
    .bss                                     0x100037b0   Section      272  ae_tasks.o(.bss)
    HEAP                                     0x100038c0   Section        0  startup_lpc17xx.o(HEAP)
    STACK                                    0x100038c0   Section      512  startup_lpc17xx.o(STACK)
    Heap_Mem                                 0x100038c0   Data           0  startup_lpc17xx.o(HEAP)
    Stack_Mem                                0x100038c0   Data         512  startup_lpc17xx.o(STACK)
    __initial_sp                             0x10003ac0   Data           0  startup_lpc17xx.o(STACK)

    Global Symbols

    Symbol Name                              Value     Ov Type        Size  Object(Section)

    BuildAttributes$$THM_ISAv4$P$D$K$B$S$PE$A:L22UL41UL21$X:L11$S22US41US21$IEEE1$IW$USESV6$~STKCKD$USESV7$~SHL$OSPACE$ROPI$EBA8$UX$STANDARDLIB$REQ8$PRES8$EABIv2 0x00000000   Number         0  anon$$obj.o ABSOLUTE
    __ARM_use_no_argv                        0x00000000   Number         0  main.o ABSOLUTE
    __Vectors                                0x00000000   Data           4  startup_lpc17xx.o(RESET)
    __ARM_exceptions_init                     - Undefined Weak Reference
    __alloca_initialize                       - Undefined Weak Reference
    __arm_preinit_                            - Undefined Weak Reference
    __cpp_initialize__aeabi_                  - Undefined Weak Reference
    __cxa_finalize                            - Undefined Weak Reference
    __rt_locale                               - Undefined Weak Reference
    __sigvec_lookup                           - Undefined Weak Reference
    _atexit_init                              - Undefined Weak Reference
    _call_atexit_fns                          - Undefined Weak Reference
    _clock_init                               - Undefined Weak Reference
    _fp_trap_init                             - Undefined Weak Reference
    _fp_trap_shutdown                         - Undefined Weak Reference
    _get_lc_collate                           - Undefined Weak Reference
    _get_lc_ctype                             - Undefined Weak Reference
    _get_lc_monetary                          - Undefined Weak Reference
    _get_lc_numeric                           - Undefined Weak Reference
    _get_lc_time                              - Undefined Weak Reference
    _getenv_init                              - Undefined Weak Reference
    _handle_redirection                       - Undefined Weak Reference
    _init_alloc                               - Undefined Weak Reference
    _init_user_alloc                          - Undefined Weak Reference
    _initio                                   - Undefined Weak Reference
    _rand_init                                - Undefined Weak Reference
    _signal_finish                            - Undefined Weak Reference
    _signal_init                              - Undefined Weak Reference
    _terminate_alloc                          - Undefined Weak Reference
    _terminate_user_alloc                     - Undefined Weak Reference
    _terminateio                              - Undefined Weak Reference
    __main                                   0x000000cd   Thumb Code     8  __main.o(!!!main)
    __scatterload                            0x000000d5   Thumb Code     0  __scatter.o(!!!scatter)
    __scatterload_rt2                        0x000000d5   Thumb Code    44  __scatter.o(!!!scatter)
    __scatterload_rt2_thumb_only             0x000000d5   Thumb Code     0  __scatter.o(!!!scatter)
    __scatterload_null                       0x000000e3   Thumb Code     0  __scatter.o(!!!scatter)
    __scatterload_copy                       0x00000109   Thumb Code    26  __scatter_copy.o(!!handler_copy)
    __scatterload_zeroinit                   0x00000125   Thumb Code    28  __scatter_zi.o(!!handler_zi)
    __rt_lib_init                            0x00000141   Thumb Code     0  libinit.o(.ARM.Collect$$libinit$$00000000)
    __rt_lib_init_alloca_1                   0x00000143   Thumb Code     0  libinit2.o(.ARM.Collect$$libinit$$0000002E)
    __rt_lib_init_argv_1                     0x00000143   Thumb Code     0  libinit2.o(.ARM.Collect$$libinit$$0000002C)
    __rt_lib_init_atexit_1                   0x00000143   Thumb Code     0  libinit2.o(.ARM.Collect$$libinit$$0000001B)
    __rt_lib_init_clock_1                    0x00000143   Thumb Code     0  libinit2.o(.ARM.Collect$$libinit$$00000021)
    __rt_lib_init_cpp_1                      0x00000143   Thumb Code     0  libinit2.o(.ARM.Collect$$libinit$$00000032)
    __rt_lib_init_exceptions_1               0x00000143   Thumb Code     0  libinit2.o(.ARM.Collect$$libinit$$00000030)
    __rt_lib_init_fp_1                       0x00000143   Thumb Code     0  libinit2.o(.ARM.Collect$$libinit$$00000002)
    __rt_lib_init_fp_trap_1                  0x00000143   Thumb Code     0  libinit2.o(.ARM.Collect$$libinit$$0000001F)
    __rt_lib_init_getenv_1                   0x00000143   Thumb Code     0  libinit2.o(.ARM.Collect$$libinit$$00000023)
    __rt_lib_init_heap_1                     0x00000143   Thumb Code     0  libinit2.o(.ARM.Collect$$libinit$$0000000A)
    __rt_lib_init_lc_collate_1               0x00000143   Thumb Code     0  libinit2.o(.ARM.Collect$$libinit$$00000011)
    __rt_lib_init_lc_ctype_1                 0x00000143   Thumb Code     0  libinit2.o(.ARM.Collect$$libinit$$00000013)
    __rt_lib_init_lc_monetary_1              0x00000143   Thumb Code     0  libinit2.o(.ARM.Collect$$libinit$$00000015)
    __rt_lib_init_lc_numeric_1               0x00000143   Thumb Code     0  libinit2.o(.ARM.Collect$$libinit$$00000017)
    __rt_lib_init_lc_time_1                  0x00000143   Thumb Code     0  libinit2.o(.ARM.Collect$$libinit$$00000019)
    __rt_lib_init_preinit_1                  0x00000143   Thumb Code     0  libinit2.o(.ARM.Collect$$libinit$$00000004)
    __rt_lib_init_rand_1                     0x00000143   Thumb Code     0  libinit2.o(.ARM.Collect$$libinit$$0000000E)
    __rt_lib_init_return                     0x00000143   Thumb Code     0  libinit2.o(.ARM.Collect$$libinit$$00000033)
    __rt_lib_init_signal_1                   0x00000143   Thumb Code     0  libinit2.o(.ARM.Collect$$libinit$$0000001D)
    __rt_lib_init_stdio_1                    0x00000143   Thumb Code     0  libinit2.o(.ARM.Collect$$libinit$$00000025)
    __rt_lib_init_user_alloc_1               0x00000143   Thumb Code     0  libinit2.o(.ARM.Collect$$libinit$$0000000C)
    __rt_lib_shutdown                        0x00000145   Thumb Code     0  libshutdown.o(.ARM.Collect$$libshutdown$$00000000)
    __rt_lib_shutdown_cpp_1                  0x00000147   Thumb Code     0  libshutdown2.o(.ARM.Collect$$libshutdown$$00000002)
    __rt_lib_shutdown_fp_trap_1              0x00000147   Thumb Code     0  libshutdown2.o(.ARM.Collect$$libshutdown$$00000007)
    __rt_lib_shutdown_heap_1                 0x00000147   Thumb Code     0  libshutdown2.o(.ARM.Collect$$libshutdown$$0000000F)
    __rt_lib_shutdown_return                 0x00000147   Thumb Code     0  libshutdown2.o(.ARM.Collect$$libshutdown$$00000010)
    __rt_lib_shutdown_signal_1               0x00000147   Thumb Code     0  libshutdown2.o(.ARM.Collect$$libshutdown$$0000000A)
    __rt_lib_shutdown_stdio_1                0x00000147   Thumb Code     0  libshutdown2.o(.ARM.Collect$$libshutdown$$00000004)
    __rt_lib_shutdown_user_alloc_1           0x00000147   Thumb Code     0  libshutdown2.o(.ARM.Collect$$libshutdown$$0000000C)
    __rt_entry                               0x00000149   Thumb Code     0  __rtentry.o(.ARM.Collect$$rtentry$$00000000)
    __rt_entry_presh_1                       0x00000149   Thumb Code     0  __rtentry2.o(.ARM.Collect$$rtentry$$00000002)
    __rt_entry_sh                            0x00000149   Thumb Code     0  __rtentry4.o(.ARM.Collect$$rtentry$$00000004)
    __rt_entry_li                            0x0000014f   Thumb Code     0  __rtentry2.o(.ARM.Collect$$rtentry$$0000000A)
    __rt_entry_postsh_1                      0x0000014f   Thumb Code     0  __rtentry2.o(.ARM.Collect$$rtentry$$00000009)
    __rt_entry_main                          0x00000153   Thumb Code     0  __rtentry2.o(.ARM.Collect$$rtentry$$0000000D)
    __rt_entry_postli_1                      0x00000153   Thumb Code     0  __rtentry2.o(.ARM.Collect$$rtentry$$0000000C)
    __rt_exit                                0x0000015b   Thumb Code     0  rtexit.o(.ARM.Collect$$rtexit$$00000000)
    __rt_exit_ls                             0x0000015d   Thumb Code     0  rtexit2.o(.ARM.Collect$$rtexit$$00000003)
    __rt_exit_prels_1                        0x0000015d   Thumb Code     0  rtexit2.o(.ARM.Collect$$rtexit$$00000002)
    __rt_exit_exit                           0x00000161   Thumb Code     0  rtexit2.o(.ARM.Collect$$rtexit$$00000004)
    SVC_RTE                                  0x00000169   Thumb Code     0  hal.o(.emb_text)
    __rte                                    0x00000169   Thumb Code     8  hal.o(.emb_text)
    k_tsk_switch                             0x00000171   Thumb Code    44  k_task.o(.emb_text)
    K_RESTORE                                0x00000183   Thumb Code     0  k_task.o(.emb_text)
    k_tsk_start                              0x000001a1   Thumb Code     2  k_task.o(.emb_text)
    Reset_Handler                            0x000001a5   Thumb Code     8  startup_lpc17xx.o(.text)
    NMI_Handler                              0x000001ad   Thumb Code     2  startup_lpc17xx.o(.text)
    HardFault_Handler                        0x000001af   Thumb Code     2  startup_lpc17xx.o(.text)
    MemManage_Handler                        0x000001b1   Thumb Code     2  startup_lpc17xx.o(.text)
    BusFault_Handler                         0x000001b3   Thumb Code     2  startup_lpc17xx.o(.text)
    UsageFault_Handler                       0x000001b5   Thumb Code     2  startup_lpc17xx.o(.text)
    DebugMon_Handler                         0x000001b9   Thumb Code     2  startup_lpc17xx.o(.text)
    PendSV_Handler                           0x000001bb   Thumb Code     2  startup_lpc17xx.o(.text)
    SysTick_Handler                          0x000001bd   Thumb Code     2  startup_lpc17xx.o(.text)
    ADC_IRQHandler                           0x000001bf   Thumb Code     0  startup_lpc17xx.o(.text)
    BOD_IRQHandler                           0x000001bf   Thumb Code     0  startup_lpc17xx.o(.text)
    CANActivity_IRQHandler                   0x000001bf   Thumb Code     0  startup_lpc17xx.o(.text)
    CAN_IRQHandler                           0x000001bf   Thumb Code     0  startup_lpc17xx.o(.text)
    DMA_IRQHandler                           0x000001bf   Thumb Code     0  startup_lpc17xx.o(.text)
    EINT0_IRQHandler                         0x000001bf   Thumb Code     0  startup_lpc17xx.o(.text)
    EINT1_IRQHandler                         0x000001bf   Thumb Code     0  startup_lpc17xx.o(.text)
    EINT2_IRQHandler                         0x000001bf   Thumb Code     0  startup_lpc17xx.o(.text)
    EINT3_IRQHandler                         0x000001bf   Thumb Code     0  startup_lpc17xx.o(.text)
    ENET_IRQHandler                          0x000001bf   Thumb Code     0  startup_lpc17xx.o(.text)
    I2C0_IRQHandler                          0x000001bf   Thumb Code     0  startup_lpc17xx.o(.text)
    I2C1_IRQHandler                          0x000001bf   Thumb Code     0  startup_lpc17xx.o(.text)
    I2C2_IRQHandler                          0x000001bf   Thumb Code     0  startup_lpc17xx.o(.text)
    I2S_IRQHandler                           0x000001bf   Thumb Code     0  startup_lpc17xx.o(.text)
    MCPWM_IRQHandler                         0x000001bf   Thumb Code     0  startup_lpc17xx.o(.text)
    PLL0_IRQHandler                          0x000001bf   Thumb Code     0  startup_lpc17xx.o(.text)
    PLL1_IRQHandler                          0x000001bf   Thumb Code     0  startup_lpc17xx.o(.text)
    PWM1_IRQHandler                          0x000001bf   Thumb Code     0  startup_lpc17xx.o(.text)
    QEI_IRQHandler                           0x000001bf   Thumb Code     0  startup_lpc17xx.o(.text)
    RIT_IRQHandler                           0x000001bf   Thumb Code     0  startup_lpc17xx.o(.text)
    RTC_IRQHandler                           0x000001bf   Thumb Code     0  startup_lpc17xx.o(.text)
    SPI_IRQHandler                           0x000001bf   Thumb Code     0  startup_lpc17xx.o(.text)
    SSP0_IRQHandler                          0x000001bf   Thumb Code     0  startup_lpc17xx.o(.text)
    SSP1_IRQHandler                          0x000001bf   Thumb Code     0  startup_lpc17xx.o(.text)
    TIMER0_IRQHandler                        0x000001bf   Thumb Code     0  startup_lpc17xx.o(.text)
    TIMER1_IRQHandler                        0x000001bf   Thumb Code     0  startup_lpc17xx.o(.text)
    TIMER2_IRQHandler                        0x000001bf   Thumb Code     0  startup_lpc17xx.o(.text)
    TIMER3_IRQHandler                        0x000001bf   Thumb Code     0  startup_lpc17xx.o(.text)
    UART1_IRQHandler                         0x000001bf   Thumb Code     0  startup_lpc17xx.o(.text)
    UART2_IRQHandler                         0x000001bf   Thumb Code     0  startup_lpc17xx.o(.text)
    UART3_IRQHandler                         0x000001bf   Thumb Code     0  startup_lpc17xx.o(.text)
    USBActivity_IRQHandler                   0x000001bf   Thumb Code     0  startup_lpc17xx.o(.text)
    USB_IRQHandler                           0x000001bf   Thumb Code     0  startup_lpc17xx.o(.text)
    WDT_IRQHandler                           0x000001bf   Thumb Code     0  startup_lpc17xx.o(.text)
    __user_initial_stackheap                 0x000001c1   Thumb Code     0  startup_lpc17xx.o(.text)
    __use_two_region_memory                  0x000001e1   Thumb Code     2  heapauxi.o(.text)
    __rt_heap_escrow$2region                 0x000001e3   Thumb Code     2  heapauxi.o(.text)
    __rt_heap_expand$2region                 0x000001e5   Thumb Code     2  heapauxi.o(.text)
    __user_setup_stackheap                   0x000001e7   Thumb Code    74  sys_stackheap_outer.o(.text)
    exit                                     0x00000231   Thumb Code    18  exit.o(.text)
    __user_libspace                          0x00000245   Thumb Code     8  libspace.o(.text)
    __user_perproc_libspace                  0x00000245   Thumb Code     0  libspace.o(.text)
    __user_perthread_libspace                0x00000245   Thumb Code     0  libspace.o(.text)
    _sys_exit                                0x0000024d   Thumb Code     8  sys_exit.o(.text)
    __I$use$semihosting                      0x00000259   Thumb Code     0  use_no_semi.o(.text)
    __use_no_semihosting_swi                 0x00000259   Thumb Code     2  use_no_semi.o(.text)
    __semihosting_library_function           0x0000025b   Thumb Code     0  indicate_semi.o(.text)
    init_printf                              0x000002e9   Thumb Code    10  printf.o(i.init_printf)
    SVC_Handler                              0x00000301   Thumb Code   264  k_task.o(i.SVC_Handler)
    SystemInit                               0x00000409   Thumb Code   302  system_lpc17xx.o(i.SystemInit)
    UART0_IRQHandler                         0x00000549   Thumb Code   206  uart_irq.o(i.UART0_IRQHandler)
    ae_init                                  0x000006c5   Thumb Code    48  ae.o(i.ae_init)
    ae_set_sys_info                          0x000006f5   Thumb Code    22  ae.o(i.ae_set_sys_info)
    ae_set_task_info                         0x0000070b   Thumb Code    22  ae.o(i.ae_set_task_info)
    dump_mailboxes                           0x00000721   Thumb Code    42  ae_tasks_util.o(i.dump_mailboxes)
    dump_mbx_info                            0x00000765   Thumb Code    42  ae_tasks_util.o(i.dump_mbx_info)
    dump_task_info                           0x000007d5   Thumb Code   104  ae_tasks_util.o(i.dump_task_info)
    dump_tasks                               0x00000935   Thumb Code    56  ae_tasks_util.o(i.dump_tasks)
    k_alloc_k_stack                          0x000009a5   Thumb Code    40  k_mem.o(i.k_alloc_k_stack)
    k_alloc_p_stack                          0x000009d5   Thumb Code    36  k_mem.o(i.k_alloc_p_stack)
    k_mbx_create                             0x00000a01   Thumb Code    20  k_msg.o(i.k_mbx_create)
    k_mbx_get                                0x00000a41   Thumb Code    16  k_msg.o(i.k_mbx_get)
    k_mbx_ls                                 0x00000a65   Thumb Code    20  k_msg.o(i.k_mbx_ls)
    k_mem_init                               0x00000a99   Thumb Code    56  k_mem.o(i.k_mem_init)
    k_mpool_alloc                            0x00000af9   Thumb Code    22  k_mem.o(i.k_mpool_alloc)
    k_mpool_create                           0x00000b41   Thumb Code    78  k_mem.o(i.k_mpool_create)
    k_mpool_dealloc                          0x00000be5   Thumb Code    20  k_mem.o(i.k_mpool_dealloc)
    k_mpool_dump                             0x00000c25   Thumb Code    16  k_mem.o(i.k_mpool_dump)
    k_pre_rtx_init                           0x00000c51   Thumb Code    36  k_rtx_init.o(i.k_pre_rtx_init)
    k_recv_msg                               0x00000c75   Thumb Code    20  k_msg.o(i.k_recv_msg)
    k_recv_msg_nb                            0x00000ca9   Thumb Code    20  k_msg.o(i.k_recv_msg_nb)
    k_rtx_init                               0x00000ce1   Thumb Code    50  k_rtx_init.o(i.k_rtx_init)
    k_send_msg                               0x00000d19   Thumb Code    20  k_msg.o(i.k_send_msg)
    k_send_msg_nb                            0x00000d59   Thumb Code    20  k_msg.o(i.k_send_msg_nb)
    k_tsk_create                             0x00000d9d   Thumb Code    34  k_task.o(i.k_tsk_create)
    k_tsk_create_new                         0x00000e19   Thumb Code   188  k_task.o(i.k_tsk_create_new)
    k_tsk_exit                               0x00000ee1   Thumb Code    10  k_task.o(i.k_tsk_exit)
    k_tsk_get                                0x00000f09   Thumb Code    76  k_task.o(i.k_tsk_get)
    k_tsk_gettid                             0x00000f99   Thumb Code     8  k_task.o(i.k_tsk_gettid)
    k_tsk_init                               0x00000fa5   Thumb Code   110  k_task.o(i.k_tsk_init)
    k_tsk_init_first                         0x00001021   Thumb Code    22  k_task.o(i.k_tsk_init_first)
    k_tsk_ls                                 0x0000103d   Thumb Code    20  k_task.o(i.k_tsk_ls)
    k_tsk_run_new                            0x00001071   Thumb Code    72  k_task.o(i.k_tsk_run_new)
    k_tsk_set_prio                           0x000010bd   Thumb Code    26  k_task.o(i.k_tsk_set_prio)
    k_tsk_yield                              0x00001115   Thumb Code     8  k_task.o(i.k_tsk_yield)
    main                                     0x0000111d   Thumb Code    80  main.o(i.main)
    priv_task1                               0x0000117d   Thumb Code   322  ae_tasks.o(i.priv_task1)
    putc                                     0x000013b9   Thumb Code    28  uart_polling.o(i.putc)
    scheduler                                0x00001451   Thumb Code    32  k_task.o(i.scheduler)
    set_ae_tasks                             0x0000147d   Thumb Code    70  ae_tasks.o(i.set_ae_tasks)
    task1                                    0x000014cd   Thumb Code   212  ae_tasks.o(i.task1)
    task2                                    0x00001645   Thumb Code    42  ae_tasks.o(i.task2)
    task_null                                0x00001685   Thumb Code    28  null_task.o(i.task_null)
    tfp_format                               0x000016d5   Thumb Code   296  printf.o(i.tfp_format)
    tfp_printf                               0x000017fd   Thumb Code    34  printf.o(i.tfp_printf)
    uart_init                                0x00001829   Thumb Code    96  uart_polling.o(i.uart_init)
    uart_irq_init                            0x00001895   Thumb Code   166  uart_irq.o(i.uart_irq_init)
    uart_put_char                            0x00001951   Thumb Code    42  uart_polling.o(i.uart_put_char)
    uart_put_string                          0x00001985   Thumb Code    38  uart_polling.o(i.uart_put_string)
    Region$$Table$$Base                      0x00001a48   Number         0  anon$$obj.o(Region$$Table)
    Region$$Table$$Limit                     0x00001a68   Number         0  anon$$obj.o(Region$$Table)
    g_buffer                                 0x10000000   Data          16  uart_irq.o(.data)
    gp_buffer                                0x10000010   Data           4  uart_irq.o(.data)
    g_send_char                              0x10000014   Data           1  uart_irq.o(.data)
    g_char_in                                0x10000015   Data           1  uart_irq.o(.data)
    g_char_out                               0x10000016   Data           1  uart_irq.o(.data)
    g_switch_flag                            0x10000017   Data           1  uart_irq.o(.data)
    errno                                    0x10000018   Data           4  k_rtx_init.o(.data)
    gp_current_task                          0x1000001c   Data           4  k_task.o(.data)
    g_num_active_tasks                       0x10000020   Data           4  k_task.o(.data)
    g_k_stacks                               0x10000038   Data       12288  k_mem.o(.bss)
    g_p_stacks                               0x10003038   Data        1536  k_mem.o(.bss)
    g_tcbs                                   0x10003638   Data         256  k_task.o(.bss)
    __libspace_start                         0x10003750   Data          96  libspace.o(.bss)
    __temporary_stack_top$libspace           0x100037b0   Data           0  libspace.o(.bss)
    g_buf1                                   0x100037b0   Data         128  ae_tasks.o(.bss)
    g_buf2                                   0x10003830   Data         128  ae_tasks.o(.bss)
    g_tasks                                  0x100038b0   Data          16  ae_tasks.o(.bss)



==============================================================================

Memory Map of the image

  Image Entry point : 0x000000cd

  Load Region LR_IROM1 (Base: 0x00000000, Size: 0x00001a9c, Max: 0x00080000, ABSOLUTE)

    Execution Region ER_IROM1 (Exec base: 0x00000000, Load base: 0x00000000, Size: 0x00001a68, Max: 0x00080000, ABSOLUTE)

    Exec Addr    Load Addr    Size         Type   Attr      Idx    E Section Name        Object

    0x00000000   0x00000000   0x000000cc   Data   RO          617    RESET               startup_lpc17xx.o
    0x000000cc   0x000000cc   0x00000008   Code   RO          667  * !!!main             c_w.l(__main.o)
    0x000000d4   0x000000d4   0x00000034   Code   RO         1012    !!!scatter          c_w.l(__scatter.o)
    0x00000108   0x00000108   0x0000001a   Code   RO         1014    !!handler_copy      c_w.l(__scatter_copy.o)
    0x00000122   0x00000122   0x00000002   PAD
    0x00000124   0x00000124   0x0000001c   Code   RO         1016    !!handler_zi        c_w.l(__scatter_zi.o)
    0x00000140   0x00000140   0x00000002   Code   RO          765    .ARM.Collect$$libinit$$00000000  c_w.l(libinit.o)
    0x00000142   0x00000142   0x00000000   Code   RO          808    .ARM.Collect$$libinit$$00000002  c_w.l(libinit2.o)
    0x00000142   0x00000142   0x00000000   Code   RO          810    .ARM.Collect$$libinit$$00000004  c_w.l(libinit2.o)
    0x00000142   0x00000142   0x00000000   Code   RO          813    .ARM.Collect$$libinit$$0000000A  c_w.l(libinit2.o)
    0x00000142   0x00000142   0x00000000   Code   RO          815    .ARM.Collect$$libinit$$0000000C  c_w.l(libinit2.o)
    0x00000142   0x00000142   0x00000000   Code   RO          817    .ARM.Collect$$libinit$$0000000E  c_w.l(libinit2.o)
    0x00000142   0x00000142   0x00000000   Code   RO          820    .ARM.Collect$$libinit$$00000011  c_w.l(libinit2.o)
    0x00000142   0x00000142   0x00000000   Code   RO          822    .ARM.Collect$$libinit$$00000013  c_w.l(libinit2.o)
    0x00000142   0x00000142   0x00000000   Code   RO          824    .ARM.Collect$$libinit$$00000015  c_w.l(libinit2.o)
    0x00000142   0x00000142   0x00000000   Code   RO          826    .ARM.Collect$$libinit$$00000017  c_w.l(libinit2.o)
    0x00000142   0x00000142   0x00000000   Code   RO          828    .ARM.Collect$$libinit$$00000019  c_w.l(libinit2.o)
    0x00000142   0x00000142   0x00000000   Code   RO          830    .ARM.Collect$$libinit$$0000001B  c_w.l(libinit2.o)
    0x00000142   0x00000142   0x00000000   Code   RO          832    .ARM.Collect$$libinit$$0000001D  c_w.l(libinit2.o)
    0x00000142   0x00000142   0x00000000   Code   RO          834    .ARM.Collect$$libinit$$0000001F  c_w.l(libinit2.o)
    0x00000142   0x00000142   0x00000000   Code   RO          836    .ARM.Collect$$libinit$$00000021  c_w.l(libinit2.o)
    0x00000142   0x00000142   0x00000000   Code   RO          838    .ARM.Collect$$libinit$$00000023  c_w.l(libinit2.o)
    0x00000142   0x00000142   0x00000000   Code   RO          840    .ARM.Collect$$libinit$$00000025  c_w.l(libinit2.o)
    0x00000142   0x00000142   0x00000000   Code   RO          844    .ARM.Collect$$libinit$$0000002C  c_w.l(libinit2.o)
    0x00000142   0x00000142   0x00000000   Code   RO          846    .ARM.Collect$$libinit$$0000002E  c_w.l(libinit2.o)
    0x00000142   0x00000142   0x00000000   Code   RO          848    .ARM.Collect$$libinit$$00000030  c_w.l(libinit2.o)
    0x00000142   0x00000142   0x00000000   Code   RO          850    .ARM.Collect$$libinit$$00000032  c_w.l(libinit2.o)
    0x00000142   0x00000142   0x00000002   Code   RO          851    .ARM.Collect$$libinit$$00000033  c_w.l(libinit2.o)
    0x00000144   0x00000144   0x00000002   Code   RO          969    .ARM.Collect$$libshutdown$$00000000  c_w.l(libshutdown.o)
    0x00000146   0x00000146   0x00000000   Code   RO          995    .ARM.Collect$$libshutdown$$00000002  c_w.l(libshutdown2.o)
    0x00000146   0x00000146   0x00000000   Code   RO          997    .ARM.Collect$$libshutdown$$00000004  c_w.l(libshutdown2.o)
    0x00000146   0x00000146   0x00000000   Code   RO         1000    .ARM.Collect$$libshutdown$$00000007  c_w.l(libshutdown2.o)
    0x00000146   0x00000146   0x00000000   Code   RO         1003    .ARM.Collect$$libshutdown$$0000000A  c_w.l(libshutdown2.o)
    0x00000146   0x00000146   0x00000000   Code   RO         1005    .ARM.Collect$$libshutdown$$0000000C  c_w.l(libshutdown2.o)
    0x00000146   0x00000146   0x00000000   Code   RO         1008    .ARM.Collect$$libshutdown$$0000000F  c_w.l(libshutdown2.o)
    0x00000146   0x00000146   0x00000002   Code   RO         1009    .ARM.Collect$$libshutdown$$00000010  c_w.l(libshutdown2.o)
    0x00000148   0x00000148   0x00000000   Code   RO          669    .ARM.Collect$$rtentry$$00000000  c_w.l(__rtentry.o)
    0x00000148   0x00000148   0x00000000   Code   RO          675    .ARM.Collect$$rtentry$$00000002  c_w.l(__rtentry2.o)
    0x00000148   0x00000148   0x00000006   Code   RO          687    .ARM.Collect$$rtentry$$00000004  c_w.l(__rtentry4.o)
    0x0000014e   0x0000014e   0x00000000   Code   RO          677    .ARM.Collect$$rtentry$$00000009  c_w.l(__rtentry2.o)
    0x0000014e   0x0000014e   0x00000004   Code   RO          678    .ARM.Collect$$rtentry$$0000000A  c_w.l(__rtentry2.o)
    0x00000152   0x00000152   0x00000000   Code   RO          680    .ARM.Collect$$rtentry$$0000000C  c_w.l(__rtentry2.o)
    0x00000152   0x00000152   0x00000008   Code   RO          681    .ARM.Collect$$rtentry$$0000000D  c_w.l(__rtentry2.o)
    0x0000015a   0x0000015a   0x00000002   Code   RO          799    .ARM.Collect$$rtexit$$00000000  c_w.l(rtexit.o)
    0x0000015c   0x0000015c   0x00000000   Code   RO          908    .ARM.Collect$$rtexit$$00000002  c_w.l(rtexit2.o)
    0x0000015c   0x0000015c   0x00000004   Code   RO          909    .ARM.Collect$$rtexit$$00000003  c_w.l(rtexit2.o)
    0x00000160   0x00000160   0x00000006   Code   RO          910    .ARM.Collect$$rtexit$$00000004  c_w.l(rtexit2.o)
    0x00000166   0x00000166   0x00000002   PAD
    0x00000168   0x00000168   0x00000008   Code   RO          174    .emb_text           hal.o
    0x00000170   0x00000170   0x00000032   Code   RO          392    .emb_text           k_task.o
    0x000001a2   0x000001a2   0x00000002   PAD
    0x000001a4   0x000001a4   0x0000003c   Code   RO          619    .text               startup_lpc17xx.o
    0x000001e0   0x000001e0   0x00000006   Code   RO          665    .text               c_w.l(heapauxi.o)
    0x000001e6   0x000001e6   0x0000004a   Code   RO          752    .text               c_w.l(sys_stackheap_outer.o)
    0x00000230   0x00000230   0x00000012   Code   RO          754    .text               c_w.l(exit.o)
    0x00000242   0x00000242   0x00000002   PAD
    0x00000244   0x00000244   0x00000008   Code   RO          796    .text               c_w.l(libspace.o)
    0x0000024c   0x0000024c   0x0000000c   Code   RO          905    .text               c_w.l(sys_exit.o)
    0x00000258   0x00000258   0x00000002   Code   RO          958    .text               c_w.l(use_no_semi.o)
    0x0000025a   0x0000025a   0x00000000   Code   RO          960    .text               c_w.l(indicate_semi.o)
    0x0000025a   0x0000025a   0x00000022   Code   RO           88    i.__NVIC_EnableIRQ  uart_irq.o
    0x0000027c   0x0000027c   0x00000032   Code   RO          501    i.a2d               printf.o
    0x000002ae   0x000002ae   0x0000003a   Code   RO          502    i.a2i               printf.o
    0x000002e8   0x000002e8   0x00000014   Code   RO          504    i.init_printf       printf.o
    0x000002fc   0x000002fc   0x00000004   Code   RO          618    .ARM.__at_0x02FC    startup_lpc17xx.o
    0x00000300   0x00000300   0x00000108   Code   RO          393    i.SVC_Handler       k_task.o
    0x00000408   0x00000408   0x00000140   Code   RO          629    i.SystemInit        system_lpc17xx.o
    0x00000548   0x00000548   0x0000017c   Code   RO           87    i.UART0_IRQHandler  uart_irq.o
    0x000006c4   0x000006c4   0x00000030   Code   RO          766    i.ae_init           ae-lib-sim.lib(ae.o)
    0x000006f4   0x000006f4   0x00000016   Code   RO          767    i.ae_set_sys_info   ae-lib-sim.lib(ae.o)
    0x0000070a   0x0000070a   0x00000016   Code   RO          768    i.ae_set_task_info  ae-lib-sim.lib(ae.o)
    0x00000720   0x00000720   0x00000044   Code   RO          922    i.dump_mailboxes    ae-lib-sim.lib(ae_tasks_util.o)
    0x00000764   0x00000764   0x00000070   Code   RO          923    i.dump_mbx_info     ae-lib-sim.lib(ae_tasks_util.o)
    0x000007d4   0x000007d4   0x00000160   Code   RO          924    i.dump_task_info    ae-lib-sim.lib(ae_tasks_util.o)
    0x00000934   0x00000934   0x00000050   Code   RO          925    i.dump_tasks        ae-lib-sim.lib(ae_tasks_util.o)
    0x00000984   0x00000984   0x00000020   Code   RO          503    i.i2a               printf.o
    0x000009a4   0x000009a4   0x00000030   Code   RO          219    i.k_alloc_k_stack   k_mem.o
    0x000009d4   0x000009d4   0x0000002c   Code   RO          220    i.k_alloc_p_stack   k_mem.o
    0x00000a00   0x00000a00   0x00000040   Code   RO          287    i.k_mbx_create      k_msg.o
    0x00000a40   0x00000a40   0x00000024   Code   RO          288    i.k_mbx_get         k_msg.o
    0x00000a64   0x00000a64   0x00000034   Code   RO          289    i.k_mbx_ls          k_msg.o
    0x00000a98   0x00000a98   0x00000060   Code   RO          221    i.k_mem_init        k_mem.o
    0x00000af8   0x00000af8   0x00000048   Code   RO          222    i.k_mpool_alloc     k_mem.o
    0x00000b40   0x00000b40   0x000000a4   Code   RO          223    i.k_mpool_create    k_mem.o
    0x00000be4   0x00000be4   0x00000040   Code   RO          224    i.k_mpool_dealloc   k_mem.o
    0x00000c24   0x00000c24   0x0000002c   Code   RO          225    i.k_mpool_dump      k_mem.o
    0x00000c50   0x00000c50   0x00000024   Code   RO          348    i.k_pre_rtx_init    k_rtx_init.o
    0x00000c74   0x00000c74   0x00000034   Code   RO          290    i.k_recv_msg        k_msg.o
    0x00000ca8   0x00000ca8   0x00000038   Code   RO          291    i.k_recv_msg_nb     k_msg.o
    0x00000ce0   0x00000ce0   0x00000038   Code   RO          349    i.k_rtx_init        k_rtx_init.o
    0x00000d18   0x00000d18   0x00000040   Code   RO          292    i.k_send_msg        k_msg.o
    0x00000d58   0x00000d58   0x00000044   Code   RO          293    i.k_send_msg_nb     k_msg.o
    0x00000d9c   0x00000d9c   0x0000007c   Code   RO          394    i.k_tsk_create      k_task.o
    0x00000e18   0x00000e18   0x000000c8   Code   RO          395    i.k_tsk_create_new  k_task.o
    0x00000ee0   0x00000ee0   0x00000028   Code   RO          396    i.k_tsk_exit        k_task.o
    0x00000f08   0x00000f08   0x00000090   Code   RO          397    i.k_tsk_get         k_task.o
    0x00000f98   0x00000f98   0x0000000c   Code   RO          398    i.k_tsk_gettid      k_task.o
    0x00000fa4   0x00000fa4   0x0000007c   Code   RO          399    i.k_tsk_init        k_task.o
    0x00001020   0x00001020   0x0000001c   Code   RO          400    i.k_tsk_init_first  k_task.o
    0x0000103c   0x0000103c   0x00000034   Code   RO          401    i.k_tsk_ls          k_task.o
    0x00001070   0x00001070   0x0000004c   Code   RO          402    i.k_tsk_run_new     k_task.o
    0x000010bc   0x000010bc   0x00000058   Code   RO          403    i.k_tsk_set_prio    k_task.o
    0x00001114   0x00001114   0x00000008   Code   RO          404    i.k_tsk_yield       k_task.o
    0x0000111c   0x0000111c   0x00000060   Code   RO          693    i.main              ae-lib-sim.lib(main.o)
    0x0000117c   0x0000117c   0x0000023c   Code   RO          852    i.priv_task1        ae-lib-sim.lib(ae_tasks.o)
    0x000013b8   0x000013b8   0x00000044   Code   RO            4    i.putc              uart_polling.o
    0x000013fc   0x000013fc   0x00000052   Code   RO          505    i.putchw            printf.o
    0x0000144e   0x0000144e   0x00000002   PAD
    0x00001450   0x00001450   0x0000002c   Code   RO          405    i.scheduler         k_task.o
    0x0000147c   0x0000147c   0x00000050   Code   RO          853    i.set_ae_tasks      ae-lib-sim.lib(ae_tasks.o)
    0x000014cc   0x000014cc   0x00000178   Code   RO          854    i.task1             ae-lib-sim.lib(ae_tasks.o)
    0x00001644   0x00001644   0x00000040   Code   RO          855    i.task2             ae-lib-sim.lib(ae_tasks.o)
    0x00001684   0x00001684   0x00000050   Code   RO          584    i.task_null         null_task.o
    0x000016d4   0x000016d4   0x00000128   Code   RO          507    i.tfp_format        printf.o
    0x000017fc   0x000017fc   0x0000002c   Code   RO          508    i.tfp_printf        printf.o
    0x00001828   0x00001828   0x0000006c   Code   RO            6    i.uart_init         uart_polling.o
    0x00001894   0x00001894   0x000000bc   Code   RO           89    i.uart_irq_init     uart_irq.o
    0x00001950   0x00001950   0x00000034   Code   RO            7    i.uart_put_char     uart_polling.o
    0x00001984   0x00001984   0x00000026   Code   RO            8    i.uart_put_string   uart_polling.o
    0x000019aa   0x000019aa   0x00000056   Code   RO          510    i.ui2a              printf.o
    0x00001a00   0x00001a00   0x00000048   Data   RO          858    .conststring        ae-lib-sim.lib(ae_tasks.o)
    0x00001a48   0x00001a48   0x00000020   Data   RO         1010    Region$$Table       anon$$obj.o


    Execution Region RW_IRAM1 (Exec base: 0x10000000, Load base: 0x00001a68, Size: 0x00003ac0, Max: 0x00007000, ABSOLUTE)

    Exec Addr    Load Addr    Size         Type   Attr      Idx    E Section Name        Object

    0x10000000   0x00001a68   0x00000018   Data   RW           90    .data               uart_irq.o
    0x10000018   0x00001a80   0x00000004   Data   RW          350    .data               k_rtx_init.o
    0x1000001c   0x00001a84   0x00000008   Data   RW          407    .data               k_task.o
    0x10000024   0x00001a8c   0x00000008   Data   RW          511    .data               printf.o
    0x1000002c   0x00001a94   0x00000008   Data   RW          695    .data               ae-lib-sim.lib(main.o)
    0x10000034   0x00001a9c   0x00000004   PAD
    0x10000038        -       0x00003600   Zero   RW          226    .bss                k_mem.o
    0x10003638        -       0x00000100   Zero   RW          406    .bss                k_task.o
    0x10003738        -       0x00000018   Zero   RW          694    .bss                ae-lib-sim.lib(main.o)
    0x10003750        -       0x00000060   Zero   RW          797    .bss                c_w.l(libspace.o)
    0x100037b0        -       0x00000110   Zero   RW          857    .bss                ae-lib-sim.lib(ae_tasks.o)
    0x100038c0        -       0x00000000   Zero   RW          616    HEAP                startup_lpc17xx.o
    0x100038c0        -       0x00000200   Zero   RW          615    STACK               startup_lpc17xx.o


==============================================================================

Image component sizes


      Code (inc. data)   RO Data    RW Data    ZI Data      Debug   Object Name

         8          2          0          0          0        324   hal.o
       532        264          0          0      13824       4745   k_mem.o
       392        256          0          0          0       4192   k_msg.o
        92          6          0          4          0       5586   k_rtx_init.o
      1254        356          0          8        256      13467   k_task.o
        80         52          0          0          0        484   null_task.o
       668         20          0          8          0       5620   printf.o
        64         26        204          0        512       1068   startup_lpc17xx.o
       320         18          0          0          0        617   system_lpc17xx.o
       602        196          0         24          0      31922   uart_irq.o
       266         62          0          0          0      24169   uart_polling.o

    ----------------------------------------------------------------------
      4282       1258        236         44      14592      92194   Object Totals
         0          0         32          0          0          0   (incl. Generated)
         4          0          0          0          0          0   (incl. Padding)

    ----------------------------------------------------------------------

      Code (inc. data)   RO Data    RW Data    ZI Data      Debug   Library Member Name

        92          0          0          0          0       4243   ae.o
      1092        446         72          0        272       3616   ae_tasks.o
       612        368          0          0          0       2919   ae_tasks_util.o
        96         16          0          8         24       4211   main.o
         8          0          0          0          0         68   __main.o
         0          0          0          0          0          0   __rtentry.o
        12          0          0          0          0          0   __rtentry2.o
         6          0          0          0          0          0   __rtentry4.o
        52          8          0          0          0          0   __scatter.o
        26          0          0          0          0          0   __scatter_copy.o
        28          0          0          0          0          0   __scatter_zi.o
        18          0          0          0          0         80   exit.o
         6          0          0          0          0        152   heapauxi.o
         0          0          0          0          0          0   indicate_semi.o
         2          0          0          0          0          0   libinit.o
         2          0          0          0          0          0   libinit2.o
         2          0          0          0          0          0   libshutdown.o
         2          0          0          0          0          0   libshutdown2.o
         8          4          0          0         96         68   libspace.o
         2          0          0          0          0          0   rtexit.o
        10          0          0          0          0          0   rtexit2.o
        12          4          0          0          0         68   sys_exit.o
        74          0          0          0          0         80   sys_stackheap_outer.o
         2          0          0          0          0         68   use_no_semi.o

    ----------------------------------------------------------------------
      2170        846         72          8        396      15573   Library Totals
         6          0          0          0          4          0   (incl. Padding)

    ----------------------------------------------------------------------

      Code (inc. data)   RO Data    RW Data    ZI Data      Debug   Library Name

      1892        830         72          8        296      14989   ae-lib-sim.lib
       272         16          0          0         96        584   c_w.l

    ----------------------------------------------------------------------
      2170        846         72          8        396      15573   Library Totals

    ----------------------------------------------------------------------

==============================================================================


      Code (inc. data)   RO Data    RW Data    ZI Data      Debug   

      6452       2104        308         52      14988     104695   Grand Totals
      6452       2104        308         52      14988     104695   ELF Image Totals
      6452       2104        308         52          0          0   ROM Totals

==============================================================================

    Total RO  Size (Code + RO Data)                 6760 (   6.60kB)
    Total RW  Size (RW Data + ZI Data)             15040 (  14.69kB)
    Total ROM Size (Code + RO Data + RW Data)       6812 (   6.65kB)

==============================================================================

