Component: ARM Compiler 5.06 update 6 (build 750) Tool: armlink [4d35ed]

==============================================================================

Section Cross References

    uart_polling.o(i.putc) refers to uart_polling.o(i.uart_put_string) for uart_put_string
    uart_polling.o(i.putc) refers to uart_polling.o(i.uart_put_char) for uart_put_char
    uart_polling.o(i.uart_put_string) refers to uart_polling.o(i.uart_put_char) for uart_put_char
    uart_irq.o(i.UART0_IRQHandler) refers to k_task.o(i.k_tsk_yield) for k_tsk_yield
    uart_irq.o(i.UART0_IRQHandler) refers to uart_irq.o(.data) for g_char_in
    uart_irq.o(i.uart_irq_init) refers to uart_irq.o(i.__NVIC_EnableIRQ) for __NVIC_EnableIRQ
    k_mem.o(i.k_alloc_k_stack) refers to k_rtx_init.o(.data) for errno
    k_mem.o(i.k_alloc_k_stack) refers to k_mem.o(.bss) for g_k_stacks
    k_mem.o(i.k_alloc_p_stack) refers to k_rtx_init.o(.data) for errno
    k_mem.o(i.k_alloc_p_stack) refers to k_mem.o(.bss) for g_p_stacks
    k_mem.o(i.k_mem_init) refers to k_mem.o(i.k_mpool_create) for k_mpool_create
    k_mem.o(i.k_mpool_create) refers to k_rtx_init.o(.data) for errno
    k_rtx_init.o(i.k_pre_rtx_init) refers to k_mem.o(i.k_mem_init) for k_mem_init
    k_rtx_init.o(i.k_pre_rtx_init) refers to k_mem.o(i.k_alloc_p_stack) for k_alloc_p_stack
    k_rtx_init.o(i.k_rtx_init) refers to uart_irq.o(i.uart_irq_init) for uart_irq_init
    k_rtx_init.o(i.k_rtx_init) refers to k_task.o(i.k_tsk_init) for k_tsk_init
    k_rtx_init.o(i.k_rtx_init) refers to k_task.o(.emb_text) for k_tsk_start
    k_rtx_init.o(i.k_rtx_init) refers to k_rtx_init.o(.data) for errno
    k_task.o(.emb_text) refers to k_task.o(.data) for gp_current_task
    k_task.o(i.SVC_Handler) refers to k_rtx_init.o(i.k_rtx_init) for k_rtx_init
    k_task.o(i.SVC_Handler) refers to k_mem.o(i.k_mpool_alloc) for k_mpool_alloc
    k_task.o(i.SVC_Handler) refers to k_mem.o(i.k_mpool_dealloc) for k_mpool_dealloc
    k_task.o(i.SVC_Handler) refers to k_mem.o(i.k_mpool_dump) for k_mpool_dump
    k_task.o(i.SVC_Handler) refers to k_task.o(i.k_tsk_create) for k_tsk_create
    k_task.o(i.SVC_Handler) refers to k_task.o(i.k_tsk_exit) for k_tsk_exit
    k_task.o(i.SVC_Handler) refers to k_task.o(i.k_tsk_yield) for k_tsk_yield
    k_task.o(i.SVC_Handler) refers to k_task.o(i.k_tsk_set_prio) for k_tsk_set_prio
    k_task.o(i.SVC_Handler) refers to k_task.o(i.k_tsk_get) for k_tsk_get
    k_task.o(i.SVC_Handler) refers to k_task.o(i.k_tsk_gettid) for k_tsk_gettid
    k_task.o(i.SVC_Handler) refers to k_task.o(i.k_tsk_ls) for k_tsk_ls
    k_task.o(i.SVC_Handler) refers to k_msg.o(i.k_mbx_create) for k_mbx_create
    k_task.o(i.SVC_Handler) refers to k_msg.o(i.k_send_msg) for k_send_msg
    k_task.o(i.SVC_Handler) refers to k_msg.o(i.k_send_msg_nb) for k_send_msg_nb
    k_task.o(i.SVC_Handler) refers to k_msg.o(i.k_recv_msg) for k_recv_msg
    k_task.o(i.SVC_Handler) refers to k_msg.o(i.k_recv_msg_nb) for k_recv_msg_nb
    k_task.o(i.SVC_Handler) refers to k_msg.o(i.k_mbx_ls) for k_mbx_ls
    k_task.o(i.SVC_Handler) refers to k_msg.o(i.k_mbx_get) for k_mbx_get
    k_task.o(i.k_tsk_create_new) refers to k_mem.o(i.k_alloc_p_stack) for k_alloc_p_stack
    k_task.o(i.k_tsk_create_new) refers to k_mem.o(i.k_alloc_k_stack) for k_alloc_k_stack
    k_task.o(i.k_tsk_create_new) refers to hal.o(.emb_text) for SVC_RTE
    k_task.o(i.k_tsk_gettid) refers to k_task.o(.data) for gp_current_task
    k_task.o(i.k_tsk_init) refers to k_task.o(i.k_tsk_init_first) for k_tsk_init_first
    k_task.o(i.k_tsk_init) refers to k_task.o(i.k_tsk_create_new) for k_tsk_create_new
    k_task.o(i.k_tsk_init) refers to k_task.o(.bss) for g_tcbs
    k_task.o(i.k_tsk_init) refers to k_task.o(.data) for g_num_active_tasks
    k_task.o(i.k_tsk_init_first) refers to null_task.o(i.task_null) for task_null
    k_task.o(i.k_tsk_run_new) refers to k_task.o(i.scheduler) for scheduler
    k_task.o(i.k_tsk_run_new) refers to k_task.o(.emb_text) for k_tsk_switch
    k_task.o(i.k_tsk_run_new) refers to k_task.o(.data) for gp_current_task
    k_task.o(i.k_tsk_yield) refers to k_task.o(i.k_tsk_run_new) for k_tsk_run_new
    k_task.o(i.scheduler) refers to k_task.o(.data) for gp_current_task
    k_task.o(i.scheduler) refers to k_task.o(.bss) for g_tcbs
    printf.o(i.a2i) refers to printf.o(i.a2d) for a2d
    printf.o(i.i2a) refers to printf.o(i.ui2a) for ui2a
    printf.o(i.init_printf) refers to printf.o(.data) for stdout_putf
    printf.o(i.tfp_format) refers to printf.o(i.a2i) for a2i
    printf.o(i.tfp_format) refers to printf.o(i.ui2a) for ui2a
    printf.o(i.tfp_format) refers to printf.o(i.putchw) for putchw
    printf.o(i.tfp_format) refers to printf.o(i.i2a) for i2a
    printf.o(i.tfp_printf) refers to printf.o(i.tfp_format) for tfp_format
    printf.o(i.tfp_printf) refers to printf.o(.data) for stdout_putf
    printf.o(i.tfp_sprintf) refers to printf.o(i.tfp_format) for tfp_format
    printf.o(i.tfp_sprintf) refers to printf.o(i.putcp) for putcp
    startup_lpc17xx.o(STACK) refers (Special) to heapauxi.o(.text) for __use_two_region_memory
    startup_lpc17xx.o(HEAP) refers (Special) to heapauxi.o(.text) for __use_two_region_memory
    startup_lpc17xx.o(RESET) refers (Special) to heapauxi.o(.text) for __use_two_region_memory
    startup_lpc17xx.o(RESET) refers to startup_lpc17xx.o(STACK) for __initial_sp
    startup_lpc17xx.o(RESET) refers to startup_lpc17xx.o(.text) for Reset_Handler
    startup_lpc17xx.o(RESET) refers to ae_util.o(i.HardFault_Handler) for HardFault_Handler
    startup_lpc17xx.o(RESET) refers to k_task.o(i.SVC_Handler) for SVC_Handler
    startup_lpc17xx.o(RESET) refers to uart_irq.o(i.UART0_IRQHandler) for UART0_IRQHandler
    startup_lpc17xx.o(.ARM.__at_0x02FC) refers (Special) to heapauxi.o(.text) for __use_two_region_memory
    startup_lpc17xx.o(.text) refers (Special) to heapauxi.o(.text) for __use_two_region_memory
    startup_lpc17xx.o(.text) refers to system_lpc17xx.o(i.SystemInit) for SystemInit
    startup_lpc17xx.o(.text) refers to __main.o(!!!main) for __main
    startup_lpc17xx.o(.text) refers to startup_lpc17xx.o(HEAP) for Heap_Mem
    startup_lpc17xx.o(.text) refers to startup_lpc17xx.o(STACK) for Stack_Mem
    system_lpc17xx.o(i.SystemCoreClockUpdate) refers to lludivv7m.o(.text) for __aeabi_uldivmod
    system_lpc17xx.o(i.SystemCoreClockUpdate) refers to system_lpc17xx.o(.data) for SystemCoreClock
    __main.o(!!!main) refers to __rtentry.o(.ARM.Collect$$rtentry$$00000000) for __rt_entry
    __rtentry.o(.ARM.Collect$$rtentry$$00000000) refers (Special) to __rtentry2.o(.ARM.Collect$$rtentry$$0000000A) for __rt_entry_li
    __rtentry.o(.ARM.Collect$$rtentry$$00000000) refers (Special) to __rtentry2.o(.ARM.Collect$$rtentry$$0000000D) for __rt_entry_main
    __rtentry.o(.ARM.Collect$$rtentry$$00000000) refers (Special) to __rtentry2.o(.ARM.Collect$$rtentry$$0000000C) for __rt_entry_postli_1
    __rtentry.o(.ARM.Collect$$rtentry$$00000000) refers (Special) to __rtentry2.o(.ARM.Collect$$rtentry$$00000009) for __rt_entry_postsh_1
    __rtentry.o(.ARM.Collect$$rtentry$$00000000) refers (Special) to __rtentry2.o(.ARM.Collect$$rtentry$$00000002) for __rt_entry_presh_1
    __rtentry.o(.ARM.Collect$$rtentry$$00000000) refers (Special) to __rtentry4.o(.ARM.Collect$$rtentry$$00000004) for __rt_entry_sh
    aeabi_ldiv0_sigfpe.o(.text) refers to rt_div0.o(.text) for __rt_div0
    __rtentry2.o(.ARM.Collect$$rtentry$$00000008) refers to boardinit2.o(.text) for _platform_post_stackheap_init
    __rtentry2.o(.ARM.Collect$$rtentry$$0000000A) refers to libinit.o(.ARM.Collect$$libinit$$00000000) for __rt_lib_init
    __rtentry2.o(.ARM.Collect$$rtentry$$0000000B) refers to boardinit3.o(.text) for _platform_post_lib_init
    __rtentry2.o(.ARM.Collect$$rtentry$$0000000D) refers to main.o(i.main) for main
    __rtentry2.o(.ARM.Collect$$rtentry$$0000000D) refers to exit.o(.text) for exit
    __rtentry2.o(.ARM.exidx) refers to __rtentry2.o(.ARM.Collect$$rtentry$$00000001) for .ARM.Collect$$rtentry$$00000001
    __rtentry2.o(.ARM.exidx) refers to __rtentry2.o(.ARM.Collect$$rtentry$$00000008) for .ARM.Collect$$rtentry$$00000008
    __rtentry2.o(.ARM.exidx) refers to __rtentry2.o(.ARM.Collect$$rtentry$$0000000A) for .ARM.Collect$$rtentry$$0000000A
    __rtentry2.o(.ARM.exidx) refers to __rtentry2.o(.ARM.Collect$$rtentry$$0000000B) for .ARM.Collect$$rtentry$$0000000B
    __rtentry2.o(.ARM.exidx) refers to __rtentry2.o(.ARM.Collect$$rtentry$$0000000D) for .ARM.Collect$$rtentry$$0000000D
    __rtentry4.o(.ARM.Collect$$rtentry$$00000004) refers to sys_stackheap_outer.o(.text) for __user_setup_stackheap
    __rtentry4.o(.ARM.exidx) refers to __rtentry4.o(.ARM.Collect$$rtentry$$00000004) for .ARM.Collect$$rtentry$$00000004
    rt_div0.o(.text) refers to defsig_fpe_outer.o(.text) for __rt_SIGFPE
    main.o(i.main) refers to system_lpc17xx.o(i.SystemInit) for SystemInit
    main.o(i.main) refers to uart_polling.o(i.uart_init) for uart_init
    main.o(i.main) refers to printf.o(i.init_printf) for init_printf
    main.o(i.main) refers to ae.o(i.ae_init_new) for ae_init_new
    main.o(i.main) refers to uart_polling.o(i.putc) for putc
    main.o(i.main) refers to main.o(.data) for sys
    main.o(i.main) refers to k_rtx_init.o(i.k_pre_rtx_init) for k_pre_rtx_init
    sys_stackheap_outer.o(.text) refers to libspace.o(.text) for __user_perproc_libspace
    sys_stackheap_outer.o(.text) refers to startup_lpc17xx.o(.text) for __user_initial_stackheap
    exit.o(.text) refers to rtexit.o(.ARM.Collect$$rtexit$$00000000) for __rt_exit
    defsig_fpe_outer.o(.text) refers to defsig_fpe_inner.o(.text) for __rt_SIGFPE_inner
    defsig_fpe_outer.o(.text) refers to defsig_exit.o(.text) for __sig_exit
    defsig_fpe_formal.o(.text) refers to rt_raise.o(.text) for __rt_raise
    libinit.o(.ARM.Collect$$libinit$$00000000) refers (Special) to libinit2.o(.ARM.Collect$$libinit$$0000002E) for __rt_lib_init_alloca_1
    libinit.o(.ARM.Collect$$libinit$$00000000) refers (Special) to libinit2.o(.ARM.Collect$$libinit$$0000002C) for __rt_lib_init_argv_1
    libinit.o(.ARM.Collect$$libinit$$00000000) refers (Special) to libinit2.o(.ARM.Collect$$libinit$$0000001B) for __rt_lib_init_atexit_1
    libinit.o(.ARM.Collect$$libinit$$00000000) refers (Special) to libinit2.o(.ARM.Collect$$libinit$$00000021) for __rt_lib_init_clock_1
    libinit.o(.ARM.Collect$$libinit$$00000000) refers (Special) to libinit2.o(.ARM.Collect$$libinit$$00000032) for __rt_lib_init_cpp_1
    libinit.o(.ARM.Collect$$libinit$$00000000) refers (Special) to libinit2.o(.ARM.Collect$$libinit$$00000030) for __rt_lib_init_exceptions_1
    libinit.o(.ARM.Collect$$libinit$$00000000) refers (Special) to libinit2.o(.ARM.Collect$$libinit$$00000002) for __rt_lib_init_fp_1
    libinit.o(.ARM.Collect$$libinit$$00000000) refers (Special) to libinit2.o(.ARM.Collect$$libinit$$0000001F) for __rt_lib_init_fp_trap_1
    libinit.o(.ARM.Collect$$libinit$$00000000) refers (Special) to libinit2.o(.ARM.Collect$$libinit$$00000023) for __rt_lib_init_getenv_1
    libinit.o(.ARM.Collect$$libinit$$00000000) refers (Special) to libinit2.o(.ARM.Collect$$libinit$$0000000A) for __rt_lib_init_heap_1
    libinit.o(.ARM.Collect$$libinit$$00000000) refers (Special) to libinit2.o(.ARM.Collect$$libinit$$00000011) for __rt_lib_init_lc_collate_1
    libinit.o(.ARM.Collect$$libinit$$00000000) refers (Special) to libinit2.o(.ARM.Collect$$libinit$$00000013) for __rt_lib_init_lc_ctype_1
    libinit.o(.ARM.Collect$$libinit$$00000000) refers (Special) to libinit2.o(.ARM.Collect$$libinit$$00000015) for __rt_lib_init_lc_monetary_1
    libinit.o(.ARM.Collect$$libinit$$00000000) refers (Special) to libinit2.o(.ARM.Collect$$libinit$$00000017) for __rt_lib_init_lc_numeric_1
    libinit.o(.ARM.Collect$$libinit$$00000000) refers (Special) to libinit2.o(.ARM.Collect$$libinit$$00000019) for __rt_lib_init_lc_time_1
    libinit.o(.ARM.Collect$$libinit$$00000000) refers (Special) to libinit2.o(.ARM.Collect$$libinit$$00000004) for __rt_lib_init_preinit_1
    libinit.o(.ARM.Collect$$libinit$$00000000) refers (Special) to libinit2.o(.ARM.Collect$$libinit$$0000000E) for __rt_lib_init_rand_1
    libinit.o(.ARM.Collect$$libinit$$00000000) refers (Special) to libinit2.o(.ARM.Collect$$libinit$$00000033) for __rt_lib_init_return
    libinit.o(.ARM.Collect$$libinit$$00000000) refers (Special) to libinit2.o(.ARM.Collect$$libinit$$0000001D) for __rt_lib_init_signal_1
    libinit.o(.ARM.Collect$$libinit$$00000000) refers (Special) to libinit2.o(.ARM.Collect$$libinit$$00000025) for __rt_lib_init_stdio_1
    libinit.o(.ARM.Collect$$libinit$$00000000) refers (Special) to libinit2.o(.ARM.Collect$$libinit$$0000000C) for __rt_lib_init_user_alloc_1
    ae.o(i.ae_init) refers to ae.o(i.ae_set_sys_info) for ae_set_sys_info
    ae.o(i.ae_init) refers to ae.o(i.ae_set_task_info) for ae_set_task_info
    ae.o(i.ae_init_new) refers to ae.o(i.ae_set_sys_info) for ae_set_sys_info
    ae.o(i.ae_init_new) refers to ae.o(i.ae_set_init_tasks_info) for ae_set_init_tasks_info
    ae.o(i.ae_set_init_tasks_info) refers to ae_tasks300_g99.o(i.set_ae_init_tasks) for set_ae_init_tasks
    ae.o(i.ae_set_task_info) refers to ae_tasks300_g99.o(i.set_ae_tasks) for set_ae_tasks
    libspace.o(.text) refers to libspace.o(.bss) for __libspace_start
    rtexit.o(.ARM.Collect$$rtexit$$00000000) refers (Special) to rtexit2.o(.ARM.Collect$$rtexit$$00000004) for __rt_exit_exit
    rtexit.o(.ARM.Collect$$rtexit$$00000000) refers (Special) to rtexit2.o(.ARM.Collect$$rtexit$$00000003) for __rt_exit_ls
    rtexit.o(.ARM.Collect$$rtexit$$00000000) refers (Special) to rtexit2.o(.ARM.Collect$$rtexit$$00000002) for __rt_exit_prels_1
    rtexit.o(.ARM.exidx) refers (Special) to rtexit2.o(.ARM.Collect$$rtexit$$00000004) for __rt_exit_exit
    rtexit.o(.ARM.exidx) refers (Special) to rtexit2.o(.ARM.Collect$$rtexit$$00000003) for __rt_exit_ls
    rtexit.o(.ARM.exidx) refers (Special) to rtexit2.o(.ARM.Collect$$rtexit$$00000002) for __rt_exit_prels_1
    rtexit.o(.ARM.exidx) refers to rtexit.o(.ARM.Collect$$rtexit$$00000000) for .ARM.Collect$$rtexit$$00000000
    rt_raise.o(.text) refers to __raise.o(.text) for __raise
    rt_raise.o(.text) refers to sys_exit.o(.text) for _sys_exit
    defsig_exit.o(.text) refers to sys_exit.o(.text) for _sys_exit
    defsig_fpe_inner.o(.text) refers to defsig_general.o(.text) for __default_signal_display
    libinit2.o(.ARM.Collect$$libinit$$00000010) refers to libinit2.o(.ARM.Collect$$libinit$$0000000F) for .ARM.Collect$$libinit$$0000000F
    libinit2.o(.ARM.Collect$$libinit$$00000012) refers to libinit2.o(.ARM.Collect$$libinit$$0000000F) for .ARM.Collect$$libinit$$0000000F
    libinit2.o(.ARM.Collect$$libinit$$00000014) refers to libinit2.o(.ARM.Collect$$libinit$$0000000F) for .ARM.Collect$$libinit$$0000000F
    libinit2.o(.ARM.Collect$$libinit$$00000016) refers to libinit2.o(.ARM.Collect$$libinit$$0000000F) for .ARM.Collect$$libinit$$0000000F
    libinit2.o(.ARM.Collect$$libinit$$00000018) refers to libinit2.o(.ARM.Collect$$libinit$$0000000F) for .ARM.Collect$$libinit$$0000000F
    libinit2.o(.ARM.Collect$$libinit$$00000026) refers to argv_veneer.o(.emb_text) for __ARM_argv_veneer
    libinit2.o(.ARM.Collect$$libinit$$00000027) refers to argv_veneer.o(.emb_text) for __ARM_argv_veneer
    ae_tasks300_g99.o(i.gen_req0) refers to ae_tasks300_g99.o(i.update_ae_xtest) for update_ae_xtest
    ae_tasks300_g99.o(i.gen_req0) refers to ae_tasks300_g99.o(.bss) for g_tsk_cases
    ae_tasks300_g99.o(i.gen_req1) refers to ae_tasks300_g99.o(i.update_ae_xtest) for update_ae_xtest
    ae_tasks300_g99.o(i.gen_req1) refers to ae_tasks300_g99.o(.bss) for g_tsk_cases
    ae_tasks300_g99.o(i.init_ae_tsk_test) refers to printf.o(i.tfp_printf) for tfp_printf
    ae_tasks300_g99.o(i.init_ae_tsk_test) refers to ae_tasks300_g99.o(.bss) for g_ae_xtest
    ae_tasks300_g99.o(i.init_ae_tsk_test) refers to ae_tasks300_g99.o(.constdata) for PREFIX
    ae_tasks300_g99.o(i.set_ae_init_tasks) refers to ae_tasks300_g99.o(i.set_ae_tasks) for set_ae_tasks
    ae_tasks300_g99.o(i.set_ae_init_tasks) refers to ae_tasks300_g99.o(.bss) for g_init_tasks
    ae_tasks300_g99.o(i.set_ae_tasks) refers to ae_tasks300_g99.o(i.init_ae_tsk_test) for init_ae_tsk_test
    ae_tasks300_g99.o(i.set_ae_tasks) refers to ae_tasks300_g99.o(i.task0) for task0
    ae_tasks300_g99.o(i.task0) refers to printf.o(i.tfp_printf) for tfp_printf
    ae_tasks300_g99.o(i.task0) refers to ae_tasks300_g99.o(i.update_exec_seq) for update_exec_seq
    ae_tasks300_g99.o(i.task0) refers to ae_tasks300_g99.o(i.test0_start) for test0_start
    ae_tasks300_g99.o(i.task0) refers to ae_util.o(i.test_exit) for test_exit
    ae_tasks300_g99.o(i.task0) refers to printf.o(i.tfp_sprintf) for tfp_sprintf
    ae_tasks300_g99.o(i.task0) refers to ae_util.o(i.process_sub_result) for process_sub_result
    ae_tasks300_g99.o(i.task0) refers to ae_util.o(i.strcpy) for strcpy
    ae_tasks300_g99.o(i.task0) refers to ae_tasks300_g99.o(i.test1_start) for test1_start
    ae_tasks300_g99.o(i.task0) refers to ae_tasks300_g99.o(.bss) for g_tids
    ae_tasks300_g99.o(i.task0) refers to ae_tasks300_g99.o(.constdata) for PREFIX_LOG2
    ae_tasks300_g99.o(i.task0) refers to ae_tasks300_g99.o(.conststring) for .conststring
    ae_tasks300_g99.o(i.task1) refers to printf.o(i.tfp_printf) for tfp_printf
    ae_tasks300_g99.o(i.task1) refers to ae_tasks300_g99.o(i.update_exec_seq) for update_exec_seq
    ae_tasks300_g99.o(i.task1) refers to printf.o(i.tfp_sprintf) for tfp_sprintf
    ae_tasks300_g99.o(i.task1) refers to ae_util.o(i.process_sub_result) for process_sub_result
    ae_tasks300_g99.o(i.task1) refers to ae_util.o(i.test_exit) for test_exit
    ae_tasks300_g99.o(i.task1) refers to ae_util.o(i.strcpy) for strcpy
    ae_tasks300_g99.o(i.task1) refers to ae_tasks300_g99.o(i.test1_start) for test1_start
    ae_tasks300_g99.o(i.task1) refers to ae_tasks300_g99.o(.bss) for g_ae_xtest
    ae_tasks300_g99.o(i.task1) refers to ae_tasks300_g99.o(.constdata) for PREFIX_LOG2
    ae_tasks300_g99.o(i.task1) refers to ae_tasks300_g99.o(.conststring) for .conststring
    ae_tasks300_g99.o(i.task2) refers to printf.o(i.tfp_printf) for tfp_printf
    ae_tasks300_g99.o(i.task2) refers to ae_tasks300_g99.o(i.update_exec_seq) for update_exec_seq
    ae_tasks300_g99.o(i.task2) refers to printf.o(i.tfp_sprintf) for tfp_sprintf
    ae_tasks300_g99.o(i.task2) refers to ae_util.o(i.process_sub_result) for process_sub_result
    ae_tasks300_g99.o(i.task2) refers to ae_util.o(i.strcpy) for strcpy
    ae_tasks300_g99.o(i.task2) refers to ae_tasks300_g99.o(.bss) for g_ae_xtest
    ae_tasks300_g99.o(i.task2) refers to ae_tasks300_g99.o(.constdata) for PREFIX_LOG2
    ae_tasks300_g99.o(i.test0_start) refers to ae_tasks300_g99.o(i.gen_req0) for gen_req0
    ae_tasks300_g99.o(i.test0_start) refers to ae_util.o(i.strcpy) for strcpy
    ae_tasks300_g99.o(i.test0_start) refers to ae_util.o(i.process_sub_result) for process_sub_result
    ae_tasks300_g99.o(i.test0_start) refers to ae_util.o(i.test_exit) for test_exit
    ae_tasks300_g99.o(i.test0_start) refers to printf.o(i.tfp_sprintf) for tfp_sprintf
    ae_tasks300_g99.o(i.test0_start) refers to ae_tasks300_g99.o(.bss) for g_ae_xtest
    ae_tasks300_g99.o(i.test0_start) refers to ae_tasks300_g99.o(i.task1) for task1
    ae_tasks300_g99.o(i.test0_start) refers to ae_tasks300_g99.o(i.task2) for task2
    ae_tasks300_g99.o(i.test1_start) refers to ae_tasks300_g99.o(i.gen_req1) for gen_req1
    ae_tasks300_g99.o(i.test1_start) refers to printf.o(i.tfp_printf) for tfp_printf
    ae_tasks300_g99.o(i.test1_start) refers to ae_util.o(i.strcpy) for strcpy
    ae_tasks300_g99.o(i.test1_start) refers to ae_util.o(i.process_sub_result) for process_sub_result
    ae_tasks300_g99.o(i.test1_start) refers to printf.o(i.tfp_sprintf) for tfp_sprintf
    ae_tasks300_g99.o(i.test1_start) refers to ae_util.o(i.test_exit) for test_exit
    ae_tasks300_g99.o(i.test1_start) refers to ae_tasks300_g99.o(.bss) for g_tsk_cases
    ae_tasks300_g99.o(i.test1_start) refers to ae_tasks300_g99.o(.constdata) for PREFIX_LOG
    ae_tasks300_g99.o(i.update_ae_xtest) refers to ae_tasks300_g99.o(.bss) for g_ae_xtest
    ae_tasks300_g99.o(i.update_exec_seq) refers to ae_tasks300_g99.o(.bss) for g_tsk_cases
    sys_exit.o(.text) refers (Special) to use_no_semi.o(.text) for __I$use$semihosting
    sys_exit.o(.text) refers (Special) to indicate_semi.o(.text) for __semihosting_library_function
    rtexit2.o(.ARM.Collect$$rtexit$$00000003) refers to libshutdown.o(.ARM.Collect$$libshutdown$$00000000) for __rt_lib_shutdown
    rtexit2.o(.ARM.Collect$$rtexit$$00000004) refers to sys_exit.o(.text) for _sys_exit
    rtexit2.o(.ARM.exidx) refers to rtexit2.o(.ARM.Collect$$rtexit$$00000001) for .ARM.Collect$$rtexit$$00000001
    rtexit2.o(.ARM.exidx) refers to rtexit2.o(.ARM.Collect$$rtexit$$00000003) for .ARM.Collect$$rtexit$$00000003
    rtexit2.o(.ARM.exidx) refers to rtexit2.o(.ARM.Collect$$rtexit$$00000004) for .ARM.Collect$$rtexit$$00000004
    __raise.o(.text) refers to defsig.o(CL$$defsig) for __default_signal_handler
    defsig_general.o(.text) refers to sys_wrch.o(.text) for _ttywrch
    argv_veneer.o(.emb_text) refers to no_argv.o(.text) for __ARM_get_argv
    ae_util.o(i.HardFault_Handler) refers to printf.o(i.tfp_printf) for tfp_printf
    ae_util.o(i.HardFault_Handler) refers to ae_util.o(i.test_abort) for test_abort
    ae_util.o(i.HardFault_Handler) refers to ae_tasks300_g99.o(.constdata) for PREFIX
    ae_util.o(i.HardFault_Handler) refers to ae_tasks300_g99.o(.bss) for g_ae_xtest
    ae_util.o(i.print_log) refers to printf.o(i.tfp_printf) for tfp_printf
    ae_util.o(i.print_log) refers to ae_tasks300_g99.o(.constdata) for PREFIX_LOG
    ae_util.o(i.print_results) refers to ae_util.o(i.count_set_bits) for count_set_bits
    ae_util.o(i.print_results) refers to printf.o(i.tfp_printf) for tfp_printf
    ae_util.o(i.print_results) refers to ae_tasks300_g99.o(.constdata) for PREFIX_LOG
    ae_util.o(i.print_results) refers to ae_tasks300_g99.o(.bss) for g_ae_xtest
    ae_util.o(i.print_summary) refers to ae_util.o(i.print_results) for print_results
    ae_util.o(i.print_summary) refers to printf.o(i.tfp_printf) for tfp_printf
    ae_util.o(i.print_summary) refers to ae_util.o(i.ae_exit) for ae_exit
    ae_util.o(i.print_summary) refers to ae_tasks300_g99.o(.bss) for g_ae_cases
    ae_util.o(i.print_summary) refers to ae_tasks300_g99.o(.constdata) for PREFIX
    ae_util.o(i.process_sub_result) refers to ae_util.o(i.print_log) for print_log
    ae_util.o(i.process_sub_result) refers to ae_tasks300_g99.o(.bss) for g_ae_cases
    ae_util.o(i.test_abort) refers to printf.o(i.tfp_printf) for tfp_printf
    ae_util.o(i.test_abort) refers to ae_util.o(i.print_summary) for print_summary
    ae_util.o(i.test_abort) refers to ae_tasks300_g99.o(.bss) for g_ae_xtest
    ae_util.o(i.test_abort) refers to ae_tasks300_g99.o(.constdata) for PREFIX
    ae_util.o(i.test_exit) refers to printf.o(i.tfp_printf) for tfp_printf
    ae_util.o(i.test_exit) refers to ae_util.o(i.print_summary) for print_summary
    ae_util.o(i.test_exit) refers to ae_tasks300_g99.o(.constdata) for PREFIX
    sys_wrch.o(.text) refers (Special) to use_no_semi.o(.text) for __I$use$semihosting
    sys_wrch.o(.text) refers (Special) to indicate_semi.o(.text) for __semihosting_library_function
    defsig.o(CL$$defsig) refers to defsig_fpe_inner.o(.text) for __rt_SIGFPE_inner
    defsig.o(CL$$defsig) refers to defsig_rtmem_inner.o(.text) for __rt_SIGRTMEM_inner
    _get_argv_nomalloc.o(.text) refers (Special) to hrguard.o(.text) for __heap_region$guard
    _get_argv_nomalloc.o(.text) refers to defsig_rtmem_outer.o(.text) for __rt_SIGRTMEM
    _get_argv_nomalloc.o(.text) refers to sys_command.o(.text) for _sys_command_string
    libshutdown.o(.ARM.Collect$$libshutdown$$00000000) refers (Special) to libshutdown2.o(.ARM.Collect$$libshutdown$$00000002) for __rt_lib_shutdown_cpp_1
    libshutdown.o(.ARM.Collect$$libshutdown$$00000000) refers (Special) to libshutdown2.o(.ARM.Collect$$libshutdown$$00000007) for __rt_lib_shutdown_fp_trap_1
    libshutdown.o(.ARM.Collect$$libshutdown$$00000000) refers (Special) to libshutdown2.o(.ARM.Collect$$libshutdown$$0000000F) for __rt_lib_shutdown_heap_1
    libshutdown.o(.ARM.Collect$$libshutdown$$00000000) refers (Special) to libshutdown2.o(.ARM.Collect$$libshutdown$$00000010) for __rt_lib_shutdown_return
    libshutdown.o(.ARM.Collect$$libshutdown$$00000000) refers (Special) to libshutdown2.o(.ARM.Collect$$libshutdown$$0000000A) for __rt_lib_shutdown_signal_1
    libshutdown.o(.ARM.Collect$$libshutdown$$00000000) refers (Special) to libshutdown2.o(.ARM.Collect$$libshutdown$$00000004) for __rt_lib_shutdown_stdio_1
    libshutdown.o(.ARM.Collect$$libshutdown$$00000000) refers (Special) to libshutdown2.o(.ARM.Collect$$libshutdown$$0000000C) for __rt_lib_shutdown_user_alloc_1
    sys_command.o(.text) refers (Special) to use_no_semi.o(.text) for __I$use$semihosting
    sys_command.o(.text) refers (Special) to indicate_semi.o(.text) for __semihosting_library_function
    defsig_abrt_inner.o(.text) refers to defsig_general.o(.text) for __default_signal_display
    defsig_rtred_inner.o(.text) refers to defsig_general.o(.text) for __default_signal_display
    defsig_rtmem_inner.o(.text) refers to defsig_general.o(.text) for __default_signal_display
    defsig_rtmem_outer.o(.text) refers to defsig_rtmem_inner.o(.text) for __rt_SIGRTMEM_inner
    defsig_rtmem_outer.o(.text) refers to defsig_exit.o(.text) for __sig_exit
    defsig_rtmem_formal.o(.text) refers to rt_raise.o(.text) for __rt_raise
    defsig_stak_inner.o(.text) refers to defsig_general.o(.text) for __default_signal_display
    defsig_pvfn_inner.o(.text) refers to defsig_general.o(.text) for __default_signal_display
    defsig_cppl_inner.o(.text) refers to defsig_general.o(.text) for __default_signal_display
    defsig_segv_inner.o(.text) refers to defsig_general.o(.text) for __default_signal_display
    defsig_other.o(.text) refers to defsig_general.o(.text) for __default_signal_display


==============================================================================

Removing Unused input sections from the image.

    Removing uart_polling.o(.rev16_text), (4 bytes).
    Removing uart_polling.o(.revsh_text), (4 bytes).
    Removing uart_polling.o(.rrx_text), (6 bytes).
    Removing uart_polling.o(i.uart_get_char), (48 bytes).
    Removing uart_irq.o(.rev16_text), (4 bytes).
    Removing uart_irq.o(.revsh_text), (4 bytes).
    Removing uart_irq.o(.rrx_text), (6 bytes).
    Removing hal.o(.rev16_text), (4 bytes).
    Removing hal.o(.revsh_text), (4 bytes).
    Removing hal.o(.rrx_text), (6 bytes).
    Removing k_mem.o(.rev16_text), (4 bytes).
    Removing k_mem.o(.revsh_text), (4 bytes).
    Removing k_mem.o(.rrx_text), (6 bytes).
    Removing k_mem.o(.constdata), (8 bytes).
    Removing k_msg.o(.rev16_text), (4 bytes).
    Removing k_msg.o(.revsh_text), (4 bytes).
    Removing k_msg.o(.rrx_text), (6 bytes).
    Removing k_rtx_init.o(.rev16_text), (4 bytes).
    Removing k_rtx_init.o(.revsh_text), (4 bytes).
    Removing k_rtx_init.o(.rrx_text), (6 bytes).
    Removing k_rtx_init.o(i.k_get_sys_info), (6 bytes).
    Removing k_task.o(.rev16_text), (4 bytes).
    Removing k_task.o(.revsh_text), (4 bytes).
    Removing k_task.o(.rrx_text), (6 bytes).
    Removing cdisp_task.o(i.task_cdisp), (2 bytes).
    Removing kcd_task.o(i.task_kcd), (2 bytes).
    Removing null_task.o(.rev16_text), (4 bytes).
    Removing null_task.o(.revsh_text), (4 bytes).
    Removing null_task.o(.rrx_text), (6 bytes).
    Removing system_lpc17xx.o(.rev16_text), (4 bytes).
    Removing system_lpc17xx.o(.revsh_text), (4 bytes).
    Removing system_lpc17xx.o(.rrx_text), (6 bytes).
    Removing system_lpc17xx.o(i.SystemCoreClockUpdate), (424 bytes).
    Removing system_lpc17xx.o(.data), (4 bytes).
    Removing main.o(.rev16_text), (4 bytes).
    Removing main.o(.revsh_text), (4 bytes).
    Removing ae.o(i.ae_init), (48 bytes).
    Removing ae.o(i.ae_set_task_info), (22 bytes).

38 unused section(s) (total 698 bytes) removed from the image.

==============================================================================

Image Symbol Table

    Local Symbols

    Symbol Name                              Value     Ov Type        Size  Object(Section)

    RESET                                    0x00000000   Section      204  startup_lpc17xx.o(RESET)
    ../clib/angel/boardlib.s                 0x00000000   Number         0  boardinit2.o ABSOLUTE
    ../clib/angel/boardlib.s                 0x00000000   Number         0  boardinit3.o ABSOLUTE
    ../clib/angel/boardlib.s                 0x00000000   Number         0  boardinit1.o ABSOLUTE
    ../clib/angel/boardlib.s                 0x00000000   Number         0  boardshut.o ABSOLUTE
    ../clib/angel/handlers.s                 0x00000000   Number         0  __scatter_copy.o ABSOLUTE
    ../clib/angel/handlers.s                 0x00000000   Number         0  __scatter_zi.o ABSOLUTE
    ../clib/angel/kernel.s                   0x00000000   Number         0  rtexit2.o ABSOLUTE
    ../clib/angel/kernel.s                   0x00000000   Number         0  rtexit.o ABSOLUTE
    ../clib/angel/kernel.s                   0x00000000   Number         0  __rtentry4.o ABSOLUTE
    ../clib/angel/kernel.s                   0x00000000   Number         0  __rtentry2.o ABSOLUTE
    ../clib/angel/kernel.s                   0x00000000   Number         0  __rtentry.o ABSOLUTE
    ../clib/angel/rt.s                       0x00000000   Number         0  rt_raise.o ABSOLUTE
    ../clib/angel/rt.s                       0x00000000   Number         0  rt_div0.o ABSOLUTE
    ../clib/angel/rt.s                       0x00000000   Number         0  aeabi_ldiv0_sigfpe.o ABSOLUTE
    ../clib/angel/rt.s                       0x00000000   Number         0  aeabi_ldiv0.o ABSOLUTE
    ../clib/angel/scatter.s                  0x00000000   Number         0  __scatter.o ABSOLUTE
    ../clib/angel/startup.s                  0x00000000   Number         0  __main.o ABSOLUTE
    ../clib/angel/sys.s                      0x00000000   Number         0  libspace.o ABSOLUTE
    ../clib/angel/sys.s                      0x00000000   Number         0  indicate_semi.o ABSOLUTE
    ../clib/angel/sys.s                      0x00000000   Number         0  use_no_semi.o ABSOLUTE
    ../clib/angel/sys.s                      0x00000000   Number         0  sys_stackheap_outer.o ABSOLUTE
    ../clib/angel/sysapp.c                   0x00000000   Number         0  sys_command.o ABSOLUTE
    ../clib/angel/sysapp.c                   0x00000000   Number         0  sys_exit.o ABSOLUTE
    ../clib/angel/sysapp.c                   0x00000000   Number         0  sys_wrch.o ABSOLUTE
    ../clib/armsys.c                         0x00000000   Number         0  no_argv.o ABSOLUTE
    ../clib/armsys.c                         0x00000000   Number         0  _get_argv_nomalloc.o ABSOLUTE
    ../clib/armsys.c                         0x00000000   Number         0  argv_veneer.o ABSOLUTE
    ../clib/armsys.c                         0x00000000   Number         0  argv_veneer.o ABSOLUTE
    ../clib/heapalloc.c                      0x00000000   Number         0  hrguard.o ABSOLUTE
    ../clib/heapaux.c                        0x00000000   Number         0  heapauxi.o ABSOLUTE
    ../clib/libinit.s                        0x00000000   Number         0  libinit.o ABSOLUTE
    ../clib/libinit.s                        0x00000000   Number         0  libshutdown.o ABSOLUTE
    ../clib/libinit.s                        0x00000000   Number         0  libshutdown2.o ABSOLUTE
    ../clib/libinit.s                        0x00000000   Number         0  libinit2.o ABSOLUTE
    ../clib/longlong.s                       0x00000000   Number         0  lludivv7m.o ABSOLUTE
    ../clib/signal.c                         0x00000000   Number         0  defsig_cppl_inner.o ABSOLUTE
    ../clib/signal.c                         0x00000000   Number         0  defsig_segv_inner.o ABSOLUTE
    ../clib/signal.c                         0x00000000   Number         0  defsig_abrt_inner.o ABSOLUTE
    ../clib/signal.c                         0x00000000   Number         0  defsig_other.o ABSOLUTE
    ../clib/signal.c                         0x00000000   Number         0  defsig_exit.o ABSOLUTE
    ../clib/signal.c                         0x00000000   Number         0  defsig_fpe_inner.o ABSOLUTE
    ../clib/signal.c                         0x00000000   Number         0  defsig_stak_inner.o ABSOLUTE
    ../clib/signal.c                         0x00000000   Number         0  defsig_general.o ABSOLUTE
    ../clib/signal.c                         0x00000000   Number         0  __raise.o ABSOLUTE
    ../clib/signal.c                         0x00000000   Number         0  defsig_fpe_outer.o ABSOLUTE
    ../clib/signal.c                         0x00000000   Number         0  defsig_rtred_inner.o ABSOLUTE
    ../clib/signal.c                         0x00000000   Number         0  defsig_rtmem_inner.o ABSOLUTE
    ../clib/signal.c                         0x00000000   Number         0  defsig_fpe_formal.o ABSOLUTE
    ../clib/signal.c                         0x00000000   Number         0  defsig_rtmem_outer.o ABSOLUTE
    ../clib/signal.c                         0x00000000   Number         0  defsig_rtmem_formal.o ABSOLUTE
    ../clib/signal.c                         0x00000000   Number         0  defsig_pvfn_inner.o ABSOLUTE
    ../clib/signal.s                         0x00000000   Number         0  defsig.o ABSOLUTE
    ../clib/stdlib.c                         0x00000000   Number         0  exit.o ABSOLUTE
    ../fplib/fpinit.s                        0x00000000   Number         0  fpinit.o ABSOLUTE
    RTE\Device\LPC1768\startup_LPC17xx.s     0x00000000   Number         0  startup_lpc17xx.o ABSOLUTE
    RTE\Device\LPC1768\system_LPC17xx.c      0x00000000   Number         0  system_lpc17xx.o ABSOLUTE
    RTE\\Device\\LPC1768\\system_LPC17xx.c   0x00000000   Number         0  system_lpc17xx.o ABSOLUTE
    dc.s                                     0x00000000   Number         0  dc.o ABSOLUTE
    src\\bsp\\LPC1768\\uart_irq.c            0x00000000   Number         0  uart_irq.o ABSOLUTE
    src\\bsp\\LPC1768\\uart_polling.c        0x00000000   Number         0  uart_polling.o ABSOLUTE
    src\\kernel\\HAL.c                       0x00000000   Number         0  hal.o ABSOLUTE
    src\\kernel\\k_mem.c                     0x00000000   Number         0  k_mem.o ABSOLUTE
    src\\kernel\\k_msg.c                     0x00000000   Number         0  k_msg.o ABSOLUTE
    src\\kernel\\k_rtx_init.c                0x00000000   Number         0  k_rtx_init.o ABSOLUTE
    src\\kernel\\k_task.c                    0x00000000   Number         0  k_task.o ABSOLUTE
    src\\main.c                              0x00000000   Number         0  main.o ABSOLUTE
    src\\tasks\\null_task.c                  0x00000000   Number         0  null_task.o ABSOLUTE
    src\ae\ae.c                              0x00000000   Number         0  ae.o ABSOLUTE
    src\ae\ae_tasks300_G99.c                 0x00000000   Number         0  ae_tasks300_g99.o ABSOLUTE
    src\ae\ae_util.c                         0x00000000   Number         0  ae_util.o ABSOLUTE
    src\bsp\LPC1768\uart_irq.c               0x00000000   Number         0  uart_irq.o ABSOLUTE
    src\bsp\LPC1768\uart_polling.c           0x00000000   Number         0  uart_polling.o ABSOLUTE
    src\kernel\HAL.c                         0x00000000   Number         0  hal.o ABSOLUTE
    src\kernel\k_mem.c                       0x00000000   Number         0  k_mem.o ABSOLUTE
    src\kernel\k_msg.c                       0x00000000   Number         0  k_msg.o ABSOLUTE
    src\kernel\k_rtx_init.c                  0x00000000   Number         0  k_rtx_init.o ABSOLUTE
    src\kernel\k_task.c                      0x00000000   Number         0  k_task.o ABSOLUTE
    src\libu\printf.c                        0x00000000   Number         0  printf.o ABSOLUTE
    src\main.c                               0x00000000   Number         0  main.o ABSOLUTE
    src\tasks\cdisp_task.c                   0x00000000   Number         0  cdisp_task.o ABSOLUTE
    src\tasks\kcd_task.c                     0x00000000   Number         0  kcd_task.o ABSOLUTE
    src\tasks\null_task.c                    0x00000000   Number         0  null_task.o ABSOLUTE
    !!!main                                  0x000000cc   Section        8  __main.o(!!!main)
    !!!scatter                               0x000000d4   Section       52  __scatter.o(!!!scatter)
    !!handler_copy                           0x00000108   Section       26  __scatter_copy.o(!!handler_copy)
    !!handler_zi                             0x00000124   Section       28  __scatter_zi.o(!!handler_zi)
    .ARM.Collect$$libinit$$00000000          0x00000140   Section        2  libinit.o(.ARM.Collect$$libinit$$00000000)
    .ARM.Collect$$libinit$$00000002          0x00000142   Section        0  libinit2.o(.ARM.Collect$$libinit$$00000002)
    .ARM.Collect$$libinit$$00000004          0x00000142   Section        0  libinit2.o(.ARM.Collect$$libinit$$00000004)
    .ARM.Collect$$libinit$$0000000A          0x00000142   Section        0  libinit2.o(.ARM.Collect$$libinit$$0000000A)
    .ARM.Collect$$libinit$$0000000C          0x00000142   Section        0  libinit2.o(.ARM.Collect$$libinit$$0000000C)
    .ARM.Collect$$libinit$$0000000E          0x00000142   Section        0  libinit2.o(.ARM.Collect$$libinit$$0000000E)
    .ARM.Collect$$libinit$$00000011          0x00000142   Section        0  libinit2.o(.ARM.Collect$$libinit$$00000011)
    .ARM.Collect$$libinit$$00000013          0x00000142   Section        0  libinit2.o(.ARM.Collect$$libinit$$00000013)
    .ARM.Collect$$libinit$$00000015          0x00000142   Section        0  libinit2.o(.ARM.Collect$$libinit$$00000015)
    .ARM.Collect$$libinit$$00000017          0x00000142   Section        0  libinit2.o(.ARM.Collect$$libinit$$00000017)
    .ARM.Collect$$libinit$$00000019          0x00000142   Section        0  libinit2.o(.ARM.Collect$$libinit$$00000019)
    .ARM.Collect$$libinit$$0000001B          0x00000142   Section        0  libinit2.o(.ARM.Collect$$libinit$$0000001B)
    .ARM.Collect$$libinit$$0000001D          0x00000142   Section        0  libinit2.o(.ARM.Collect$$libinit$$0000001D)
    .ARM.Collect$$libinit$$0000001F          0x00000142   Section        0  libinit2.o(.ARM.Collect$$libinit$$0000001F)
    .ARM.Collect$$libinit$$00000021          0x00000142   Section        0  libinit2.o(.ARM.Collect$$libinit$$00000021)
    .ARM.Collect$$libinit$$00000023          0x00000142   Section        0  libinit2.o(.ARM.Collect$$libinit$$00000023)
    .ARM.Collect$$libinit$$00000025          0x00000142   Section        0  libinit2.o(.ARM.Collect$$libinit$$00000025)
    .ARM.Collect$$libinit$$0000002C          0x00000142   Section        0  libinit2.o(.ARM.Collect$$libinit$$0000002C)
    .ARM.Collect$$libinit$$0000002E          0x00000142   Section        0  libinit2.o(.ARM.Collect$$libinit$$0000002E)
    .ARM.Collect$$libinit$$00000030          0x00000142   Section        0  libinit2.o(.ARM.Collect$$libinit$$00000030)
    .ARM.Collect$$libinit$$00000032          0x00000142   Section        0  libinit2.o(.ARM.Collect$$libinit$$00000032)
    .ARM.Collect$$libinit$$00000033          0x00000142   Section        2  libinit2.o(.ARM.Collect$$libinit$$00000033)
    .ARM.Collect$$libshutdown$$00000000      0x00000144   Section        2  libshutdown.o(.ARM.Collect$$libshutdown$$00000000)
    .ARM.Collect$$libshutdown$$00000002      0x00000146   Section        0  libshutdown2.o(.ARM.Collect$$libshutdown$$00000002)
    .ARM.Collect$$libshutdown$$00000004      0x00000146   Section        0  libshutdown2.o(.ARM.Collect$$libshutdown$$00000004)
    .ARM.Collect$$libshutdown$$00000007      0x00000146   Section        0  libshutdown2.o(.ARM.Collect$$libshutdown$$00000007)
    .ARM.Collect$$libshutdown$$0000000A      0x00000146   Section        0  libshutdown2.o(.ARM.Collect$$libshutdown$$0000000A)
    .ARM.Collect$$libshutdown$$0000000C      0x00000146   Section        0  libshutdown2.o(.ARM.Collect$$libshutdown$$0000000C)
    .ARM.Collect$$libshutdown$$0000000F      0x00000146   Section        0  libshutdown2.o(.ARM.Collect$$libshutdown$$0000000F)
    .ARM.Collect$$libshutdown$$00000010      0x00000146   Section        2  libshutdown2.o(.ARM.Collect$$libshutdown$$00000010)
    .ARM.Collect$$rtentry$$00000000          0x00000148   Section        0  __rtentry.o(.ARM.Collect$$rtentry$$00000000)
    .ARM.Collect$$rtentry$$00000002          0x00000148   Section        0  __rtentry2.o(.ARM.Collect$$rtentry$$00000002)
    .ARM.Collect$$rtentry$$00000004          0x00000148   Section        6  __rtentry4.o(.ARM.Collect$$rtentry$$00000004)
    .ARM.Collect$$rtentry$$00000009          0x0000014e   Section        0  __rtentry2.o(.ARM.Collect$$rtentry$$00000009)
    .ARM.Collect$$rtentry$$0000000A          0x0000014e   Section        4  __rtentry2.o(.ARM.Collect$$rtentry$$0000000A)
    .ARM.Collect$$rtentry$$0000000C          0x00000152   Section        0  __rtentry2.o(.ARM.Collect$$rtentry$$0000000C)
    .ARM.Collect$$rtentry$$0000000D          0x00000152   Section        8  __rtentry2.o(.ARM.Collect$$rtentry$$0000000D)
    .ARM.Collect$$rtexit$$00000000           0x0000015a   Section        2  rtexit.o(.ARM.Collect$$rtexit$$00000000)
    .ARM.Collect$$rtexit$$00000002           0x0000015c   Section        0  rtexit2.o(.ARM.Collect$$rtexit$$00000002)
    .ARM.Collect$$rtexit$$00000003           0x0000015c   Section        4  rtexit2.o(.ARM.Collect$$rtexit$$00000003)
    .ARM.Collect$$rtexit$$00000004           0x00000160   Section        6  rtexit2.o(.ARM.Collect$$rtexit$$00000004)
    .emb_text                                0x00000168   Section        8  hal.o(.emb_text)
    .emb_text                                0x00000170   Section       50  k_task.o(.emb_text)
    .text                                    0x000001a4   Section       60  startup_lpc17xx.o(.text)
    .text                                    0x000001e0   Section        0  heapauxi.o(.text)
    .text                                    0x000001e6   Section       74  sys_stackheap_outer.o(.text)
    .text                                    0x00000230   Section        0  exit.o(.text)
    .text                                    0x00000244   Section        8  libspace.o(.text)
    .text                                    0x0000024c   Section        0  sys_exit.o(.text)
    .text                                    0x00000258   Section        2  use_no_semi.o(.text)
    .text                                    0x0000025a   Section        0  indicate_semi.o(.text)
    i.HardFault_Handler                      0x0000025c   Section        0  ae_util.o(i.HardFault_Handler)
    i.__NVIC_EnableIRQ                       0x00000288   Section        0  uart_irq.o(i.__NVIC_EnableIRQ)
    __NVIC_EnableIRQ                         0x00000289   Thumb Code    34  uart_irq.o(i.__NVIC_EnableIRQ)
    i.a2d                                    0x000002aa   Section        0  printf.o(i.a2d)
    a2d                                      0x000002ab   Thumb Code    50  printf.o(i.a2d)
    i.ae_exit                                0x000002dc   Section        0  ae_util.o(i.ae_exit)
    i.ae_set_init_tasks_info                 0x000002e0   Section        0  ae.o(i.ae_set_init_tasks_info)
    i.k_mbx_create                           0x000002f6   Section        0  k_msg.o(i.k_mbx_create)
    .ARM.__at_0x02FC                         0x000002fc   Section        4  startup_lpc17xx.o(.ARM.__at_0x02FC)
    i.SVC_Handler                            0x00000300   Section        0  k_task.o(i.SVC_Handler)
    i.SystemInit                             0x00000408   Section        0  system_lpc17xx.o(i.SystemInit)
    i.UART0_IRQHandler                       0x00000548   Section        0  uart_irq.o(i.UART0_IRQHandler)
    i.a2i                                    0x000005f4   Section        0  printf.o(i.a2i)
    a2i                                      0x000005f5   Thumb Code    58  printf.o(i.a2i)
    i.ae_init_new                            0x0000062e   Section        0  ae.o(i.ae_init_new)
    i.ae_set_sys_info                        0x0000065e   Section        0  ae.o(i.ae_set_sys_info)
    i.count_set_bits                         0x00000674   Section        0  ae_util.o(i.count_set_bits)
    i.gen_req0                               0x00000688   Section        0  ae_tasks300_g99.o(i.gen_req0)
    i.gen_req1                               0x000006d4   Section        0  ae_tasks300_g99.o(i.gen_req1)
    i.i2a                                    0x0000071c   Section        0  printf.o(i.i2a)
    i2a                                      0x0000071d   Thumb Code    32  printf.o(i.i2a)
    i.init_ae_tsk_test                       0x0000073c   Section        0  ae_tasks300_g99.o(i.init_ae_tsk_test)
    i.init_printf                            0x000007b8   Section        0  printf.o(i.init_printf)
    i.k_alloc_k_stack                        0x000007cc   Section        0  k_mem.o(i.k_alloc_k_stack)
    i.k_alloc_p_stack                        0x000007fc   Section        0  k_mem.o(i.k_alloc_p_stack)
    i.k_mbx_get                              0x00000828   Section        0  k_msg.o(i.k_mbx_get)
    i.k_mbx_ls                               0x0000082e   Section        0  k_msg.o(i.k_mbx_ls)
    i.k_mem_init                             0x00000834   Section        0  k_mem.o(i.k_mem_init)
    i.k_mpool_alloc                          0x00000874   Section        0  k_mem.o(i.k_mpool_alloc)
    i.k_mpool_create                         0x00000880   Section        0  k_mem.o(i.k_mpool_create)
    i.k_mpool_dealloc                        0x000008c4   Section        0  k_mem.o(i.k_mpool_dealloc)
    i.k_mpool_dump                           0x000008ca   Section        0  k_mem.o(i.k_mpool_dump)
    i.k_pre_rtx_init                         0x000008d0   Section        0  k_rtx_init.o(i.k_pre_rtx_init)
    i.k_recv_msg                             0x000008f4   Section        0  k_msg.o(i.k_recv_msg)
    i.k_recv_msg_nb                          0x000008fa   Section        0  k_msg.o(i.k_recv_msg_nb)
    i.k_rtx_init                             0x00000900   Section        0  k_rtx_init.o(i.k_rtx_init)
    i.k_send_msg                             0x00000938   Section        0  k_msg.o(i.k_send_msg)
    i.k_send_msg_nb                          0x0000093e   Section        0  k_msg.o(i.k_send_msg_nb)
    i.k_tsk_create                           0x00000944   Section        0  k_task.o(i.k_tsk_create)
    i.k_tsk_create_new                       0x0000094c   Section        0  k_task.o(i.k_tsk_create_new)
    i.k_tsk_exit                             0x00000a08   Section        0  k_task.o(i.k_tsk_exit)
    i.k_tsk_get                              0x00000a0c   Section        0  k_task.o(i.k_tsk_get)
    i.k_tsk_gettid                           0x00000a50   Section        0  k_task.o(i.k_tsk_gettid)
    i.k_tsk_init                             0x00000a5c   Section        0  k_task.o(i.k_tsk_init)
    i.k_tsk_init_first                       0x00000ad8   Section        0  k_task.o(i.k_tsk_init_first)
    i.k_tsk_ls                               0x00000af4   Section        0  k_task.o(i.k_tsk_ls)
    i.k_tsk_run_new                          0x00000afc   Section        0  k_task.o(i.k_tsk_run_new)
    i.k_tsk_set_prio                         0x00000b48   Section        0  k_task.o(i.k_tsk_set_prio)
    i.k_tsk_yield                            0x00000b4e   Section        0  k_task.o(i.k_tsk_yield)
    i.main                                   0x00000b58   Section        0  main.o(i.main)
    i.print_log                              0x00000bc0   Section        0  ae_util.o(i.print_log)
    i.print_results                          0x00000c30   Section        0  ae_util.o(i.print_results)
    i.print_summary                          0x00000d50   Section        0  ae_util.o(i.print_summary)
    i.process_sub_result                     0x00000d78   Section        0  ae_util.o(i.process_sub_result)
    i.putc                                   0x00000db0   Section        0  uart_polling.o(i.putc)
    i.putchw                                 0x00000df4   Section        0  printf.o(i.putchw)
    putchw                                   0x00000df5   Thumb Code    82  printf.o(i.putchw)
    i.putcp                                  0x00000e46   Section        0  printf.o(i.putcp)
    putcp                                    0x00000e47   Thumb Code    10  printf.o(i.putcp)
    i.scheduler                              0x00000e50   Section        0  k_task.o(i.scheduler)
    i.set_ae_init_tasks                      0x00000e7c   Section        0  ae_tasks300_g99.o(i.set_ae_init_tasks)
    i.set_ae_tasks                           0x00000e98   Section        0  ae_tasks300_g99.o(i.set_ae_tasks)
    i.strcpy                                 0x00000edc   Section        0  ae_util.o(i.strcpy)
    i.task0                                  0x00000efc   Section        0  ae_tasks300_g99.o(i.task0)
    i.task1                                  0x00001198   Section        0  ae_tasks300_g99.o(i.task1)
    i.task2                                  0x00001418   Section        0  ae_tasks300_g99.o(i.task2)
    i.task_null                              0x0000165c   Section        0  null_task.o(i.task_null)
    i.test0_start                            0x00001664   Section        0  ae_tasks300_g99.o(i.test0_start)
    i.test1_start                            0x00001824   Section        0  ae_tasks300_g99.o(i.test1_start)
    i.test_abort                             0x00001a98   Section        0  ae_util.o(i.test_abort)
    i.test_exit                              0x00001b04   Section        0  ae_util.o(i.test_exit)
    i.tfp_format                             0x00001b24   Section        0  printf.o(i.tfp_format)
    i.tfp_printf                             0x00001c4c   Section        0  printf.o(i.tfp_printf)
    i.tfp_sprintf                            0x00001c78   Section        0  printf.o(i.tfp_sprintf)
    i.uart_init                              0x00001ca4   Section        0  uart_polling.o(i.uart_init)
    i.uart_irq_init                          0x00001d10   Section        0  uart_irq.o(i.uart_irq_init)
    i.uart_put_char                          0x00001dcc   Section        0  uart_polling.o(i.uart_put_char)
    i.uart_put_string                        0x00001e00   Section        0  uart_polling.o(i.uart_put_string)
    i.ui2a                                   0x00001e26   Section        0  printf.o(i.ui2a)
    ui2a                                     0x00001e27   Thumb Code    86  printf.o(i.ui2a)
    i.update_ae_xtest                        0x00001e7c   Section        0  ae_tasks300_g99.o(i.update_ae_xtest)
    i.update_exec_seq                        0x00001e94   Section        0  ae_tasks300_g99.o(i.update_exec_seq)
    .constdata                               0x00001ed8   Section       39  ae_tasks300_g99.o(.constdata)
    .conststring                             0x00001f00   Section      205  ae_tasks300_g99.o(.conststring)
    .data                                    0x10000000   Section       24  uart_irq.o(.data)
    .data                                    0x10000018   Section        4  k_rtx_init.o(.data)
    .data                                    0x1000001c   Section        8  k_task.o(.data)
    .data                                    0x10000024   Section        8  printf.o(.data)
    stdout_putf                              0x10000024   Data           4  printf.o(.data)
    stdout_putp                              0x10000028   Data           4  printf.o(.data)
    .data                                    0x1000002c   Section       16  main.o(.data)
    sys                                      0x1000002c   Data           8  main.o(.data)
    p_tasks                                  0x10000034   Data           4  main.o(.data)
    num                                      0x10000038   Data           4  main.o(.data)
    .bss                                     0x10000040   Section    13824  k_mem.o(.bss)
    .bss                                     0x10003640   Section      256  k_task.o(.bss)
    .bss                                     0x10003740   Section       96  libspace.o(.bss)
    .bss                                     0x100037a0   Section      592  ae_tasks300_g99.o(.bss)
    HEAP                                     0x100039f0   Section        0  startup_lpc17xx.o(HEAP)
    STACK                                    0x100039f0   Section      512  startup_lpc17xx.o(STACK)
    Heap_Mem                                 0x100039f0   Data           0  startup_lpc17xx.o(HEAP)
    Stack_Mem                                0x100039f0   Data         512  startup_lpc17xx.o(STACK)
    __initial_sp                             0x10003bf0   Data           0  startup_lpc17xx.o(STACK)

    Global Symbols

    Symbol Name                              Value     Ov Type        Size  Object(Section)

    BuildAttributes$$THM_ISAv4$P$D$K$B$S$PE$A:L22UL41UL21$X:L11$S22US41US21$IEEE1$IW$USESV6$~STKCKD$USESV7$~SHL$OSPACE$ROPI$EBA8$UX$STANDARDLIB$REQ8$PRES8$EABIv2 0x00000000   Number         0  anon$$obj.o ABSOLUTE
    __ARM_use_no_argv                        0x00000000   Number         0  main.o ABSOLUTE
    __Vectors                                0x00000000   Data           4  startup_lpc17xx.o(RESET)
    __ARM_exceptions_init                     - Undefined Weak Reference
    __alloca_initialize                       - Undefined Weak Reference
    __arm_preinit_                            - Undefined Weak Reference
    __cpp_initialize__aeabi_                  - Undefined Weak Reference
    __cxa_finalize                            - Undefined Weak Reference
    __rt_locale                               - Undefined Weak Reference
    __sigvec_lookup                           - Undefined Weak Reference
    _atexit_init                              - Undefined Weak Reference
    _call_atexit_fns                          - Undefined Weak Reference
    _clock_init                               - Undefined Weak Reference
    _fp_trap_init                             - Undefined Weak Reference
    _fp_trap_shutdown                         - Undefined Weak Reference
    _get_lc_collate                           - Undefined Weak Reference
    _get_lc_ctype                             - Undefined Weak Reference
    _get_lc_monetary                          - Undefined Weak Reference
    _get_lc_numeric                           - Undefined Weak Reference
    _get_lc_time                              - Undefined Weak Reference
    _getenv_init                              - Undefined Weak Reference
    _handle_redirection                       - Undefined Weak Reference
    _init_alloc                               - Undefined Weak Reference
    _init_user_alloc                          - Undefined Weak Reference
    _initio                                   - Undefined Weak Reference
    _rand_init                                - Undefined Weak Reference
    _signal_finish                            - Undefined Weak Reference
    _signal_init                              - Undefined Weak Reference
    _terminate_alloc                          - Undefined Weak Reference
    _terminate_user_alloc                     - Undefined Weak Reference
    _terminateio                              - Undefined Weak Reference
    __main                                   0x000000cd   Thumb Code     8  __main.o(!!!main)
    __scatterload                            0x000000d5   Thumb Code     0  __scatter.o(!!!scatter)
    __scatterload_rt2                        0x000000d5   Thumb Code    44  __scatter.o(!!!scatter)
    __scatterload_rt2_thumb_only             0x000000d5   Thumb Code     0  __scatter.o(!!!scatter)
    __scatterload_null                       0x000000e3   Thumb Code     0  __scatter.o(!!!scatter)
    __scatterload_copy                       0x00000109   Thumb Code    26  __scatter_copy.o(!!handler_copy)
    __scatterload_zeroinit                   0x00000125   Thumb Code    28  __scatter_zi.o(!!handler_zi)
    __rt_lib_init                            0x00000141   Thumb Code     0  libinit.o(.ARM.Collect$$libinit$$00000000)
    __rt_lib_init_alloca_1                   0x00000143   Thumb Code     0  libinit2.o(.ARM.Collect$$libinit$$0000002E)
    __rt_lib_init_argv_1                     0x00000143   Thumb Code     0  libinit2.o(.ARM.Collect$$libinit$$0000002C)
    __rt_lib_init_atexit_1                   0x00000143   Thumb Code     0  libinit2.o(.ARM.Collect$$libinit$$0000001B)
    __rt_lib_init_clock_1                    0x00000143   Thumb Code     0  libinit2.o(.ARM.Collect$$libinit$$00000021)
    __rt_lib_init_cpp_1                      0x00000143   Thumb Code     0  libinit2.o(.ARM.Collect$$libinit$$00000032)
    __rt_lib_init_exceptions_1               0x00000143   Thumb Code     0  libinit2.o(.ARM.Collect$$libinit$$00000030)
    __rt_lib_init_fp_1                       0x00000143   Thumb Code     0  libinit2.o(.ARM.Collect$$libinit$$00000002)
    __rt_lib_init_fp_trap_1                  0x00000143   Thumb Code     0  libinit2.o(.ARM.Collect$$libinit$$0000001F)
    __rt_lib_init_getenv_1                   0x00000143   Thumb Code     0  libinit2.o(.ARM.Collect$$libinit$$00000023)
    __rt_lib_init_heap_1                     0x00000143   Thumb Code     0  libinit2.o(.ARM.Collect$$libinit$$0000000A)
    __rt_lib_init_lc_collate_1               0x00000143   Thumb Code     0  libinit2.o(.ARM.Collect$$libinit$$00000011)
    __rt_lib_init_lc_ctype_1                 0x00000143   Thumb Code     0  libinit2.o(.ARM.Collect$$libinit$$00000013)
    __rt_lib_init_lc_monetary_1              0x00000143   Thumb Code     0  libinit2.o(.ARM.Collect$$libinit$$00000015)
    __rt_lib_init_lc_numeric_1               0x00000143   Thumb Code     0  libinit2.o(.ARM.Collect$$libinit$$00000017)
    __rt_lib_init_lc_time_1                  0x00000143   Thumb Code     0  libinit2.o(.ARM.Collect$$libinit$$00000019)
    __rt_lib_init_preinit_1                  0x00000143   Thumb Code     0  libinit2.o(.ARM.Collect$$libinit$$00000004)
    __rt_lib_init_rand_1                     0x00000143   Thumb Code     0  libinit2.o(.ARM.Collect$$libinit$$0000000E)
    __rt_lib_init_return                     0x00000143   Thumb Code     0  libinit2.o(.ARM.Collect$$libinit$$00000033)
    __rt_lib_init_signal_1                   0x00000143   Thumb Code     0  libinit2.o(.ARM.Collect$$libinit$$0000001D)
    __rt_lib_init_stdio_1                    0x00000143   Thumb Code     0  libinit2.o(.ARM.Collect$$libinit$$00000025)
    __rt_lib_init_user_alloc_1               0x00000143   Thumb Code     0  libinit2.o(.ARM.Collect$$libinit$$0000000C)
    __rt_lib_shutdown                        0x00000145   Thumb Code     0  libshutdown.o(.ARM.Collect$$libshutdown$$00000000)
    __rt_lib_shutdown_cpp_1                  0x00000147   Thumb Code     0  libshutdown2.o(.ARM.Collect$$libshutdown$$00000002)
    __rt_lib_shutdown_fp_trap_1              0x00000147   Thumb Code     0  libshutdown2.o(.ARM.Collect$$libshutdown$$00000007)
    __rt_lib_shutdown_heap_1                 0x00000147   Thumb Code     0  libshutdown2.o(.ARM.Collect$$libshutdown$$0000000F)
    __rt_lib_shutdown_return                 0x00000147   Thumb Code     0  libshutdown2.o(.ARM.Collect$$libshutdown$$00000010)
    __rt_lib_shutdown_signal_1               0x00000147   Thumb Code     0  libshutdown2.o(.ARM.Collect$$libshutdown$$0000000A)
    __rt_lib_shutdown_stdio_1                0x00000147   Thumb Code     0  libshutdown2.o(.ARM.Collect$$libshutdown$$00000004)
    __rt_lib_shutdown_user_alloc_1           0x00000147   Thumb Code     0  libshutdown2.o(.ARM.Collect$$libshutdown$$0000000C)
    __rt_entry                               0x00000149   Thumb Code     0  __rtentry.o(.ARM.Collect$$rtentry$$00000000)
    __rt_entry_presh_1                       0x00000149   Thumb Code     0  __rtentry2.o(.ARM.Collect$$rtentry$$00000002)
    __rt_entry_sh                            0x00000149   Thumb Code     0  __rtentry4.o(.ARM.Collect$$rtentry$$00000004)
    __rt_entry_li                            0x0000014f   Thumb Code     0  __rtentry2.o(.ARM.Collect$$rtentry$$0000000A)
    __rt_entry_postsh_1                      0x0000014f   Thumb Code     0  __rtentry2.o(.ARM.Collect$$rtentry$$00000009)
    __rt_entry_main                          0x00000153   Thumb Code     0  __rtentry2.o(.ARM.Collect$$rtentry$$0000000D)
    __rt_entry_postli_1                      0x00000153   Thumb Code     0  __rtentry2.o(.ARM.Collect$$rtentry$$0000000C)
    __rt_exit                                0x0000015b   Thumb Code     0  rtexit.o(.ARM.Collect$$rtexit$$00000000)
    __rt_exit_ls                             0x0000015d   Thumb Code     0  rtexit2.o(.ARM.Collect$$rtexit$$00000003)
    __rt_exit_prels_1                        0x0000015d   Thumb Code     0  rtexit2.o(.ARM.Collect$$rtexit$$00000002)
    __rt_exit_exit                           0x00000161   Thumb Code     0  rtexit2.o(.ARM.Collect$$rtexit$$00000004)
    SVC_RTE                                  0x00000169   Thumb Code     0  hal.o(.emb_text)
    __rte                                    0x00000169   Thumb Code     8  hal.o(.emb_text)
    k_tsk_switch                             0x00000171   Thumb Code    44  k_task.o(.emb_text)
    K_RESTORE                                0x00000183   Thumb Code     0  k_task.o(.emb_text)
    k_tsk_start                              0x000001a1   Thumb Code     2  k_task.o(.emb_text)
    Reset_Handler                            0x000001a5   Thumb Code     8  startup_lpc17xx.o(.text)
    NMI_Handler                              0x000001ad   Thumb Code     2  startup_lpc17xx.o(.text)
    MemManage_Handler                        0x000001b1   Thumb Code     2  startup_lpc17xx.o(.text)
    BusFault_Handler                         0x000001b3   Thumb Code     2  startup_lpc17xx.o(.text)
    UsageFault_Handler                       0x000001b5   Thumb Code     2  startup_lpc17xx.o(.text)
    DebugMon_Handler                         0x000001b9   Thumb Code     2  startup_lpc17xx.o(.text)
    PendSV_Handler                           0x000001bb   Thumb Code     2  startup_lpc17xx.o(.text)
    SysTick_Handler                          0x000001bd   Thumb Code     2  startup_lpc17xx.o(.text)
    ADC_IRQHandler                           0x000001bf   Thumb Code     0  startup_lpc17xx.o(.text)
    BOD_IRQHandler                           0x000001bf   Thumb Code     0  startup_lpc17xx.o(.text)
    CANActivity_IRQHandler                   0x000001bf   Thumb Code     0  startup_lpc17xx.o(.text)
    CAN_IRQHandler                           0x000001bf   Thumb Code     0  startup_lpc17xx.o(.text)
    DMA_IRQHandler                           0x000001bf   Thumb Code     0  startup_lpc17xx.o(.text)
    EINT0_IRQHandler                         0x000001bf   Thumb Code     0  startup_lpc17xx.o(.text)
    EINT1_IRQHandler                         0x000001bf   Thumb Code     0  startup_lpc17xx.o(.text)
    EINT2_IRQHandler                         0x000001bf   Thumb Code     0  startup_lpc17xx.o(.text)
    EINT3_IRQHandler                         0x000001bf   Thumb Code     0  startup_lpc17xx.o(.text)
    ENET_IRQHandler                          0x000001bf   Thumb Code     0  startup_lpc17xx.o(.text)
    I2C0_IRQHandler                          0x000001bf   Thumb Code     0  startup_lpc17xx.o(.text)
    I2C1_IRQHandler                          0x000001bf   Thumb Code     0  startup_lpc17xx.o(.text)
    I2C2_IRQHandler                          0x000001bf   Thumb Code     0  startup_lpc17xx.o(.text)
    I2S_IRQHandler                           0x000001bf   Thumb Code     0  startup_lpc17xx.o(.text)
    MCPWM_IRQHandler                         0x000001bf   Thumb Code     0  startup_lpc17xx.o(.text)
    PLL0_IRQHandler                          0x000001bf   Thumb Code     0  startup_lpc17xx.o(.text)
    PLL1_IRQHandler                          0x000001bf   Thumb Code     0  startup_lpc17xx.o(.text)
    PWM1_IRQHandler                          0x000001bf   Thumb Code     0  startup_lpc17xx.o(.text)
    QEI_IRQHandler                           0x000001bf   Thumb Code     0  startup_lpc17xx.o(.text)
    RIT_IRQHandler                           0x000001bf   Thumb Code     0  startup_lpc17xx.o(.text)
    RTC_IRQHandler                           0x000001bf   Thumb Code     0  startup_lpc17xx.o(.text)
    SPI_IRQHandler                           0x000001bf   Thumb Code     0  startup_lpc17xx.o(.text)
    SSP0_IRQHandler                          0x000001bf   Thumb Code     0  startup_lpc17xx.o(.text)
    SSP1_IRQHandler                          0x000001bf   Thumb Code     0  startup_lpc17xx.o(.text)
    TIMER0_IRQHandler                        0x000001bf   Thumb Code     0  startup_lpc17xx.o(.text)
    TIMER1_IRQHandler                        0x000001bf   Thumb Code     0  startup_lpc17xx.o(.text)
    TIMER2_IRQHandler                        0x000001bf   Thumb Code     0  startup_lpc17xx.o(.text)
    TIMER3_IRQHandler                        0x000001bf   Thumb Code     0  startup_lpc17xx.o(.text)
    UART1_IRQHandler                         0x000001bf   Thumb Code     0  startup_lpc17xx.o(.text)
    UART2_IRQHandler                         0x000001bf   Thumb Code     0  startup_lpc17xx.o(.text)
    UART3_IRQHandler                         0x000001bf   Thumb Code     0  startup_lpc17xx.o(.text)
    USBActivity_IRQHandler                   0x000001bf   Thumb Code     0  startup_lpc17xx.o(.text)
    USB_IRQHandler                           0x000001bf   Thumb Code     0  startup_lpc17xx.o(.text)
    WDT_IRQHandler                           0x000001bf   Thumb Code     0  startup_lpc17xx.o(.text)
    __user_initial_stackheap                 0x000001c1   Thumb Code     0  startup_lpc17xx.o(.text)
    __use_two_region_memory                  0x000001e1   Thumb Code     2  heapauxi.o(.text)
    __rt_heap_escrow$2region                 0x000001e3   Thumb Code     2  heapauxi.o(.text)
    __rt_heap_expand$2region                 0x000001e5   Thumb Code     2  heapauxi.o(.text)
    __user_setup_stackheap                   0x000001e7   Thumb Code    74  sys_stackheap_outer.o(.text)
    exit                                     0x00000231   Thumb Code    18  exit.o(.text)
    __user_libspace                          0x00000245   Thumb Code     8  libspace.o(.text)
    __user_perproc_libspace                  0x00000245   Thumb Code     0  libspace.o(.text)
    __user_perthread_libspace                0x00000245   Thumb Code     0  libspace.o(.text)
    _sys_exit                                0x0000024d   Thumb Code     8  sys_exit.o(.text)
    __I$use$semihosting                      0x00000259   Thumb Code     0  use_no_semi.o(.text)
    __use_no_semihosting_swi                 0x00000259   Thumb Code     2  use_no_semi.o(.text)
    __semihosting_library_function           0x0000025b   Thumb Code     0  indicate_semi.o(.text)
    HardFault_Handler                        0x0000025d   Thumb Code    18  ae_util.o(i.HardFault_Handler)
    ae_exit                                  0x000002dd   Thumb Code     4  ae_util.o(i.ae_exit)
    ae_set_init_tasks_info                   0x000002e1   Thumb Code    22  ae.o(i.ae_set_init_tasks_info)
    k_mbx_create                             0x000002f7   Thumb Code     6  k_msg.o(i.k_mbx_create)
    SVC_Handler                              0x00000301   Thumb Code   262  k_task.o(i.SVC_Handler)
    SystemInit                               0x00000409   Thumb Code   302  system_lpc17xx.o(i.SystemInit)
    UART0_IRQHandler                         0x00000549   Thumb Code   144  uart_irq.o(i.UART0_IRQHandler)
    ae_init_new                              0x0000062f   Thumb Code    48  ae.o(i.ae_init_new)
    ae_set_sys_info                          0x0000065f   Thumb Code    22  ae.o(i.ae_set_sys_info)
    count_set_bits                           0x00000675   Thumb Code    18  ae_util.o(i.count_set_bits)
    gen_req0                                 0x00000689   Thumb Code    72  ae_tasks300_g99.o(i.gen_req0)
    gen_req1                                 0x000006d5   Thumb Code    68  ae_tasks300_g99.o(i.gen_req1)
    init_ae_tsk_test                         0x0000073d   Thumb Code    96  ae_tasks300_g99.o(i.init_ae_tsk_test)
    init_printf                              0x000007b9   Thumb Code    10  printf.o(i.init_printf)
    k_alloc_k_stack                          0x000007cd   Thumb Code    40  k_mem.o(i.k_alloc_k_stack)
    k_alloc_p_stack                          0x000007fd   Thumb Code    36  k_mem.o(i.k_alloc_p_stack)
    k_mbx_get                                0x00000829   Thumb Code     6  k_msg.o(i.k_mbx_get)
    k_mbx_ls                                 0x0000082f   Thumb Code     6  k_msg.o(i.k_mbx_ls)
    k_mem_init                               0x00000835   Thumb Code    48  k_mem.o(i.k_mem_init)
    k_mpool_alloc                            0x00000875   Thumb Code     6  k_mem.o(i.k_mpool_alloc)
    k_mpool_create                           0x00000881   Thumb Code    54  k_mem.o(i.k_mpool_create)
    k_mpool_dealloc                          0x000008c5   Thumb Code     6  k_mem.o(i.k_mpool_dealloc)
    k_mpool_dump                             0x000008cb   Thumb Code     6  k_mem.o(i.k_mpool_dump)
    k_pre_rtx_init                           0x000008d1   Thumb Code    36  k_rtx_init.o(i.k_pre_rtx_init)
    k_recv_msg                               0x000008f5   Thumb Code     6  k_msg.o(i.k_recv_msg)
    k_recv_msg_nb                            0x000008fb   Thumb Code     6  k_msg.o(i.k_recv_msg_nb)
    k_rtx_init                               0x00000901   Thumb Code    50  k_rtx_init.o(i.k_rtx_init)
    k_send_msg                               0x00000939   Thumb Code     6  k_msg.o(i.k_send_msg)
    k_send_msg_nb                            0x0000093f   Thumb Code     6  k_msg.o(i.k_send_msg_nb)
    k_tsk_create                             0x00000945   Thumb Code     8  k_task.o(i.k_tsk_create)
    k_tsk_create_new                         0x0000094d   Thumb Code   184  k_task.o(i.k_tsk_create_new)
    k_tsk_exit                               0x00000a09   Thumb Code     2  k_task.o(i.k_tsk_exit)
    k_tsk_get                                0x00000a0d   Thumb Code    56  k_task.o(i.k_tsk_get)
    k_tsk_gettid                             0x00000a51   Thumb Code     8  k_task.o(i.k_tsk_gettid)
    k_tsk_init                               0x00000a5d   Thumb Code   110  k_task.o(i.k_tsk_init)
    k_tsk_init_first                         0x00000ad9   Thumb Code    22  k_task.o(i.k_tsk_init_first)
    k_tsk_ls                                 0x00000af5   Thumb Code     6  k_task.o(i.k_tsk_ls)
    k_tsk_run_new                            0x00000afd   Thumb Code    72  k_task.o(i.k_tsk_run_new)
    k_tsk_set_prio                           0x00000b49   Thumb Code     6  k_task.o(i.k_tsk_set_prio)
    k_tsk_yield                              0x00000b4f   Thumb Code     8  k_task.o(i.k_tsk_yield)
    main                                     0x00000b59   Thumb Code    84  main.o(i.main)
    print_log                                0x00000bc1   Thumb Code    42  ae_util.o(i.print_log)
    print_results                            0x00000c31   Thumb Code   118  ae_util.o(i.print_results)
    print_summary                            0x00000d51   Thumb Code    18  ae_util.o(i.print_summary)
    process_sub_result                       0x00000d79   Thumb Code    46  ae_util.o(i.process_sub_result)
    putc                                     0x00000db1   Thumb Code    28  uart_polling.o(i.putc)
    scheduler                                0x00000e51   Thumb Code    32  k_task.o(i.scheduler)
    set_ae_init_tasks                        0x00000e7d   Thumb Code    24  ae_tasks300_g99.o(i.set_ae_init_tasks)
    set_ae_tasks                             0x00000e99   Thumb Code    64  ae_tasks300_g99.o(i.set_ae_tasks)
    strcpy                                   0x00000edd   Thumb Code    32  ae_util.o(i.strcpy)
    task0                                    0x00000efd   Thumb Code   336  ae_tasks300_g99.o(i.task0)
    task1                                    0x00001199   Thumb Code   374  ae_tasks300_g99.o(i.task1)
    task2                                    0x00001419   Thumb Code   244  ae_tasks300_g99.o(i.task2)
    task_null                                0x0000165d   Thumb Code     6  null_task.o(i.task_null)
    test0_start                              0x00001665   Thumb Code   264  ae_tasks300_g99.o(i.test0_start)
    test1_start                              0x00001825   Thumb Code   370  ae_tasks300_g99.o(i.test1_start)
    test_abort                               0x00001a99   Thumb Code    34  ae_util.o(i.test_abort)
    test_exit                                0x00001b05   Thumb Code    12  ae_util.o(i.test_exit)
    tfp_format                               0x00001b25   Thumb Code   296  printf.o(i.tfp_format)
    tfp_printf                               0x00001c4d   Thumb Code    34  printf.o(i.tfp_printf)
    tfp_sprintf                              0x00001c79   Thumb Code    38  printf.o(i.tfp_sprintf)
    uart_init                                0x00001ca5   Thumb Code    96  uart_polling.o(i.uart_init)
    uart_irq_init                            0x00001d11   Thumb Code   166  uart_irq.o(i.uart_irq_init)
    uart_put_char                            0x00001dcd   Thumb Code    42  uart_polling.o(i.uart_put_char)
    uart_put_string                          0x00001e01   Thumb Code    38  uart_polling.o(i.uart_put_string)
    update_ae_xtest                          0x00001e7d   Thumb Code    18  ae_tasks300_g99.o(i.update_ae_xtest)
    update_exec_seq                          0x00001e95   Thumb Code    64  ae_tasks300_g99.o(i.update_exec_seq)
    PREFIX                                   0x00001ed8   Data          10  ae_tasks300_g99.o(.constdata)
    PREFIX_LOG                               0x00001ee2   Data          14  ae_tasks300_g99.o(.constdata)
    PREFIX_LOG2                              0x00001ef0   Data          15  ae_tasks300_g99.o(.constdata)
    Region$$Table$$Base                      0x00001fd0   Number         0  anon$$obj.o(Region$$Table)
    Region$$Table$$Limit                     0x00001ff0   Number         0  anon$$obj.o(Region$$Table)
    g_buffer                                 0x10000000   Data          16  uart_irq.o(.data)
    gp_buffer                                0x10000010   Data           4  uart_irq.o(.data)
    g_send_char                              0x10000014   Data           1  uart_irq.o(.data)
    g_char_in                                0x10000015   Data           1  uart_irq.o(.data)
    g_char_out                               0x10000016   Data           1  uart_irq.o(.data)
    g_switch_flag                            0x10000017   Data           1  uart_irq.o(.data)
    errno                                    0x10000018   Data           4  k_rtx_init.o(.data)
    gp_current_task                          0x1000001c   Data           4  k_task.o(.data)
    g_num_active_tasks                       0x10000020   Data           4  k_task.o(.data)
    g_k_stacks                               0x10000040   Data       12288  k_mem.o(.bss)
    g_p_stacks                               0x10003040   Data        1536  k_mem.o(.bss)
    g_tcbs                                   0x10003640   Data         256  k_task.o(.bss)
    __libspace_start                         0x10003740   Data          96  libspace.o(.bss)
    __temporary_stack_top$libspace           0x100037a0   Data           0  libspace.o(.bss)
    g_init_tasks                             0x100037a0   Data          12  ae_tasks300_g99.o(.bss)
    g_ae_xtest                               0x100037ac   Data         132  ae_tasks300_g99.o(.bss)
    g_ae_cases                               0x10003830   Data          16  ae_tasks300_g99.o(.bss)
    g_tsk_cases                              0x10003840   Data         144  ae_tasks300_g99.o(.bss)
    g_buf1                                   0x100038d0   Data         128  ae_tasks300_g99.o(.bss)
    g_buf2                                   0x10003950   Data         128  ae_tasks300_g99.o(.bss)
    g_tasks                                  0x100039d0   Data          16  ae_tasks300_g99.o(.bss)
    g_tids                                   0x100039e0   Data          16  ae_tasks300_g99.o(.bss)



==============================================================================

Memory Map of the image

  Image Entry point : 0x000000cd

  Load Region LR_IROM1 (Base: 0x00000000, Size: 0x0000202c, Max: 0x00080000, ABSOLUTE)

    Execution Region ER_IROM1 (Exec base: 0x00000000, Load base: 0x00000000, Size: 0x00001ff0, Max: 0x00080000, ABSOLUTE)

    Exec Addr    Load Addr    Size         Type   Attr      Idx    E Section Name        Object

    0x00000000   0x00000000   0x000000cc   Data   RO          617    RESET               startup_lpc17xx.o
    0x000000cc   0x000000cc   0x00000008   Code   RO          667  * !!!main             c_w.l(__main.o)
    0x000000d4   0x000000d4   0x00000034   Code   RO         1101    !!!scatter          c_w.l(__scatter.o)
    0x00000108   0x00000108   0x0000001a   Code   RO         1103    !!handler_copy      c_w.l(__scatter_copy.o)
    0x00000122   0x00000122   0x00000002   PAD
    0x00000124   0x00000124   0x0000001c   Code   RO         1105    !!handler_zi        c_w.l(__scatter_zi.o)
    0x00000140   0x00000140   0x00000002   Code   RO          764    .ARM.Collect$$libinit$$00000000  c_w.l(libinit.o)
    0x00000142   0x00000142   0x00000000   Code   RO          819    .ARM.Collect$$libinit$$00000002  c_w.l(libinit2.o)
    0x00000142   0x00000142   0x00000000   Code   RO          821    .ARM.Collect$$libinit$$00000004  c_w.l(libinit2.o)
    0x00000142   0x00000142   0x00000000   Code   RO          824    .ARM.Collect$$libinit$$0000000A  c_w.l(libinit2.o)
    0x00000142   0x00000142   0x00000000   Code   RO          826    .ARM.Collect$$libinit$$0000000C  c_w.l(libinit2.o)
    0x00000142   0x00000142   0x00000000   Code   RO          828    .ARM.Collect$$libinit$$0000000E  c_w.l(libinit2.o)
    0x00000142   0x00000142   0x00000000   Code   RO          831    .ARM.Collect$$libinit$$00000011  c_w.l(libinit2.o)
    0x00000142   0x00000142   0x00000000   Code   RO          833    .ARM.Collect$$libinit$$00000013  c_w.l(libinit2.o)
    0x00000142   0x00000142   0x00000000   Code   RO          835    .ARM.Collect$$libinit$$00000015  c_w.l(libinit2.o)
    0x00000142   0x00000142   0x00000000   Code   RO          837    .ARM.Collect$$libinit$$00000017  c_w.l(libinit2.o)
    0x00000142   0x00000142   0x00000000   Code   RO          839    .ARM.Collect$$libinit$$00000019  c_w.l(libinit2.o)
    0x00000142   0x00000142   0x00000000   Code   RO          841    .ARM.Collect$$libinit$$0000001B  c_w.l(libinit2.o)
    0x00000142   0x00000142   0x00000000   Code   RO          843    .ARM.Collect$$libinit$$0000001D  c_w.l(libinit2.o)
    0x00000142   0x00000142   0x00000000   Code   RO          845    .ARM.Collect$$libinit$$0000001F  c_w.l(libinit2.o)
    0x00000142   0x00000142   0x00000000   Code   RO          847    .ARM.Collect$$libinit$$00000021  c_w.l(libinit2.o)
    0x00000142   0x00000142   0x00000000   Code   RO          849    .ARM.Collect$$libinit$$00000023  c_w.l(libinit2.o)
    0x00000142   0x00000142   0x00000000   Code   RO          851    .ARM.Collect$$libinit$$00000025  c_w.l(libinit2.o)
    0x00000142   0x00000142   0x00000000   Code   RO          855    .ARM.Collect$$libinit$$0000002C  c_w.l(libinit2.o)
    0x00000142   0x00000142   0x00000000   Code   RO          857    .ARM.Collect$$libinit$$0000002E  c_w.l(libinit2.o)
    0x00000142   0x00000142   0x00000000   Code   RO          859    .ARM.Collect$$libinit$$00000030  c_w.l(libinit2.o)
    0x00000142   0x00000142   0x00000000   Code   RO          861    .ARM.Collect$$libinit$$00000032  c_w.l(libinit2.o)
    0x00000142   0x00000142   0x00000002   Code   RO          862    .ARM.Collect$$libinit$$00000033  c_w.l(libinit2.o)
    0x00000144   0x00000144   0x00000002   Code   RO         1058    .ARM.Collect$$libshutdown$$00000000  c_w.l(libshutdown.o)
    0x00000146   0x00000146   0x00000000   Code   RO         1084    .ARM.Collect$$libshutdown$$00000002  c_w.l(libshutdown2.o)
    0x00000146   0x00000146   0x00000000   Code   RO         1086    .ARM.Collect$$libshutdown$$00000004  c_w.l(libshutdown2.o)
    0x00000146   0x00000146   0x00000000   Code   RO         1089    .ARM.Collect$$libshutdown$$00000007  c_w.l(libshutdown2.o)
    0x00000146   0x00000146   0x00000000   Code   RO         1092    .ARM.Collect$$libshutdown$$0000000A  c_w.l(libshutdown2.o)
    0x00000146   0x00000146   0x00000000   Code   RO         1094    .ARM.Collect$$libshutdown$$0000000C  c_w.l(libshutdown2.o)
    0x00000146   0x00000146   0x00000000   Code   RO         1097    .ARM.Collect$$libshutdown$$0000000F  c_w.l(libshutdown2.o)
    0x00000146   0x00000146   0x00000002   Code   RO         1098    .ARM.Collect$$libshutdown$$00000010  c_w.l(libshutdown2.o)
    0x00000148   0x00000148   0x00000000   Code   RO          669    .ARM.Collect$$rtentry$$00000000  c_w.l(__rtentry.o)
    0x00000148   0x00000148   0x00000000   Code   RO          675    .ARM.Collect$$rtentry$$00000002  c_w.l(__rtentry2.o)
    0x00000148   0x00000148   0x00000006   Code   RO          687    .ARM.Collect$$rtentry$$00000004  c_w.l(__rtentry4.o)
    0x0000014e   0x0000014e   0x00000000   Code   RO          677    .ARM.Collect$$rtentry$$00000009  c_w.l(__rtentry2.o)
    0x0000014e   0x0000014e   0x00000004   Code   RO          678    .ARM.Collect$$rtentry$$0000000A  c_w.l(__rtentry2.o)
    0x00000152   0x00000152   0x00000000   Code   RO          680    .ARM.Collect$$rtentry$$0000000C  c_w.l(__rtentry2.o)
    0x00000152   0x00000152   0x00000008   Code   RO          681    .ARM.Collect$$rtentry$$0000000D  c_w.l(__rtentry2.o)
    0x0000015a   0x0000015a   0x00000002   Code   RO          810    .ARM.Collect$$rtexit$$00000000  c_w.l(rtexit.o)
    0x0000015c   0x0000015c   0x00000000   Code   RO          961    .ARM.Collect$$rtexit$$00000002  c_w.l(rtexit2.o)
    0x0000015c   0x0000015c   0x00000004   Code   RO          962    .ARM.Collect$$rtexit$$00000003  c_w.l(rtexit2.o)
    0x00000160   0x00000160   0x00000006   Code   RO          963    .ARM.Collect$$rtexit$$00000004  c_w.l(rtexit2.o)
    0x00000166   0x00000166   0x00000002   PAD
    0x00000168   0x00000168   0x00000008   Code   RO          174    .emb_text           hal.o
    0x00000170   0x00000170   0x00000032   Code   RO          392    .emb_text           k_task.o
    0x000001a2   0x000001a2   0x00000002   PAD
    0x000001a4   0x000001a4   0x0000003c   Code   RO          619    .text               startup_lpc17xx.o
    0x000001e0   0x000001e0   0x00000006   Code   RO          665    .text               c_w.l(heapauxi.o)
    0x000001e6   0x000001e6   0x0000004a   Code   RO          751    .text               c_w.l(sys_stackheap_outer.o)
    0x00000230   0x00000230   0x00000012   Code   RO          753    .text               c_w.l(exit.o)
    0x00000242   0x00000242   0x00000002   PAD
    0x00000244   0x00000244   0x00000008   Code   RO          807    .text               c_w.l(libspace.o)
    0x0000024c   0x0000024c   0x0000000c   Code   RO          958    .text               c_w.l(sys_exit.o)
    0x00000258   0x00000258   0x00000002   Code   RO         1047    .text               c_w.l(use_no_semi.o)
    0x0000025a   0x0000025a   0x00000000   Code   RO         1049    .text               c_w.l(indicate_semi.o)
    0x0000025a   0x0000025a   0x00000002   PAD
    0x0000025c   0x0000025c   0x0000002c   Code   RO          975    i.HardFault_Handler  ae-lib-sim.lib(ae_util.o)
    0x00000288   0x00000288   0x00000022   Code   RO           88    i.__NVIC_EnableIRQ  uart_irq.o
    0x000002aa   0x000002aa   0x00000032   Code   RO          501    i.a2d               printf.o
    0x000002dc   0x000002dc   0x00000004   Code   RO          976    i.ae_exit           ae-lib-sim.lib(ae_util.o)
    0x000002e0   0x000002e0   0x00000016   Code   RO          767    i.ae_set_init_tasks_info  ae-lib-sim.lib(ae.o)
    0x000002f6   0x000002f6   0x00000006   Code   RO          287    i.k_mbx_create      k_msg.o
    0x000002fc   0x000002fc   0x00000004   Code   RO          618    .ARM.__at_0x02FC    startup_lpc17xx.o
    0x00000300   0x00000300   0x00000106   Code   RO          393    i.SVC_Handler       k_task.o
    0x00000406   0x00000406   0x00000002   PAD
    0x00000408   0x00000408   0x00000140   Code   RO          629    i.SystemInit        system_lpc17xx.o
    0x00000548   0x00000548   0x000000ac   Code   RO           87    i.UART0_IRQHandler  uart_irq.o
    0x000005f4   0x000005f4   0x0000003a   Code   RO          502    i.a2i               printf.o
    0x0000062e   0x0000062e   0x00000030   Code   RO          766    i.ae_init_new       ae-lib-sim.lib(ae.o)
    0x0000065e   0x0000065e   0x00000016   Code   RO          768    i.ae_set_sys_info   ae-lib-sim.lib(ae.o)
    0x00000674   0x00000674   0x00000012   Code   RO          977    i.count_set_bits    ae-lib-sim.lib(ae_util.o)
    0x00000686   0x00000686   0x00000002   PAD
    0x00000688   0x00000688   0x0000004c   Code   RO          863    i.gen_req0          ae-lib-sim.lib(ae_tasks300_g99.o)
    0x000006d4   0x000006d4   0x00000048   Code   RO          864    i.gen_req1          ae-lib-sim.lib(ae_tasks300_g99.o)
    0x0000071c   0x0000071c   0x00000020   Code   RO          503    i.i2a               printf.o
    0x0000073c   0x0000073c   0x0000007c   Code   RO          865    i.init_ae_tsk_test  ae-lib-sim.lib(ae_tasks300_g99.o)
    0x000007b8   0x000007b8   0x00000014   Code   RO          504    i.init_printf       printf.o
    0x000007cc   0x000007cc   0x00000030   Code   RO          219    i.k_alloc_k_stack   k_mem.o
    0x000007fc   0x000007fc   0x0000002c   Code   RO          220    i.k_alloc_p_stack   k_mem.o
    0x00000828   0x00000828   0x00000006   Code   RO          288    i.k_mbx_get         k_msg.o
    0x0000082e   0x0000082e   0x00000006   Code   RO          289    i.k_mbx_ls          k_msg.o
    0x00000834   0x00000834   0x00000040   Code   RO          221    i.k_mem_init        k_mem.o
    0x00000874   0x00000874   0x0000000c   Code   RO          222    i.k_mpool_alloc     k_mem.o
    0x00000880   0x00000880   0x00000044   Code   RO          223    i.k_mpool_create    k_mem.o
    0x000008c4   0x000008c4   0x00000006   Code   RO          224    i.k_mpool_dealloc   k_mem.o
    0x000008ca   0x000008ca   0x00000006   Code   RO          225    i.k_mpool_dump      k_mem.o
    0x000008d0   0x000008d0   0x00000024   Code   RO          348    i.k_pre_rtx_init    k_rtx_init.o
    0x000008f4   0x000008f4   0x00000006   Code   RO          290    i.k_recv_msg        k_msg.o
    0x000008fa   0x000008fa   0x00000006   Code   RO          291    i.k_recv_msg_nb     k_msg.o
    0x00000900   0x00000900   0x00000038   Code   RO          349    i.k_rtx_init        k_rtx_init.o
    0x00000938   0x00000938   0x00000006   Code   RO          292    i.k_send_msg        k_msg.o
    0x0000093e   0x0000093e   0x00000006   Code   RO          293    i.k_send_msg_nb     k_msg.o
    0x00000944   0x00000944   0x00000008   Code   RO          394    i.k_tsk_create      k_task.o
    0x0000094c   0x0000094c   0x000000bc   Code   RO          395    i.k_tsk_create_new  k_task.o
    0x00000a08   0x00000a08   0x00000002   Code   RO          396    i.k_tsk_exit        k_task.o
    0x00000a0a   0x00000a0a   0x00000002   PAD
    0x00000a0c   0x00000a0c   0x00000044   Code   RO          397    i.k_tsk_get         k_task.o
    0x00000a50   0x00000a50   0x0000000c   Code   RO          398    i.k_tsk_gettid      k_task.o
    0x00000a5c   0x00000a5c   0x0000007c   Code   RO          399    i.k_tsk_init        k_task.o
    0x00000ad8   0x00000ad8   0x0000001c   Code   RO          400    i.k_tsk_init_first  k_task.o
    0x00000af4   0x00000af4   0x00000006   Code   RO          401    i.k_tsk_ls          k_task.o
    0x00000afa   0x00000afa   0x00000002   PAD
    0x00000afc   0x00000afc   0x0000004c   Code   RO          402    i.k_tsk_run_new     k_task.o
    0x00000b48   0x00000b48   0x00000006   Code   RO          403    i.k_tsk_set_prio    k_task.o
    0x00000b4e   0x00000b4e   0x00000008   Code   RO          404    i.k_tsk_yield       k_task.o
    0x00000b56   0x00000b56   0x00000002   PAD
    0x00000b58   0x00000b58   0x00000068   Code   RO          693    i.main              ae-lib-sim.lib(main.o)
    0x00000bc0   0x00000bc0   0x00000070   Code   RO          978    i.print_log         ae-lib-sim.lib(ae_util.o)
    0x00000c30   0x00000c30   0x00000120   Code   RO          979    i.print_results     ae-lib-sim.lib(ae_util.o)
    0x00000d50   0x00000d50   0x00000028   Code   RO          980    i.print_summary     ae-lib-sim.lib(ae_util.o)
    0x00000d78   0x00000d78   0x00000038   Code   RO          981    i.process_sub_result  ae-lib-sim.lib(ae_util.o)
    0x00000db0   0x00000db0   0x00000044   Code   RO            4    i.putc              uart_polling.o
    0x00000df4   0x00000df4   0x00000052   Code   RO          505    i.putchw            printf.o
    0x00000e46   0x00000e46   0x0000000a   Code   RO          506    i.putcp             printf.o
    0x00000e50   0x00000e50   0x0000002c   Code   RO          405    i.scheduler         k_task.o
    0x00000e7c   0x00000e7c   0x0000001c   Code   RO          866    i.set_ae_init_tasks  ae-lib-sim.lib(ae_tasks300_g99.o)
    0x00000e98   0x00000e98   0x00000044   Code   RO          867    i.set_ae_tasks      ae-lib-sim.lib(ae_tasks300_g99.o)
    0x00000edc   0x00000edc   0x00000020   Code   RO          982    i.strcpy            ae-lib-sim.lib(ae_util.o)
    0x00000efc   0x00000efc   0x0000029c   Code   RO          868    i.task0             ae-lib-sim.lib(ae_tasks300_g99.o)
    0x00001198   0x00001198   0x00000280   Code   RO          869    i.task1             ae-lib-sim.lib(ae_tasks300_g99.o)
    0x00001418   0x00001418   0x00000244   Code   RO          870    i.task2             ae-lib-sim.lib(ae_tasks300_g99.o)
    0x0000165c   0x0000165c   0x00000006   Code   RO          584    i.task_null         null_task.o
    0x00001662   0x00001662   0x00000002   PAD
    0x00001664   0x00001664   0x000001c0   Code   RO          871    i.test0_start       ae-lib-sim.lib(ae_tasks300_g99.o)
    0x00001824   0x00001824   0x00000274   Code   RO          872    i.test1_start       ae-lib-sim.lib(ae_tasks300_g99.o)
    0x00001a98   0x00001a98   0x0000006c   Code   RO          983    i.test_abort        ae-lib-sim.lib(ae_util.o)
    0x00001b04   0x00001b04   0x00000020   Code   RO          984    i.test_exit         ae-lib-sim.lib(ae_util.o)
    0x00001b24   0x00001b24   0x00000128   Code   RO          507    i.tfp_format        printf.o
    0x00001c4c   0x00001c4c   0x0000002c   Code   RO          508    i.tfp_printf        printf.o
    0x00001c78   0x00001c78   0x0000002c   Code   RO          509    i.tfp_sprintf       printf.o
    0x00001ca4   0x00001ca4   0x0000006c   Code   RO            6    i.uart_init         uart_polling.o
    0x00001d10   0x00001d10   0x000000bc   Code   RO           89    i.uart_irq_init     uart_irq.o
    0x00001dcc   0x00001dcc   0x00000034   Code   RO            7    i.uart_put_char     uart_polling.o
    0x00001e00   0x00001e00   0x00000026   Code   RO            8    i.uart_put_string   uart_polling.o
    0x00001e26   0x00001e26   0x00000056   Code   RO          510    i.ui2a              printf.o
    0x00001e7c   0x00001e7c   0x00000018   Code   RO          873    i.update_ae_xtest   ae-lib-sim.lib(ae_tasks300_g99.o)
    0x00001e94   0x00001e94   0x00000044   Code   RO          874    i.update_exec_seq   ae-lib-sim.lib(ae_tasks300_g99.o)
    0x00001ed8   0x00001ed8   0x00000027   Data   RO          876    .constdata          ae-lib-sim.lib(ae_tasks300_g99.o)
    0x00001eff   0x00001eff   0x00000001   PAD
    0x00001f00   0x00001f00   0x000000cd   Data   RO          877    .conststring        ae-lib-sim.lib(ae_tasks300_g99.o)
    0x00001fcd   0x00001fcd   0x00000003   PAD
    0x00001fd0   0x00001fd0   0x00000020   Data   RO         1099    Region$$Table       anon$$obj.o


    Execution Region RW_IRAM1 (Exec base: 0x10000000, Load base: 0x00001ff0, Size: 0x00003bf0, Max: 0x00007000, ABSOLUTE)

    Exec Addr    Load Addr    Size         Type   Attr      Idx    E Section Name        Object

    0x10000000   0x00001ff0   0x00000018   Data   RW           90    .data               uart_irq.o
    0x10000018   0x00002008   0x00000004   Data   RW          350    .data               k_rtx_init.o
    0x1000001c   0x0000200c   0x00000008   Data   RW          407    .data               k_task.o
    0x10000024   0x00002014   0x00000008   Data   RW          511    .data               printf.o
    0x1000002c   0x0000201c   0x00000010   Data   RW          694    .data               ae-lib-sim.lib(main.o)
    0x1000003c   0x0000202c   0x00000004   PAD
    0x10000040        -       0x00003600   Zero   RW          226    .bss                k_mem.o
    0x10003640        -       0x00000100   Zero   RW          406    .bss                k_task.o
    0x10003740        -       0x00000060   Zero   RW          808    .bss                c_w.l(libspace.o)
    0x100037a0        -       0x00000250   Zero   RW          875    .bss                ae-lib-sim.lib(ae_tasks300_g99.o)
    0x100039f0        -       0x00000000   Zero   RW          616    HEAP                startup_lpc17xx.o
    0x100039f0        -       0x00000200   Zero   RW          615    STACK               startup_lpc17xx.o


==============================================================================

Image component sizes


      Code (inc. data)   RO Data    RW Data    ZI Data      Debug   Object Name

         8          2          0          0          0        324   hal.o
       248         52          0          0      13824       4629   k_mem.o
        42          0          0          0          0       3896   k_msg.o
        92          6          0          4          0       5586   k_rtx_init.o
       882         78          0          8        256      13255   k_task.o
         6          0          0          0          0        412   null_task.o
       722         26          0          8          0       6574   printf.o
        64         26        204          0        512       1028   startup_lpc17xx.o
       320         18          0          0          0        589   system_lpc17xx.o
       394         50          0         24          0      31898   uart_irq.o
       266         62          0          0          0      24169   uart_polling.o

    ----------------------------------------------------------------------
      3056        320        236         44      14592      92360   Object Totals
         0          0         32          0          0          0   (incl. Generated)
        12          0          0          0          0          0   (incl. Padding)

    ----------------------------------------------------------------------

      Code (inc. data)   RO Data    RW Data    ZI Data      Debug   Library Member Name

        92          0          0          0          0       4289   ae.o
      3424       1430        244          0        592      10292   ae_tasks300_g99.o
       734        392          0          0          0       6128   ae_util.o
       104         20          0         16          0       4643   main.o
         8          0          0          0          0         68   __main.o
         0          0          0          0          0          0   __rtentry.o
        12          0          0          0          0          0   __rtentry2.o
         6          0          0          0          0          0   __rtentry4.o
        52          8          0          0          0          0   __scatter.o
        26          0          0          0          0          0   __scatter_copy.o
        28          0          0          0          0          0   __scatter_zi.o
        18          0          0          0          0         80   exit.o
         6          0          0          0          0        152   heapauxi.o
         0          0          0          0          0          0   indicate_semi.o
         2          0          0          0          0          0   libinit.o
         2          0          0          0          0          0   libinit2.o
         2          0          0          0          0          0   libshutdown.o
         2          0          0          0          0          0   libshutdown2.o
         8          4          0          0         96         68   libspace.o
         2          0          0          0          0          0   rtexit.o
        10          0          0          0          0          0   rtexit2.o
        12          4          0          0          0         68   sys_exit.o
        74          0          0          0          0         80   sys_stackheap_outer.o
         2          0          0          0          0         68   use_no_semi.o

    ----------------------------------------------------------------------
      4636       1858        248         16        692      25936   Library Totals
        10          0          4          0          4          0   (incl. Padding)

    ----------------------------------------------------------------------

      Code (inc. data)   RO Data    RW Data    ZI Data      Debug   Library Name

      4354       1842        244         16        592      25352   ae-lib-sim.lib
       272         16          0          0         96        584   c_w.l

    ----------------------------------------------------------------------
      4636       1858        248         16        692      25936   Library Totals

    ----------------------------------------------------------------------

==============================================================================


      Code (inc. data)   RO Data    RW Data    ZI Data      Debug   

      7692       2178        484         60      15284     114444   Grand Totals
      7692       2178        484         60      15284     114444   ELF Image Totals
      7692       2178        484         60          0          0   ROM Totals

==============================================================================

    Total RO  Size (Code + RO Data)                 8176 (   7.98kB)
    Total RW  Size (RW Data + ZI Data)             15344 (  14.98kB)
    Total ROM Size (Code + RO Data + RW Data)       8236 (   8.04kB)

==============================================================================

