Component: ARM Compiler 5.06 update 6 (build 750) Tool: armlink [4d35ed]

==============================================================================

Section Cross References

    uart_irq.o(.emb_text) refers to uart_irq.o(.text) for c_UART0_IRQHandler
    uart_irq.o(.emb_text) refers to k_task.o(.text) for k_tsk_yield
    uart_irq.o(.emb_text) refers to k_task.o(.data) for g_switch_flag
    uart_irq.o(.text) refers to uart_polling.o(.text) for uart_put_string
    uart_irq.o(.text) refers to printf.o(.text) for tfp_printf
    uart_irq.o(.text) refers to uart_irq.o(.data) for g_char_in
    uart_irq.o(.text) refers to k_task.o(.data) for g_switch_flag
    k_mem.o(.text) refers to printf.o(.text) for tfp_printf
    k_msg.o(.text) refers to printf.o(.text) for tfp_printf
    k_rtx_init.o(.text) refers to uart_irq.o(.text) for uart_irq_init
    k_rtx_init.o(.text) refers to k_mem.o(.text) for k_mem_init
    k_rtx_init.o(.text) refers to k_task.o(.text) for k_tsk_init
    k_task.o(.text) refers to hal.o(.emb_text) for __rte
    k_task.o(.text) refers to printf.o(.text) for tfp_printf
    k_task.o(.text) refers to lcd_task.o(.text) for lcd_task
    k_task.o(.text) refers to kcd_task.o(.text) for kcd_task
    k_task.o(.text) refers to null_task.o(.text) for null_task
    k_task.o(.text) refers to k_task.o(.bss) for g_tcbs
    k_task.o(.text) refers to k_task.o(.data) for gp_current_task
    priv_tasks.o(.text) refers to uart_polling.o(.text) for uart_put_char
    priv_tasks.o(.text) refers to printf.o(.text) for tfp_printf
    priv_tasks.o(.text) refers to usr_tasks.o(.text) for task1
    priv_tasks.o(.text) refers to k_task.o(.text) for k_tsk_create
    main_svc.o(.text) refers to system_lpc17xx.o(.text) for SystemInit
    main_svc.o(.text) refers to uart_polling.o(.text) for uart_init
    main_svc.o(.text) refers to printf.o(.text) for init_printf
    main_svc.o(.text) refers to priv_tasks.o(.text) for set_task_info
    main_svc.o(.text) refers to lcd_task.o(.text) for lcd_task
    main_svc.o(.text) refers to kcd_task.o(.text) for kcd_task
    main_svc.o(.text) refers to null_task.o(.text) for null_task
    main_svc.o(.text) refers to k_rtx_init.o(.text) for k_rtx_init
    printf.o(.text) refers to printf.o(.data) for stdout_putf
    usr_tasks.o(.text) refers to uart_polling.o(.text) for uart_put_string
    usr_tasks.o(.text) refers to usr_tasks.o(.bss) for g_buf1
    usr_tasks.o(.text) refers to k_msg.o(.text) for k_mbx_create
    usr_tasks.o(.text) refers to k_task.o(.text) for k_tsk_exit
    startup_lpc17xx.o(STACK) refers (Special) to heapauxi.o(.text) for __use_two_region_memory
    startup_lpc17xx.o(HEAP) refers (Special) to heapauxi.o(.text) for __use_two_region_memory
    startup_lpc17xx.o(RESET) refers (Special) to heapauxi.o(.text) for __use_two_region_memory
    startup_lpc17xx.o(RESET) refers to startup_lpc17xx.o(STACK) for __initial_sp
    startup_lpc17xx.o(RESET) refers to startup_lpc17xx.o(.text) for Reset_Handler
    startup_lpc17xx.o(RESET) refers to hal.o(.emb_text) for SVC_Handler
    startup_lpc17xx.o(RESET) refers to uart_irq.o(.emb_text) for UART0_IRQHandler
    startup_lpc17xx.o(.ARM.__at_0x02FC) refers (Special) to heapauxi.o(.text) for __use_two_region_memory
    startup_lpc17xx.o(.text) refers (Special) to heapauxi.o(.text) for __use_two_region_memory
    startup_lpc17xx.o(.text) refers to system_lpc17xx.o(.text) for SystemInit
    startup_lpc17xx.o(.text) refers to __main.o(!!!main) for __main
    startup_lpc17xx.o(.text) refers to startup_lpc17xx.o(HEAP) for Heap_Mem
    startup_lpc17xx.o(.text) refers to startup_lpc17xx.o(STACK) for Stack_Mem
    system_lpc17xx.o(.text) refers to lludivv7m.o(.text) for __aeabi_uldivmod
    system_lpc17xx.o(.text) refers to system_lpc17xx.o(.data) for SystemCoreClock
    __main.o(!!!main) refers to __rtentry.o(.ARM.Collect$$rtentry$$00000000) for __rt_entry
    __rtentry.o(.ARM.Collect$$rtentry$$00000000) refers (Special) to __rtentry2.o(.ARM.Collect$$rtentry$$0000000A) for __rt_entry_li
    __rtentry.o(.ARM.Collect$$rtentry$$00000000) refers (Special) to __rtentry2.o(.ARM.Collect$$rtentry$$0000000D) for __rt_entry_main
    __rtentry.o(.ARM.Collect$$rtentry$$00000000) refers (Special) to __rtentry2.o(.ARM.Collect$$rtentry$$0000000C) for __rt_entry_postli_1
    __rtentry.o(.ARM.Collect$$rtentry$$00000000) refers (Special) to __rtentry2.o(.ARM.Collect$$rtentry$$00000009) for __rt_entry_postsh_1
    __rtentry.o(.ARM.Collect$$rtentry$$00000000) refers (Special) to __rtentry2.o(.ARM.Collect$$rtentry$$00000002) for __rt_entry_presh_1
    __rtentry.o(.ARM.Collect$$rtentry$$00000000) refers (Special) to __rtentry4.o(.ARM.Collect$$rtentry$$00000004) for __rt_entry_sh
    aeabi_ldiv0_sigfpe.o(.text) refers to rt_div0.o(.text) for __rt_div0
    __rtentry2.o(.ARM.Collect$$rtentry$$00000008) refers to boardinit2.o(.text) for _platform_post_stackheap_init
    __rtentry2.o(.ARM.Collect$$rtentry$$0000000A) refers to libinit.o(.ARM.Collect$$libinit$$00000000) for __rt_lib_init
    __rtentry2.o(.ARM.Collect$$rtentry$$0000000B) refers to boardinit3.o(.text) for _platform_post_lib_init
    __rtentry2.o(.ARM.Collect$$rtentry$$0000000D) refers to main_svc.o(.text) for main
    __rtentry2.o(.ARM.Collect$$rtentry$$0000000D) refers to exit.o(.text) for exit
    __rtentry2.o(.ARM.exidx) refers to __rtentry2.o(.ARM.Collect$$rtentry$$00000001) for .ARM.Collect$$rtentry$$00000001
    __rtentry2.o(.ARM.exidx) refers to __rtentry2.o(.ARM.Collect$$rtentry$$00000008) for .ARM.Collect$$rtentry$$00000008
    __rtentry2.o(.ARM.exidx) refers to __rtentry2.o(.ARM.Collect$$rtentry$$0000000A) for .ARM.Collect$$rtentry$$0000000A
    __rtentry2.o(.ARM.exidx) refers to __rtentry2.o(.ARM.Collect$$rtentry$$0000000B) for .ARM.Collect$$rtentry$$0000000B
    __rtentry2.o(.ARM.exidx) refers to __rtentry2.o(.ARM.Collect$$rtentry$$0000000D) for .ARM.Collect$$rtentry$$0000000D
    __rtentry4.o(.ARM.Collect$$rtentry$$00000004) refers to sys_stackheap_outer.o(.text) for __user_setup_stackheap
    __rtentry4.o(.ARM.exidx) refers to __rtentry4.o(.ARM.Collect$$rtentry$$00000004) for .ARM.Collect$$rtentry$$00000004
    rt_div0.o(.text) refers to defsig_fpe_outer.o(.text) for __rt_SIGFPE
    sys_stackheap_outer.o(.text) refers to libspace.o(.text) for __user_perproc_libspace
    sys_stackheap_outer.o(.text) refers to startup_lpc17xx.o(.text) for __user_initial_stackheap
    exit.o(.text) refers to rtexit.o(.ARM.Collect$$rtexit$$00000000) for __rt_exit
    defsig_fpe_outer.o(.text) refers to defsig_fpe_inner.o(.text) for __rt_SIGFPE_inner
    defsig_fpe_outer.o(.text) refers to defsig_exit.o(.text) for __sig_exit
    defsig_fpe_formal.o(.text) refers to rt_raise.o(.text) for __rt_raise
    libinit.o(.ARM.Collect$$libinit$$00000000) refers (Special) to libinit2.o(.ARM.Collect$$libinit$$0000002E) for __rt_lib_init_alloca_1
    libinit.o(.ARM.Collect$$libinit$$00000000) refers (Special) to libinit2.o(.ARM.Collect$$libinit$$0000002C) for __rt_lib_init_argv_1
    libinit.o(.ARM.Collect$$libinit$$00000000) refers (Special) to libinit2.o(.ARM.Collect$$libinit$$0000001B) for __rt_lib_init_atexit_1
    libinit.o(.ARM.Collect$$libinit$$00000000) refers (Special) to libinit2.o(.ARM.Collect$$libinit$$00000021) for __rt_lib_init_clock_1
    libinit.o(.ARM.Collect$$libinit$$00000000) refers (Special) to libinit2.o(.ARM.Collect$$libinit$$00000032) for __rt_lib_init_cpp_1
    libinit.o(.ARM.Collect$$libinit$$00000000) refers (Special) to libinit2.o(.ARM.Collect$$libinit$$00000030) for __rt_lib_init_exceptions_1
    libinit.o(.ARM.Collect$$libinit$$00000000) refers (Special) to libinit2.o(.ARM.Collect$$libinit$$00000002) for __rt_lib_init_fp_1
    libinit.o(.ARM.Collect$$libinit$$00000000) refers (Special) to libinit2.o(.ARM.Collect$$libinit$$0000001F) for __rt_lib_init_fp_trap_1
    libinit.o(.ARM.Collect$$libinit$$00000000) refers (Special) to libinit2.o(.ARM.Collect$$libinit$$00000023) for __rt_lib_init_getenv_1
    libinit.o(.ARM.Collect$$libinit$$00000000) refers (Special) to libinit2.o(.ARM.Collect$$libinit$$0000000A) for __rt_lib_init_heap_1
    libinit.o(.ARM.Collect$$libinit$$00000000) refers (Special) to libinit2.o(.ARM.Collect$$libinit$$00000011) for __rt_lib_init_lc_collate_1
    libinit.o(.ARM.Collect$$libinit$$00000000) refers (Special) to libinit2.o(.ARM.Collect$$libinit$$00000013) for __rt_lib_init_lc_ctype_1
    libinit.o(.ARM.Collect$$libinit$$00000000) refers (Special) to libinit2.o(.ARM.Collect$$libinit$$00000015) for __rt_lib_init_lc_monetary_1
    libinit.o(.ARM.Collect$$libinit$$00000000) refers (Special) to libinit2.o(.ARM.Collect$$libinit$$00000017) for __rt_lib_init_lc_numeric_1
    libinit.o(.ARM.Collect$$libinit$$00000000) refers (Special) to libinit2.o(.ARM.Collect$$libinit$$00000019) for __rt_lib_init_lc_time_1
    libinit.o(.ARM.Collect$$libinit$$00000000) refers (Special) to libinit2.o(.ARM.Collect$$libinit$$00000004) for __rt_lib_init_preinit_1
    libinit.o(.ARM.Collect$$libinit$$00000000) refers (Special) to libinit2.o(.ARM.Collect$$libinit$$0000000E) for __rt_lib_init_rand_1
    libinit.o(.ARM.Collect$$libinit$$00000000) refers (Special) to libinit2.o(.ARM.Collect$$libinit$$00000033) for __rt_lib_init_return
    libinit.o(.ARM.Collect$$libinit$$00000000) refers (Special) to libinit2.o(.ARM.Collect$$libinit$$0000001D) for __rt_lib_init_signal_1
    libinit.o(.ARM.Collect$$libinit$$00000000) refers (Special) to libinit2.o(.ARM.Collect$$libinit$$00000025) for __rt_lib_init_stdio_1
    libinit.o(.ARM.Collect$$libinit$$00000000) refers (Special) to libinit2.o(.ARM.Collect$$libinit$$0000000C) for __rt_lib_init_user_alloc_1
    libspace.o(.text) refers to libspace.o(.bss) for __libspace_start
    rtexit.o(.ARM.Collect$$rtexit$$00000000) refers (Special) to rtexit2.o(.ARM.Collect$$rtexit$$00000004) for __rt_exit_exit
    rtexit.o(.ARM.Collect$$rtexit$$00000000) refers (Special) to rtexit2.o(.ARM.Collect$$rtexit$$00000003) for __rt_exit_ls
    rtexit.o(.ARM.Collect$$rtexit$$00000000) refers (Special) to rtexit2.o(.ARM.Collect$$rtexit$$00000002) for __rt_exit_prels_1
    rtexit.o(.ARM.exidx) refers (Special) to rtexit2.o(.ARM.Collect$$rtexit$$00000004) for __rt_exit_exit
    rtexit.o(.ARM.exidx) refers (Special) to rtexit2.o(.ARM.Collect$$rtexit$$00000003) for __rt_exit_ls
    rtexit.o(.ARM.exidx) refers (Special) to rtexit2.o(.ARM.Collect$$rtexit$$00000002) for __rt_exit_prels_1
    rtexit.o(.ARM.exidx) refers to rtexit.o(.ARM.Collect$$rtexit$$00000000) for .ARM.Collect$$rtexit$$00000000
    rt_raise.o(.text) refers to __raise.o(.text) for __raise
    rt_raise.o(.text) refers to sys_exit.o(.text) for _sys_exit
    defsig_exit.o(.text) refers to sys_exit.o(.text) for _sys_exit
    defsig_fpe_inner.o(.text) refers to defsig_general.o(.text) for __default_signal_display
    libinit2.o(.ARM.Collect$$libinit$$00000010) refers to libinit2.o(.ARM.Collect$$libinit$$0000000F) for .ARM.Collect$$libinit$$0000000F
    libinit2.o(.ARM.Collect$$libinit$$00000012) refers to libinit2.o(.ARM.Collect$$libinit$$0000000F) for .ARM.Collect$$libinit$$0000000F
    libinit2.o(.ARM.Collect$$libinit$$00000014) refers to libinit2.o(.ARM.Collect$$libinit$$0000000F) for .ARM.Collect$$libinit$$0000000F
    libinit2.o(.ARM.Collect$$libinit$$00000016) refers to libinit2.o(.ARM.Collect$$libinit$$0000000F) for .ARM.Collect$$libinit$$0000000F
    libinit2.o(.ARM.Collect$$libinit$$00000018) refers to libinit2.o(.ARM.Collect$$libinit$$0000000F) for .ARM.Collect$$libinit$$0000000F
    libinit2.o(.ARM.Collect$$libinit$$00000026) refers to argv_veneer.o(.emb_text) for __ARM_argv_veneer
    libinit2.o(.ARM.Collect$$libinit$$00000027) refers to argv_veneer.o(.emb_text) for __ARM_argv_veneer
    sys_exit.o(.text) refers (Special) to use_no_semi.o(.text) for __I$use$semihosting
    sys_exit.o(.text) refers (Special) to indicate_semi.o(.text) for __semihosting_library_function
    rtexit2.o(.ARM.Collect$$rtexit$$00000003) refers to libshutdown.o(.ARM.Collect$$libshutdown$$00000000) for __rt_lib_shutdown
    rtexit2.o(.ARM.Collect$$rtexit$$00000004) refers to sys_exit.o(.text) for _sys_exit
    rtexit2.o(.ARM.exidx) refers to rtexit2.o(.ARM.Collect$$rtexit$$00000001) for .ARM.Collect$$rtexit$$00000001
    rtexit2.o(.ARM.exidx) refers to rtexit2.o(.ARM.Collect$$rtexit$$00000003) for .ARM.Collect$$rtexit$$00000003
    rtexit2.o(.ARM.exidx) refers to rtexit2.o(.ARM.Collect$$rtexit$$00000004) for .ARM.Collect$$rtexit$$00000004
    __raise.o(.text) refers to defsig.o(CL$$defsig) for __default_signal_handler
    defsig_general.o(.text) refers to sys_wrch.o(.text) for _ttywrch
    argv_veneer.o(.emb_text) refers to no_argv.o(.text) for __ARM_get_argv
    sys_wrch.o(.text) refers (Special) to use_no_semi.o(.text) for __I$use$semihosting
    sys_wrch.o(.text) refers (Special) to indicate_semi.o(.text) for __semihosting_library_function
    defsig.o(CL$$defsig) refers to defsig_fpe_inner.o(.text) for __rt_SIGFPE_inner
    defsig.o(CL$$defsig) refers to defsig_rtmem_inner.o(.text) for __rt_SIGRTMEM_inner
    _get_argv_nomalloc.o(.text) refers (Special) to hrguard.o(.text) for __heap_region$guard
    _get_argv_nomalloc.o(.text) refers to defsig_rtmem_outer.o(.text) for __rt_SIGRTMEM
    _get_argv_nomalloc.o(.text) refers to sys_command.o(.text) for _sys_command_string
    libshutdown.o(.ARM.Collect$$libshutdown$$00000000) refers (Special) to libshutdown2.o(.ARM.Collect$$libshutdown$$00000002) for __rt_lib_shutdown_cpp_1
    libshutdown.o(.ARM.Collect$$libshutdown$$00000000) refers (Special) to libshutdown2.o(.ARM.Collect$$libshutdown$$00000007) for __rt_lib_shutdown_fp_trap_1
    libshutdown.o(.ARM.Collect$$libshutdown$$00000000) refers (Special) to libshutdown2.o(.ARM.Collect$$libshutdown$$0000000F) for __rt_lib_shutdown_heap_1
    libshutdown.o(.ARM.Collect$$libshutdown$$00000000) refers (Special) to libshutdown2.o(.ARM.Collect$$libshutdown$$00000010) for __rt_lib_shutdown_return
    libshutdown.o(.ARM.Collect$$libshutdown$$00000000) refers (Special) to libshutdown2.o(.ARM.Collect$$libshutdown$$0000000A) for __rt_lib_shutdown_signal_1
    libshutdown.o(.ARM.Collect$$libshutdown$$00000000) refers (Special) to libshutdown2.o(.ARM.Collect$$libshutdown$$00000004) for __rt_lib_shutdown_stdio_1
    libshutdown.o(.ARM.Collect$$libshutdown$$00000000) refers (Special) to libshutdown2.o(.ARM.Collect$$libshutdown$$0000000C) for __rt_lib_shutdown_user_alloc_1
    sys_command.o(.text) refers (Special) to use_no_semi.o(.text) for __I$use$semihosting
    sys_command.o(.text) refers (Special) to indicate_semi.o(.text) for __semihosting_library_function
    defsig_abrt_inner.o(.text) refers to defsig_general.o(.text) for __default_signal_display
    defsig_rtred_inner.o(.text) refers to defsig_general.o(.text) for __default_signal_display
    defsig_rtmem_inner.o(.text) refers to defsig_general.o(.text) for __default_signal_display
    defsig_rtmem_outer.o(.text) refers to defsig_rtmem_inner.o(.text) for __rt_SIGRTMEM_inner
    defsig_rtmem_outer.o(.text) refers to defsig_exit.o(.text) for __sig_exit
    defsig_rtmem_formal.o(.text) refers to rt_raise.o(.text) for __rt_raise
    defsig_stak_inner.o(.text) refers to defsig_general.o(.text) for __default_signal_display
    defsig_pvfn_inner.o(.text) refers to defsig_general.o(.text) for __default_signal_display
    defsig_cppl_inner.o(.text) refers to defsig_general.o(.text) for __default_signal_display
    defsig_segv_inner.o(.text) refers to defsig_general.o(.text) for __default_signal_display
    defsig_other.o(.text) refers to defsig_general.o(.text) for __default_signal_display


==============================================================================

Removing Unused input sections from the image.

    Removing uart_irq.o(.rev16_text), (4 bytes).
    Removing uart_irq.o(.revsh_text), (4 bytes).
    Removing uart_irq.o(.rrx_text), (6 bytes).
    Removing k_task.o(.rev16_text), (4 bytes).
    Removing k_task.o(.revsh_text), (4 bytes).
    Removing k_task.o(.rrx_text), (6 bytes).
    Removing main_svc.o(.rev16_text), (4 bytes).
    Removing main_svc.o(.revsh_text), (4 bytes).
    Removing main_svc.o(.rrx_text), (6 bytes).
    Removing uart_polling.o(.rev16_text), (4 bytes).
    Removing uart_polling.o(.revsh_text), (4 bytes).
    Removing uart_polling.o(.rrx_text), (6 bytes).
    Removing system_lpc17xx.o(.rev16_text), (4 bytes).
    Removing system_lpc17xx.o(.revsh_text), (4 bytes).
    Removing system_lpc17xx.o(.rrx_text), (6 bytes).

15 unused section(s) (total 70 bytes) removed from the image.

==============================================================================

Image Symbol Table

    Local Symbols

    Symbol Name                              Value     Ov Type        Size  Object(Section)

    RESET                                    0x00000000   Section      204  startup_lpc17xx.o(RESET)
    ../clib/angel/boardlib.s                 0x00000000   Number         0  boardinit1.o ABSOLUTE
    ../clib/angel/boardlib.s                 0x00000000   Number         0  boardshut.o ABSOLUTE
    ../clib/angel/boardlib.s                 0x00000000   Number         0  boardinit3.o ABSOLUTE
    ../clib/angel/boardlib.s                 0x00000000   Number         0  boardinit2.o ABSOLUTE
    ../clib/angel/handlers.s                 0x00000000   Number         0  __scatter_zi.o ABSOLUTE
    ../clib/angel/handlers.s                 0x00000000   Number         0  __scatter_copy.o ABSOLUTE
    ../clib/angel/kernel.s                   0x00000000   Number         0  rtexit.o ABSOLUTE
    ../clib/angel/kernel.s                   0x00000000   Number         0  __rtentry2.o ABSOLUTE
    ../clib/angel/kernel.s                   0x00000000   Number         0  __rtentry.o ABSOLUTE
    ../clib/angel/kernel.s                   0x00000000   Number         0  rtexit2.o ABSOLUTE
    ../clib/angel/kernel.s                   0x00000000   Number         0  __rtentry4.o ABSOLUTE
    ../clib/angel/rt.s                       0x00000000   Number         0  rt_raise.o ABSOLUTE
    ../clib/angel/rt.s                       0x00000000   Number         0  aeabi_ldiv0_sigfpe.o ABSOLUTE
    ../clib/angel/rt.s                       0x00000000   Number         0  rt_div0.o ABSOLUTE
    ../clib/angel/rt.s                       0x00000000   Number         0  aeabi_ldiv0.o ABSOLUTE
    ../clib/angel/scatter.s                  0x00000000   Number         0  __scatter.o ABSOLUTE
    ../clib/angel/startup.s                  0x00000000   Number         0  __main.o ABSOLUTE
    ../clib/angel/sys.s                      0x00000000   Number         0  sys_stackheap_outer.o ABSOLUTE
    ../clib/angel/sys.s                      0x00000000   Number         0  use_no_semi.o ABSOLUTE
    ../clib/angel/sys.s                      0x00000000   Number         0  indicate_semi.o ABSOLUTE
    ../clib/angel/sys.s                      0x00000000   Number         0  libspace.o ABSOLUTE
    ../clib/angel/sysapp.c                   0x00000000   Number         0  sys_wrch.o ABSOLUTE
    ../clib/angel/sysapp.c                   0x00000000   Number         0  sys_command.o ABSOLUTE
    ../clib/angel/sysapp.c                   0x00000000   Number         0  sys_exit.o ABSOLUTE
    ../clib/armsys.c                         0x00000000   Number         0  no_argv.o ABSOLUTE
    ../clib/armsys.c                         0x00000000   Number         0  _get_argv_nomalloc.o ABSOLUTE
    ../clib/armsys.c                         0x00000000   Number         0  argv_veneer.o ABSOLUTE
    ../clib/armsys.c                         0x00000000   Number         0  argv_veneer.o ABSOLUTE
    ../clib/heapalloc.c                      0x00000000   Number         0  hrguard.o ABSOLUTE
    ../clib/heapaux.c                        0x00000000   Number         0  heapauxi.o ABSOLUTE
    ../clib/libinit.s                        0x00000000   Number         0  libshutdown.o ABSOLUTE
    ../clib/libinit.s                        0x00000000   Number         0  libinit2.o ABSOLUTE
    ../clib/libinit.s                        0x00000000   Number         0  libinit.o ABSOLUTE
    ../clib/libinit.s                        0x00000000   Number         0  libshutdown2.o ABSOLUTE
    ../clib/longlong.s                       0x00000000   Number         0  lludivv7m.o ABSOLUTE
    ../clib/signal.c                         0x00000000   Number         0  defsig_stak_inner.o ABSOLUTE
    ../clib/signal.c                         0x00000000   Number         0  defsig_rtmem_outer.o ABSOLUTE
    ../clib/signal.c                         0x00000000   Number         0  defsig_rtred_inner.o ABSOLUTE
    ../clib/signal.c                         0x00000000   Number         0  defsig_abrt_inner.o ABSOLUTE
    ../clib/signal.c                         0x00000000   Number         0  defsig_rtmem_formal.o ABSOLUTE
    ../clib/signal.c                         0x00000000   Number         0  defsig_general.o ABSOLUTE
    ../clib/signal.c                         0x00000000   Number         0  __raise.o ABSOLUTE
    ../clib/signal.c                         0x00000000   Number         0  defsig_rtmem_inner.o ABSOLUTE
    ../clib/signal.c                         0x00000000   Number         0  defsig_fpe_inner.o ABSOLUTE
    ../clib/signal.c                         0x00000000   Number         0  defsig_exit.o ABSOLUTE
    ../clib/signal.c                         0x00000000   Number         0  defsig_fpe_formal.o ABSOLUTE
    ../clib/signal.c                         0x00000000   Number         0  defsig_other.o ABSOLUTE
    ../clib/signal.c                         0x00000000   Number         0  defsig_fpe_outer.o ABSOLUTE
    ../clib/signal.c                         0x00000000   Number         0  defsig_segv_inner.o ABSOLUTE
    ../clib/signal.c                         0x00000000   Number         0  defsig_cppl_inner.o ABSOLUTE
    ../clib/signal.c                         0x00000000   Number         0  defsig_pvfn_inner.o ABSOLUTE
    ../clib/signal.s                         0x00000000   Number         0  defsig.o ABSOLUTE
    ../clib/stdlib.c                         0x00000000   Number         0  exit.o ABSOLUTE
    ../fplib/fpinit.s                        0x00000000   Number         0  fpinit.o ABSOLUTE
    RTE\Device\LPC1768\startup_LPC17xx.s     0x00000000   Number         0  startup_lpc17xx.o ABSOLUTE
    RTE\Device\LPC1768\system_LPC17xx.c      0x00000000   Number         0  system_lpc17xx.o ABSOLUTE
    RTE\\Device\\LPC1768\\system_LPC17xx.c   0x00000000   Number         0  system_lpc17xx.o ABSOLUTE
    dc.s                                     0x00000000   Number         0  dc.o ABSOLUTE
    src\HAL.c                                0x00000000   Number         0  hal.o ABSOLUTE
    src\\HAL.c                               0x00000000   Number         0  hal.o ABSOLUTE
    src\\k_task.c                            0x00000000   Number         0  k_task.o ABSOLUTE
    src\\main_svc.c                          0x00000000   Number         0  main_svc.o ABSOLUTE
    src\\uart_irq.c                          0x00000000   Number         0  uart_irq.o ABSOLUTE
    src\\uart_polling.c                      0x00000000   Number         0  uart_polling.o ABSOLUTE
    src\k_mem.c                              0x00000000   Number         0  k_mem.o ABSOLUTE
    src\k_msg.c                              0x00000000   Number         0  k_msg.o ABSOLUTE
    src\k_rtx_init.c                         0x00000000   Number         0  k_rtx_init.o ABSOLUTE
    src\k_task.c                             0x00000000   Number         0  k_task.o ABSOLUTE
    src\kcd_task.c                           0x00000000   Number         0  kcd_task.o ABSOLUTE
    src\lcd_task.c                           0x00000000   Number         0  lcd_task.o ABSOLUTE
    src\main_svc.c                           0x00000000   Number         0  main_svc.o ABSOLUTE
    src\null_task.c                          0x00000000   Number         0  null_task.o ABSOLUTE
    src\printf.c                             0x00000000   Number         0  printf.o ABSOLUTE
    src\priv_tasks.c                         0x00000000   Number         0  priv_tasks.o ABSOLUTE
    src\uart_irq.c                           0x00000000   Number         0  uart_irq.o ABSOLUTE
    src\uart_polling.c                       0x00000000   Number         0  uart_polling.o ABSOLUTE
    src\usr_tasks.c                          0x00000000   Number         0  usr_tasks.o ABSOLUTE
    !!!main                                  0x000000cc   Section        8  __main.o(!!!main)
    !!!scatter                               0x000000d4   Section       52  __scatter.o(!!!scatter)
    !!handler_copy                           0x00000108   Section       26  __scatter_copy.o(!!handler_copy)
    !!handler_zi                             0x00000124   Section       28  __scatter_zi.o(!!handler_zi)
    .ARM.Collect$$libinit$$00000000          0x00000140   Section        2  libinit.o(.ARM.Collect$$libinit$$00000000)
    .ARM.Collect$$libinit$$00000002          0x00000142   Section        0  libinit2.o(.ARM.Collect$$libinit$$00000002)
    .ARM.Collect$$libinit$$00000004          0x00000142   Section        0  libinit2.o(.ARM.Collect$$libinit$$00000004)
    .ARM.Collect$$libinit$$0000000A          0x00000142   Section        0  libinit2.o(.ARM.Collect$$libinit$$0000000A)
    .ARM.Collect$$libinit$$0000000C          0x00000142   Section        0  libinit2.o(.ARM.Collect$$libinit$$0000000C)
    .ARM.Collect$$libinit$$0000000E          0x00000142   Section        0  libinit2.o(.ARM.Collect$$libinit$$0000000E)
    .ARM.Collect$$libinit$$00000011          0x00000142   Section        0  libinit2.o(.ARM.Collect$$libinit$$00000011)
    .ARM.Collect$$libinit$$00000013          0x00000142   Section        0  libinit2.o(.ARM.Collect$$libinit$$00000013)
    .ARM.Collect$$libinit$$00000015          0x00000142   Section        0  libinit2.o(.ARM.Collect$$libinit$$00000015)
    .ARM.Collect$$libinit$$00000017          0x00000142   Section        0  libinit2.o(.ARM.Collect$$libinit$$00000017)
    .ARM.Collect$$libinit$$00000019          0x00000142   Section        0  libinit2.o(.ARM.Collect$$libinit$$00000019)
    .ARM.Collect$$libinit$$0000001B          0x00000142   Section        0  libinit2.o(.ARM.Collect$$libinit$$0000001B)
    .ARM.Collect$$libinit$$0000001D          0x00000142   Section        0  libinit2.o(.ARM.Collect$$libinit$$0000001D)
    .ARM.Collect$$libinit$$0000001F          0x00000142   Section        0  libinit2.o(.ARM.Collect$$libinit$$0000001F)
    .ARM.Collect$$libinit$$00000021          0x00000142   Section        0  libinit2.o(.ARM.Collect$$libinit$$00000021)
    .ARM.Collect$$libinit$$00000023          0x00000142   Section        0  libinit2.o(.ARM.Collect$$libinit$$00000023)
    .ARM.Collect$$libinit$$00000025          0x00000142   Section        0  libinit2.o(.ARM.Collect$$libinit$$00000025)
    .ARM.Collect$$libinit$$0000002C          0x00000142   Section        0  libinit2.o(.ARM.Collect$$libinit$$0000002C)
    .ARM.Collect$$libinit$$0000002E          0x00000142   Section        0  libinit2.o(.ARM.Collect$$libinit$$0000002E)
    .ARM.Collect$$libinit$$00000030          0x00000142   Section        0  libinit2.o(.ARM.Collect$$libinit$$00000030)
    .ARM.Collect$$libinit$$00000032          0x00000142   Section        0  libinit2.o(.ARM.Collect$$libinit$$00000032)
    .ARM.Collect$$libinit$$00000033          0x00000142   Section        2  libinit2.o(.ARM.Collect$$libinit$$00000033)
    .ARM.Collect$$libshutdown$$00000000      0x00000144   Section        2  libshutdown.o(.ARM.Collect$$libshutdown$$00000000)
    .ARM.Collect$$libshutdown$$00000002      0x00000146   Section        0  libshutdown2.o(.ARM.Collect$$libshutdown$$00000002)
    .ARM.Collect$$libshutdown$$00000004      0x00000146   Section        0  libshutdown2.o(.ARM.Collect$$libshutdown$$00000004)
    .ARM.Collect$$libshutdown$$00000007      0x00000146   Section        0  libshutdown2.o(.ARM.Collect$$libshutdown$$00000007)
    .ARM.Collect$$libshutdown$$0000000A      0x00000146   Section        0  libshutdown2.o(.ARM.Collect$$libshutdown$$0000000A)
    .ARM.Collect$$libshutdown$$0000000C      0x00000146   Section        0  libshutdown2.o(.ARM.Collect$$libshutdown$$0000000C)
    .ARM.Collect$$libshutdown$$0000000F      0x00000146   Section        0  libshutdown2.o(.ARM.Collect$$libshutdown$$0000000F)
    .ARM.Collect$$libshutdown$$00000010      0x00000146   Section        2  libshutdown2.o(.ARM.Collect$$libshutdown$$00000010)
    .ARM.Collect$$rtentry$$00000000          0x00000148   Section        0  __rtentry.o(.ARM.Collect$$rtentry$$00000000)
    .ARM.Collect$$rtentry$$00000002          0x00000148   Section        0  __rtentry2.o(.ARM.Collect$$rtentry$$00000002)
    .ARM.Collect$$rtentry$$00000004          0x00000148   Section        6  __rtentry4.o(.ARM.Collect$$rtentry$$00000004)
    .ARM.Collect$$rtentry$$00000009          0x0000014e   Section        0  __rtentry2.o(.ARM.Collect$$rtentry$$00000009)
    .ARM.Collect$$rtentry$$0000000A          0x0000014e   Section        4  __rtentry2.o(.ARM.Collect$$rtentry$$0000000A)
    .ARM.Collect$$rtentry$$0000000C          0x00000152   Section        0  __rtentry2.o(.ARM.Collect$$rtentry$$0000000C)
    .ARM.Collect$$rtentry$$0000000D          0x00000152   Section        8  __rtentry2.o(.ARM.Collect$$rtentry$$0000000D)
    .ARM.Collect$$rtexit$$00000000           0x0000015a   Section        2  rtexit.o(.ARM.Collect$$rtexit$$00000000)
    .ARM.Collect$$rtexit$$00000002           0x0000015c   Section        0  rtexit2.o(.ARM.Collect$$rtexit$$00000002)
    .ARM.Collect$$rtexit$$00000003           0x0000015c   Section        4  rtexit2.o(.ARM.Collect$$rtexit$$00000003)
    .ARM.Collect$$rtexit$$00000004           0x00000160   Section        6  rtexit2.o(.ARM.Collect$$rtexit$$00000004)
    .emb_text                                0x00000168   Section       36  uart_irq.o(.emb_text)
    .emb_text                                0x0000018c   Section       56  hal.o(.emb_text)
    .text                                    0x000001c4   Section        0  k_mem.o(.text)
    .ARM.__at_0x02FC                         0x000002fc   Section        4  startup_lpc17xx.o(.ARM.__at_0x02FC)
    .text                                    0x00000300   Section        0  uart_irq.o(.text)
    __NVIC_EnableIRQ                         0x00000301   Thumb Code    34  uart_irq.o(.text)
    .text                                    0x0000051c   Section        0  k_msg.o(.text)
    .text                                    0x00000608   Section        0  k_rtx_init.o(.text)
    .text                                    0x0000064c   Section        0  k_task.o(.text)
    .text                                    0x00000980   Section        0  lcd_task.o(.text)
    .text                                    0x00000984   Section        0  priv_tasks.o(.text)
    .text                                    0x00000bb4   Section        0  main_svc.o(.text)
    .text                                    0x00000d4c   Section        0  printf.o(.text)
    ui2a                                     0x00000d4d   Thumb Code    86  printf.o(.text)
    i2a                                      0x00000da3   Thumb Code    32  printf.o(.text)
    a2d                                      0x00000dc3   Thumb Code    50  printf.o(.text)
    a2i                                      0x00000df5   Thumb Code    58  printf.o(.text)
    putchw                                   0x00000e2f   Thumb Code    82  printf.o(.text)
    putcp                                    0x00000fd5   Thumb Code    10  printf.o(.text)
    .text                                    0x00001010   Section        0  uart_polling.o(.text)
    .text                                    0x00001138   Section        0  kcd_task.o(.text)
    .text                                    0x0000113a   Section        0  null_task.o(.text)
    .text                                    0x0000113c   Section        0  usr_tasks.o(.text)
    .text                                    0x0000127c   Section       60  startup_lpc17xx.o(.text)
    .text                                    0x000012b8   Section        0  system_lpc17xx.o(.text)
    .text                                    0x000015a8   Section      238  lludivv7m.o(.text)
    .text                                    0x00001696   Section        0  heapauxi.o(.text)
    .text                                    0x0000169c   Section       74  sys_stackheap_outer.o(.text)
    .text                                    0x000016e6   Section        0  exit.o(.text)
    .text                                    0x000016f8   Section        8  libspace.o(.text)
    .text                                    0x00001700   Section        0  sys_exit.o(.text)
    .text                                    0x0000170c   Section        2  use_no_semi.o(.text)
    .text                                    0x0000170e   Section        0  indicate_semi.o(.text)
    .data                                    0x10000000   Section       23  uart_irq.o(.data)
    .data                                    0x10000018   Section        8  k_task.o(.data)
    .data                                    0x10000020   Section        8  printf.o(.data)
    stdout_putf                              0x10000020   Data           4  printf.o(.data)
    stdout_putp                              0x10000024   Data           4  printf.o(.data)
    .data                                    0x10000028   Section        4  system_lpc17xx.o(.data)
    .bss                                     0x1000002c   Section     8320  k_task.o(.bss)
    .bss                                     0x100020ac   Section      528  usr_tasks.o(.bss)
    .bss                                     0x100022bc   Section       96  libspace.o(.bss)
    HEAP                                     0x10002320   Section        0  startup_lpc17xx.o(HEAP)
    STACK                                    0x10002320   Section     1024  startup_lpc17xx.o(STACK)
    Heap_Mem                                 0x10002320   Data           0  startup_lpc17xx.o(HEAP)
    Stack_Mem                                0x10002320   Data        1024  startup_lpc17xx.o(STACK)
    __initial_sp                             0x10002720   Data           0  startup_lpc17xx.o(STACK)

    Global Symbols

    Symbol Name                              Value     Ov Type        Size  Object(Section)

    BuildAttributes$$THM_ISAv4$P$D$K$B$S$PE$A:L22UL41UL21$X:L11$S22US41US21$IEEE1$IW$USESV6$~STKCKD$USESV7$~SHL$OSPACE$ROPI$EBA8$UX$STANDARDLIB$REQ8$PRES8$EABIv2 0x00000000   Number         0  anon$$obj.o ABSOLUTE
    __ARM_use_no_argv                        0x00000000   Number         0  main_svc.o ABSOLUTE
    __Vectors                                0x00000000   Data           4  startup_lpc17xx.o(RESET)
    __ARM_exceptions_init                     - Undefined Weak Reference
    __alloca_initialize                       - Undefined Weak Reference
    __arm_preinit_                            - Undefined Weak Reference
    __cpp_initialize__aeabi_                  - Undefined Weak Reference
    __cxa_finalize                            - Undefined Weak Reference
    __rt_locale                               - Undefined Weak Reference
    __sigvec_lookup                           - Undefined Weak Reference
    _atexit_init                              - Undefined Weak Reference
    _call_atexit_fns                          - Undefined Weak Reference
    _clock_init                               - Undefined Weak Reference
    _fp_trap_init                             - Undefined Weak Reference
    _fp_trap_shutdown                         - Undefined Weak Reference
    _get_lc_collate                           - Undefined Weak Reference
    _get_lc_ctype                             - Undefined Weak Reference
    _get_lc_monetary                          - Undefined Weak Reference
    _get_lc_numeric                           - Undefined Weak Reference
    _get_lc_time                              - Undefined Weak Reference
    _getenv_init                              - Undefined Weak Reference
    _handle_redirection                       - Undefined Weak Reference
    _init_alloc                               - Undefined Weak Reference
    _init_user_alloc                          - Undefined Weak Reference
    _initio                                   - Undefined Weak Reference
    _rand_init                                - Undefined Weak Reference
    _signal_finish                            - Undefined Weak Reference
    _signal_init                              - Undefined Weak Reference
    _terminate_alloc                          - Undefined Weak Reference
    _terminate_user_alloc                     - Undefined Weak Reference
    _terminateio                              - Undefined Weak Reference
    __main                                   0x000000cd   Thumb Code     8  __main.o(!!!main)
    __scatterload                            0x000000d5   Thumb Code     0  __scatter.o(!!!scatter)
    __scatterload_rt2                        0x000000d5   Thumb Code    44  __scatter.o(!!!scatter)
    __scatterload_rt2_thumb_only             0x000000d5   Thumb Code     0  __scatter.o(!!!scatter)
    __scatterload_null                       0x000000e3   Thumb Code     0  __scatter.o(!!!scatter)
    __scatterload_copy                       0x00000109   Thumb Code    26  __scatter_copy.o(!!handler_copy)
    __scatterload_zeroinit                   0x00000125   Thumb Code    28  __scatter_zi.o(!!handler_zi)
    __rt_lib_init                            0x00000141   Thumb Code     0  libinit.o(.ARM.Collect$$libinit$$00000000)
    __rt_lib_init_alloca_1                   0x00000143   Thumb Code     0  libinit2.o(.ARM.Collect$$libinit$$0000002E)
    __rt_lib_init_argv_1                     0x00000143   Thumb Code     0  libinit2.o(.ARM.Collect$$libinit$$0000002C)
    __rt_lib_init_atexit_1                   0x00000143   Thumb Code     0  libinit2.o(.ARM.Collect$$libinit$$0000001B)
    __rt_lib_init_clock_1                    0x00000143   Thumb Code     0  libinit2.o(.ARM.Collect$$libinit$$00000021)
    __rt_lib_init_cpp_1                      0x00000143   Thumb Code     0  libinit2.o(.ARM.Collect$$libinit$$00000032)
    __rt_lib_init_exceptions_1               0x00000143   Thumb Code     0  libinit2.o(.ARM.Collect$$libinit$$00000030)
    __rt_lib_init_fp_1                       0x00000143   Thumb Code     0  libinit2.o(.ARM.Collect$$libinit$$00000002)
    __rt_lib_init_fp_trap_1                  0x00000143   Thumb Code     0  libinit2.o(.ARM.Collect$$libinit$$0000001F)
    __rt_lib_init_getenv_1                   0x00000143   Thumb Code     0  libinit2.o(.ARM.Collect$$libinit$$00000023)
    __rt_lib_init_heap_1                     0x00000143   Thumb Code     0  libinit2.o(.ARM.Collect$$libinit$$0000000A)
    __rt_lib_init_lc_collate_1               0x00000143   Thumb Code     0  libinit2.o(.ARM.Collect$$libinit$$00000011)
    __rt_lib_init_lc_ctype_1                 0x00000143   Thumb Code     0  libinit2.o(.ARM.Collect$$libinit$$00000013)
    __rt_lib_init_lc_monetary_1              0x00000143   Thumb Code     0  libinit2.o(.ARM.Collect$$libinit$$00000015)
    __rt_lib_init_lc_numeric_1               0x00000143   Thumb Code     0  libinit2.o(.ARM.Collect$$libinit$$00000017)
    __rt_lib_init_lc_time_1                  0x00000143   Thumb Code     0  libinit2.o(.ARM.Collect$$libinit$$00000019)
    __rt_lib_init_preinit_1                  0x00000143   Thumb Code     0  libinit2.o(.ARM.Collect$$libinit$$00000004)
    __rt_lib_init_rand_1                     0x00000143   Thumb Code     0  libinit2.o(.ARM.Collect$$libinit$$0000000E)
    __rt_lib_init_return                     0x00000143   Thumb Code     0  libinit2.o(.ARM.Collect$$libinit$$00000033)
    __rt_lib_init_signal_1                   0x00000143   Thumb Code     0  libinit2.o(.ARM.Collect$$libinit$$0000001D)
    __rt_lib_init_stdio_1                    0x00000143   Thumb Code     0  libinit2.o(.ARM.Collect$$libinit$$00000025)
    __rt_lib_init_user_alloc_1               0x00000143   Thumb Code     0  libinit2.o(.ARM.Collect$$libinit$$0000000C)
    __rt_lib_shutdown                        0x00000145   Thumb Code     0  libshutdown.o(.ARM.Collect$$libshutdown$$00000000)
    __rt_lib_shutdown_cpp_1                  0x00000147   Thumb Code     0  libshutdown2.o(.ARM.Collect$$libshutdown$$00000002)
    __rt_lib_shutdown_fp_trap_1              0x00000147   Thumb Code     0  libshutdown2.o(.ARM.Collect$$libshutdown$$00000007)
    __rt_lib_shutdown_heap_1                 0x00000147   Thumb Code     0  libshutdown2.o(.ARM.Collect$$libshutdown$$0000000F)
    __rt_lib_shutdown_return                 0x00000147   Thumb Code     0  libshutdown2.o(.ARM.Collect$$libshutdown$$00000010)
    __rt_lib_shutdown_signal_1               0x00000147   Thumb Code     0  libshutdown2.o(.ARM.Collect$$libshutdown$$0000000A)
    __rt_lib_shutdown_stdio_1                0x00000147   Thumb Code     0  libshutdown2.o(.ARM.Collect$$libshutdown$$00000004)
    __rt_lib_shutdown_user_alloc_1           0x00000147   Thumb Code     0  libshutdown2.o(.ARM.Collect$$libshutdown$$0000000C)
    __rt_entry                               0x00000149   Thumb Code     0  __rtentry.o(.ARM.Collect$$rtentry$$00000000)
    __rt_entry_presh_1                       0x00000149   Thumb Code     0  __rtentry2.o(.ARM.Collect$$rtentry$$00000002)
    __rt_entry_sh                            0x00000149   Thumb Code     0  __rtentry4.o(.ARM.Collect$$rtentry$$00000004)
    __rt_entry_li                            0x0000014f   Thumb Code     0  __rtentry2.o(.ARM.Collect$$rtentry$$0000000A)
    __rt_entry_postsh_1                      0x0000014f   Thumb Code     0  __rtentry2.o(.ARM.Collect$$rtentry$$00000009)
    __rt_entry_main                          0x00000153   Thumb Code     0  __rtentry2.o(.ARM.Collect$$rtentry$$0000000D)
    __rt_entry_postli_1                      0x00000153   Thumb Code     0  __rtentry2.o(.ARM.Collect$$rtentry$$0000000C)
    __rt_exit                                0x0000015b   Thumb Code     0  rtexit.o(.ARM.Collect$$rtexit$$00000000)
    __rt_exit_ls                             0x0000015d   Thumb Code     0  rtexit2.o(.ARM.Collect$$rtexit$$00000003)
    __rt_exit_prels_1                        0x0000015d   Thumb Code     0  rtexit2.o(.ARM.Collect$$rtexit$$00000002)
    __rt_exit_exit                           0x00000161   Thumb Code     0  rtexit2.o(.ARM.Collect$$rtexit$$00000004)
    UART0_IRQHandler                         0x00000169   Thumb Code    32  uart_irq.o(.emb_text)
    __rte                                    0x0000018d   Thumb Code     8  hal.o(.emb_text)
    SVC_Handler                              0x00000195   Thumb Code    48  hal.o(.emb_text)
    k_mem_init                               0x000001c5   Thumb Code    38  k_mem.o(.text)
    k_mem_alloc                              0x000001eb   Thumb Code    16  k_mem.o(.text)
    k_mem_dealloc                            0x000001fb   Thumb Code    16  k_mem.o(.text)
    k_mem_count_extfrag                      0x0000020b   Thumb Code    16  k_mem.o(.text)
    uart_irq_init                            0x00000323   Thumb Code   132  uart_irq.o(.text)
    c_UART0_IRQHandler                       0x000003a7   Thumb Code   194  uart_irq.o(.text)
    k_mbx_create                             0x0000051d   Thumb Code    16  k_msg.o(.text)
    k_send_msg                               0x0000052d   Thumb Code    20  k_msg.o(.text)
    k_recv_msg                               0x00000541   Thumb Code    24  k_msg.o(.text)
    k_mbx_ls                                 0x00000559   Thumb Code    20  k_msg.o(.text)
    k_rtx_init                               0x00000609   Thumb Code    66  k_rtx_init.o(.text)
    k_tsk_init                               0x0000064d   Thumb Code   136  k_task.o(.text)
    dummy_scheduler                          0x000006d5   Thumb Code    52  k_task.o(.text)
    task_switch                              0x00000709   Thumb Code   124  k_task.o(.text)
    k_tsk_yield                              0x00000785   Thumb Code    48  k_task.o(.text)
    k_tsk_create                             0x000007b5   Thumb Code    34  k_task.o(.text)
    k_tsk_exit                               0x000007d7   Thumb Code    10  k_task.o(.text)
    k_tsk_set_prio                           0x000007e1   Thumb Code    26  k_task.o(.text)
    k_tsk_get                                0x000007fb   Thumb Code    70  k_task.o(.text)
    k_tsk_ls                                 0x00000841   Thumb Code    20  k_task.o(.text)
    lcd_task                                 0x00000981   Thumb Code     2  lcd_task.o(.text)
    priv_task2                               0x00000985   Thumb Code   154  priv_tasks.o(.text)
    priv_task1                               0x00000a1f   Thumb Code   116  priv_tasks.o(.text)
    set_task_info                            0x00000a93   Thumb Code    62  priv_tasks.o(.text)
    set_fixed_tasks                          0x00000bb5   Thumb Code    74  main_svc.o(.text)
    main                                     0x00000bff   Thumb Code   122  main_svc.o(.text)
    tfp_format                               0x00000e81   Thumb Code   296  printf.o(.text)
    init_printf                              0x00000fa9   Thumb Code    10  printf.o(.text)
    tfp_printf                               0x00000fb3   Thumb Code    34  printf.o(.text)
    tfp_sprintf                              0x00000fdf   Thumb Code    38  printf.o(.text)
    uart_init                                0x00001011   Thumb Code    96  uart_polling.o(.text)
    uart_get_char                            0x00001071   Thumb Code    38  uart_polling.o(.text)
    uart_put_char                            0x00001097   Thumb Code    42  uart_polling.o(.text)
    uart_put_string                          0x000010c1   Thumb Code    38  uart_polling.o(.text)
    putc                                     0x000010e7   Thumb Code    28  uart_polling.o(.text)
    kcd_task                                 0x00001139   Thumb Code     2  kcd_task.o(.text)
    null_task                                0x0000113b   Thumb Code     2  null_task.o(.text)
    task2                                    0x0000113d   Thumb Code    72  usr_tasks.o(.text)
    task1                                    0x00001185   Thumb Code    94  usr_tasks.o(.text)
    set_usr_task_info                        0x000011e3   Thumb Code    64  usr_tasks.o(.text)
    Reset_Handler                            0x0000127d   Thumb Code     8  startup_lpc17xx.o(.text)
    NMI_Handler                              0x00001285   Thumb Code     2  startup_lpc17xx.o(.text)
    HardFault_Handler                        0x00001287   Thumb Code     2  startup_lpc17xx.o(.text)
    MemManage_Handler                        0x00001289   Thumb Code     2  startup_lpc17xx.o(.text)
    BusFault_Handler                         0x0000128b   Thumb Code     2  startup_lpc17xx.o(.text)
    UsageFault_Handler                       0x0000128d   Thumb Code     2  startup_lpc17xx.o(.text)
    DebugMon_Handler                         0x00001291   Thumb Code     2  startup_lpc17xx.o(.text)
    PendSV_Handler                           0x00001293   Thumb Code     2  startup_lpc17xx.o(.text)
    SysTick_Handler                          0x00001295   Thumb Code     2  startup_lpc17xx.o(.text)
    ADC_IRQHandler                           0x00001297   Thumb Code     0  startup_lpc17xx.o(.text)
    BOD_IRQHandler                           0x00001297   Thumb Code     0  startup_lpc17xx.o(.text)
    CANActivity_IRQHandler                   0x00001297   Thumb Code     0  startup_lpc17xx.o(.text)
    CAN_IRQHandler                           0x00001297   Thumb Code     0  startup_lpc17xx.o(.text)
    DMA_IRQHandler                           0x00001297   Thumb Code     0  startup_lpc17xx.o(.text)
    EINT0_IRQHandler                         0x00001297   Thumb Code     0  startup_lpc17xx.o(.text)
    EINT1_IRQHandler                         0x00001297   Thumb Code     0  startup_lpc17xx.o(.text)
    EINT2_IRQHandler                         0x00001297   Thumb Code     0  startup_lpc17xx.o(.text)
    EINT3_IRQHandler                         0x00001297   Thumb Code     0  startup_lpc17xx.o(.text)
    ENET_IRQHandler                          0x00001297   Thumb Code     0  startup_lpc17xx.o(.text)
    I2C0_IRQHandler                          0x00001297   Thumb Code     0  startup_lpc17xx.o(.text)
    I2C1_IRQHandler                          0x00001297   Thumb Code     0  startup_lpc17xx.o(.text)
    I2C2_IRQHandler                          0x00001297   Thumb Code     0  startup_lpc17xx.o(.text)
    I2S_IRQHandler                           0x00001297   Thumb Code     0  startup_lpc17xx.o(.text)
    MCPWM_IRQHandler                         0x00001297   Thumb Code     0  startup_lpc17xx.o(.text)
    PLL0_IRQHandler                          0x00001297   Thumb Code     0  startup_lpc17xx.o(.text)
    PLL1_IRQHandler                          0x00001297   Thumb Code     0  startup_lpc17xx.o(.text)
    PWM1_IRQHandler                          0x00001297   Thumb Code     0  startup_lpc17xx.o(.text)
    QEI_IRQHandler                           0x00001297   Thumb Code     0  startup_lpc17xx.o(.text)
    RIT_IRQHandler                           0x00001297   Thumb Code     0  startup_lpc17xx.o(.text)
    RTC_IRQHandler                           0x00001297   Thumb Code     0  startup_lpc17xx.o(.text)
    SPI_IRQHandler                           0x00001297   Thumb Code     0  startup_lpc17xx.o(.text)
    SSP0_IRQHandler                          0x00001297   Thumb Code     0  startup_lpc17xx.o(.text)
    SSP1_IRQHandler                          0x00001297   Thumb Code     0  startup_lpc17xx.o(.text)
    TIMER0_IRQHandler                        0x00001297   Thumb Code     0  startup_lpc17xx.o(.text)
    TIMER1_IRQHandler                        0x00001297   Thumb Code     0  startup_lpc17xx.o(.text)
    TIMER2_IRQHandler                        0x00001297   Thumb Code     0  startup_lpc17xx.o(.text)
    TIMER3_IRQHandler                        0x00001297   Thumb Code     0  startup_lpc17xx.o(.text)
    UART1_IRQHandler                         0x00001297   Thumb Code     0  startup_lpc17xx.o(.text)
    UART2_IRQHandler                         0x00001297   Thumb Code     0  startup_lpc17xx.o(.text)
    UART3_IRQHandler                         0x00001297   Thumb Code     0  startup_lpc17xx.o(.text)
    USBActivity_IRQHandler                   0x00001297   Thumb Code     0  startup_lpc17xx.o(.text)
    USB_IRQHandler                           0x00001297   Thumb Code     0  startup_lpc17xx.o(.text)
    WDT_IRQHandler                           0x00001297   Thumb Code     0  startup_lpc17xx.o(.text)
    __user_initial_stackheap                 0x00001299   Thumb Code     0  startup_lpc17xx.o(.text)
    SystemCoreClockUpdate                    0x000012b9   Thumb Code   408  system_lpc17xx.o(.text)
    SystemInit                               0x00001451   Thumb Code   314  system_lpc17xx.o(.text)
    __aeabi_uldivmod                         0x000015a9   Thumb Code     0  lludivv7m.o(.text)
    _ll_udiv                                 0x000015a9   Thumb Code   238  lludivv7m.o(.text)
    __use_two_region_memory                  0x00001697   Thumb Code     2  heapauxi.o(.text)
    __rt_heap_escrow$2region                 0x00001699   Thumb Code     2  heapauxi.o(.text)
    __rt_heap_expand$2region                 0x0000169b   Thumb Code     2  heapauxi.o(.text)
    __user_setup_stackheap                   0x0000169d   Thumb Code    74  sys_stackheap_outer.o(.text)
    exit                                     0x000016e7   Thumb Code    18  exit.o(.text)
    __user_libspace                          0x000016f9   Thumb Code     8  libspace.o(.text)
    __user_perproc_libspace                  0x000016f9   Thumb Code     0  libspace.o(.text)
    __user_perthread_libspace                0x000016f9   Thumb Code     0  libspace.o(.text)
    _sys_exit                                0x00001701   Thumb Code     8  sys_exit.o(.text)
    __I$use$semihosting                      0x0000170d   Thumb Code     0  use_no_semi.o(.text)
    __use_no_semihosting_swi                 0x0000170d   Thumb Code     2  use_no_semi.o(.text)
    __semihosting_library_function           0x0000170f   Thumb Code     0  indicate_semi.o(.text)
    Region$$Table$$Base                      0x00001710   Number         0  anon$$obj.o(Region$$Table)
    Region$$Table$$Limit                     0x00001730   Number         0  anon$$obj.o(Region$$Table)
    g_buffer                                 0x10000000   Data          16  uart_irq.o(.data)
    gp_buffer                                0x10000010   Data           4  uart_irq.o(.data)
    g_send_char                              0x10000014   Data           1  uart_irq.o(.data)
    g_char_in                                0x10000015   Data           1  uart_irq.o(.data)
    g_char_out                               0x10000016   Data           1  uart_irq.o(.data)
    gp_current_task                          0x10000018   Data           4  k_task.o(.data)
    g_switch_flag                            0x1000001c   Data           4  k_task.o(.data)
    SystemCoreClock                          0x10000028   Data           4  system_lpc17xx.o(.data)
    g_tcbs                                   0x1000002c   Data         128  k_task.o(.bss)
    g_k_stacks                               0x100000ac   Data        8192  k_task.o(.bss)
    g_buf1                                   0x100020ac   Data         256  usr_tasks.o(.bss)
    g_buf2                                   0x100021ac   Data         256  usr_tasks.o(.bss)
    g_tasks                                  0x100022ac   Data          16  usr_tasks.o(.bss)
    __libspace_start                         0x100022bc   Data          96  libspace.o(.bss)
    __temporary_stack_top$libspace           0x1000231c   Data           0  libspace.o(.bss)
    Image$$RW_IRAM1$$ZI$$Limit               0x10002720   Number         0  anon$$obj.o ABSOLUTE



==============================================================================

Memory Map of the image

  Image Entry point : 0x000000cd

  Load Region LR_IROM1 (Base: 0x00000000, Size: 0x0000175c, Max: 0x00080000, ABSOLUTE)

    Execution Region ER_IROM1 (Exec base: 0x00000000, Load base: 0x00000000, Size: 0x00001730, Max: 0x00080000, ABSOLUTE)

    Exec Addr    Load Addr    Size         Type   Attr      Idx    E Section Name        Object

    0x00000000   0x00000000   0x000000cc   Data   RO          307    RESET               startup_lpc17xx.o
    0x000000cc   0x000000cc   0x00000008   Code   RO          351  * !!!main             c_w.l(__main.o)
    0x000000d4   0x000000d4   0x00000034   Code   RO          518    !!!scatter          c_w.l(__scatter.o)
    0x00000108   0x00000108   0x0000001a   Code   RO          520    !!handler_copy      c_w.l(__scatter_copy.o)
    0x00000122   0x00000122   0x00000002   PAD
    0x00000124   0x00000124   0x0000001c   Code   RO          522    !!handler_zi        c_w.l(__scatter_zi.o)
    0x00000140   0x00000140   0x00000002   Code   RO          388    .ARM.Collect$$libinit$$00000000  c_w.l(libinit.o)
    0x00000142   0x00000142   0x00000000   Code   RO          401    .ARM.Collect$$libinit$$00000002  c_w.l(libinit2.o)
    0x00000142   0x00000142   0x00000000   Code   RO          403    .ARM.Collect$$libinit$$00000004  c_w.l(libinit2.o)
    0x00000142   0x00000142   0x00000000   Code   RO          406    .ARM.Collect$$libinit$$0000000A  c_w.l(libinit2.o)
    0x00000142   0x00000142   0x00000000   Code   RO          408    .ARM.Collect$$libinit$$0000000C  c_w.l(libinit2.o)
    0x00000142   0x00000142   0x00000000   Code   RO          410    .ARM.Collect$$libinit$$0000000E  c_w.l(libinit2.o)
    0x00000142   0x00000142   0x00000000   Code   RO          413    .ARM.Collect$$libinit$$00000011  c_w.l(libinit2.o)
    0x00000142   0x00000142   0x00000000   Code   RO          415    .ARM.Collect$$libinit$$00000013  c_w.l(libinit2.o)
    0x00000142   0x00000142   0x00000000   Code   RO          417    .ARM.Collect$$libinit$$00000015  c_w.l(libinit2.o)
    0x00000142   0x00000142   0x00000000   Code   RO          419    .ARM.Collect$$libinit$$00000017  c_w.l(libinit2.o)
    0x00000142   0x00000142   0x00000000   Code   RO          421    .ARM.Collect$$libinit$$00000019  c_w.l(libinit2.o)
    0x00000142   0x00000142   0x00000000   Code   RO          423    .ARM.Collect$$libinit$$0000001B  c_w.l(libinit2.o)
    0x00000142   0x00000142   0x00000000   Code   RO          425    .ARM.Collect$$libinit$$0000001D  c_w.l(libinit2.o)
    0x00000142   0x00000142   0x00000000   Code   RO          427    .ARM.Collect$$libinit$$0000001F  c_w.l(libinit2.o)
    0x00000142   0x00000142   0x00000000   Code   RO          429    .ARM.Collect$$libinit$$00000021  c_w.l(libinit2.o)
    0x00000142   0x00000142   0x00000000   Code   RO          431    .ARM.Collect$$libinit$$00000023  c_w.l(libinit2.o)
    0x00000142   0x00000142   0x00000000   Code   RO          433    .ARM.Collect$$libinit$$00000025  c_w.l(libinit2.o)
    0x00000142   0x00000142   0x00000000   Code   RO          437    .ARM.Collect$$libinit$$0000002C  c_w.l(libinit2.o)
    0x00000142   0x00000142   0x00000000   Code   RO          439    .ARM.Collect$$libinit$$0000002E  c_w.l(libinit2.o)
    0x00000142   0x00000142   0x00000000   Code   RO          441    .ARM.Collect$$libinit$$00000030  c_w.l(libinit2.o)
    0x00000142   0x00000142   0x00000000   Code   RO          443    .ARM.Collect$$libinit$$00000032  c_w.l(libinit2.o)
    0x00000142   0x00000142   0x00000002   Code   RO          444    .ARM.Collect$$libinit$$00000033  c_w.l(libinit2.o)
    0x00000144   0x00000144   0x00000002   Code   RO          475    .ARM.Collect$$libshutdown$$00000000  c_w.l(libshutdown.o)
    0x00000146   0x00000146   0x00000000   Code   RO          501    .ARM.Collect$$libshutdown$$00000002  c_w.l(libshutdown2.o)
    0x00000146   0x00000146   0x00000000   Code   RO          503    .ARM.Collect$$libshutdown$$00000004  c_w.l(libshutdown2.o)
    0x00000146   0x00000146   0x00000000   Code   RO          506    .ARM.Collect$$libshutdown$$00000007  c_w.l(libshutdown2.o)
    0x00000146   0x00000146   0x00000000   Code   RO          509    .ARM.Collect$$libshutdown$$0000000A  c_w.l(libshutdown2.o)
    0x00000146   0x00000146   0x00000000   Code   RO          511    .ARM.Collect$$libshutdown$$0000000C  c_w.l(libshutdown2.o)
    0x00000146   0x00000146   0x00000000   Code   RO          514    .ARM.Collect$$libshutdown$$0000000F  c_w.l(libshutdown2.o)
    0x00000146   0x00000146   0x00000002   Code   RO          515    .ARM.Collect$$libshutdown$$00000010  c_w.l(libshutdown2.o)
    0x00000148   0x00000148   0x00000000   Code   RO          353    .ARM.Collect$$rtentry$$00000000  c_w.l(__rtentry.o)
    0x00000148   0x00000148   0x00000000   Code   RO          359    .ARM.Collect$$rtentry$$00000002  c_w.l(__rtentry2.o)
    0x00000148   0x00000148   0x00000006   Code   RO          371    .ARM.Collect$$rtentry$$00000004  c_w.l(__rtentry4.o)
    0x0000014e   0x0000014e   0x00000000   Code   RO          361    .ARM.Collect$$rtentry$$00000009  c_w.l(__rtentry2.o)
    0x0000014e   0x0000014e   0x00000004   Code   RO          362    .ARM.Collect$$rtentry$$0000000A  c_w.l(__rtentry2.o)
    0x00000152   0x00000152   0x00000000   Code   RO          364    .ARM.Collect$$rtentry$$0000000C  c_w.l(__rtentry2.o)
    0x00000152   0x00000152   0x00000008   Code   RO          365    .ARM.Collect$$rtentry$$0000000D  c_w.l(__rtentry2.o)
    0x0000015a   0x0000015a   0x00000002   Code   RO          392    .ARM.Collect$$rtexit$$00000000  c_w.l(rtexit.o)
    0x0000015c   0x0000015c   0x00000000   Code   RO          448    .ARM.Collect$$rtexit$$00000002  c_w.l(rtexit2.o)
    0x0000015c   0x0000015c   0x00000004   Code   RO          449    .ARM.Collect$$rtexit$$00000003  c_w.l(rtexit2.o)
    0x00000160   0x00000160   0x00000006   Code   RO          450    .ARM.Collect$$rtexit$$00000004  c_w.l(rtexit2.o)
    0x00000166   0x00000166   0x00000002   PAD
    0x00000168   0x00000168   0x00000024   Code   RO            4    .emb_text           uart_irq.o
    0x0000018c   0x0000018c   0x00000038   Code   RO           80    .emb_text           hal.o
    0x000001c4   0x000001c4   0x00000138   Code   RO           87    .text               k_mem.o
    0x000002fc   0x000002fc   0x00000004   Code   RO          308    .ARM.__at_0x02FC    startup_lpc17xx.o
    0x00000300   0x00000300   0x0000021c   Code   RO            5    .text               uart_irq.o
    0x0000051c   0x0000051c   0x000000ec   Code   RO          106    .text               k_msg.o
    0x00000608   0x00000608   0x00000042   Code   RO          121    .text               k_rtx_init.o
    0x0000064a   0x0000064a   0x00000002   PAD
    0x0000064c   0x0000064c   0x00000334   Code   RO          145    .text               k_task.o
    0x00000980   0x00000980   0x00000002   Code   RO          177    .text               lcd_task.o
    0x00000982   0x00000982   0x00000002   PAD
    0x00000984   0x00000984   0x00000230   Code   RO          186    .text               priv_tasks.o
    0x00000bb4   0x00000bb4   0x00000198   Code   RO          210    .text               main_svc.o
    0x00000d4c   0x00000d4c   0x000002c4   Code   RO          234    .text               printf.o
    0x00001010   0x00001010   0x00000128   Code   RO          251    .text               uart_polling.o
    0x00001138   0x00001138   0x00000002   Code   RO          272    .text               kcd_task.o
    0x0000113a   0x0000113a   0x00000002   Code   RO          281    .text               null_task.o
    0x0000113c   0x0000113c   0x00000140   Code   RO          290    .text               usr_tasks.o
    0x0000127c   0x0000127c   0x0000003c   Code   RO          309    .text               startup_lpc17xx.o
    0x000012b8   0x000012b8   0x000002f0   Code   RO          318    .text               system_lpc17xx.o
    0x000015a8   0x000015a8   0x000000ee   Code   RO          347    .text               c_w.l(lludivv7m.o)
    0x00001696   0x00001696   0x00000006   Code   RO          349    .text               c_w.l(heapauxi.o)
    0x0000169c   0x0000169c   0x0000004a   Code   RO          375    .text               c_w.l(sys_stackheap_outer.o)
    0x000016e6   0x000016e6   0x00000012   Code   RO          377    .text               c_w.l(exit.o)
    0x000016f8   0x000016f8   0x00000008   Code   RO          389    .text               c_w.l(libspace.o)
    0x00001700   0x00001700   0x0000000c   Code   RO          445    .text               c_w.l(sys_exit.o)
    0x0000170c   0x0000170c   0x00000002   Code   RO          464    .text               c_w.l(use_no_semi.o)
    0x0000170e   0x0000170e   0x00000000   Code   RO          466    .text               c_w.l(indicate_semi.o)
    0x0000170e   0x0000170e   0x00000002   PAD
    0x00001710   0x00001710   0x00000020   Data   RO          516    Region$$Table       anon$$obj.o


    Execution Region RW_IRAM1 (Exec base: 0x10000000, Load base: 0x00001730, Size: 0x00002720, Max: 0x00008000, ABSOLUTE)

    Exec Addr    Load Addr    Size         Type   Attr      Idx    E Section Name        Object

    0x10000000   0x00001730   0x00000017   Data   RW            6    .data               uart_irq.o
    0x10000017   0x00001747   0x00000001   PAD
    0x10000018   0x00001748   0x00000008   Data   RW          147    .data               k_task.o
    0x10000020   0x00001750   0x00000008   Data   RW          235    .data               printf.o
    0x10000028   0x00001758   0x00000004   Data   RW          319    .data               system_lpc17xx.o
    0x1000002c        -       0x00002080   Zero   RW          146    .bss                k_task.o
    0x100020ac        -       0x00000210   Zero   RW          291    .bss                usr_tasks.o
    0x100022bc        -       0x00000060   Zero   RW          390    .bss                c_w.l(libspace.o)
    0x1000231c   0x0000175c   0x00000004   PAD
    0x10002320        -       0x00000000   Zero   RW          306    HEAP                startup_lpc17xx.o
    0x10002320        -       0x00000400   Zero   RW          305    STACK               startup_lpc17xx.o


==============================================================================

Image component sizes


      Code (inc. data)   RO Data    RW Data    ZI Data      Debug   Object Name

        56          0          0          0          0        400   hal.o
       312        226          0          0          0       1563   k_mem.o
       236        156          0          0          0       1606   k_msg.o
        66          0          0          0          0       1117   k_rtx_init.o
       820        300          0          8       8320       7661   k_task.o
         2          0          0          0          0        419   kcd_task.o
         2          0          0          0          0        419   lcd_task.o
       408        212          0          0          0       5123   main_svc.o
         2          0          0          0          0        420   null_task.o
       708         12          0          8          0       3832   printf.o
       560        228          0          0          0       1694   priv_tasks.o
        64         26        204          0       1024       1100   startup_lpc17xx.o
       752         30          0          4          0       1177   system_lpc17xx.o
       576        184          0         23          0      25625   uart_irq.o
       296         54          0          0          0       2173   uart_polling.o
       320         90          0          0        528       1792   usr_tasks.o

    ----------------------------------------------------------------------
      5184       1518        236         44       9872      56121   Object Totals
         0          0         32          0          0          0   (incl. Generated)
         4          0          0          1          0          0   (incl. Padding)

    ----------------------------------------------------------------------

      Code (inc. data)   RO Data    RW Data    ZI Data      Debug   Library Member Name

         8          0          0          0          0         68   __main.o
         0          0          0          0          0          0   __rtentry.o
        12          0          0          0          0          0   __rtentry2.o
         6          0          0          0          0          0   __rtentry4.o
        52          8          0          0          0          0   __scatter.o
        26          0          0          0          0          0   __scatter_copy.o
        28          0          0          0          0          0   __scatter_zi.o
        18          0          0          0          0         80   exit.o
         6          0          0          0          0        152   heapauxi.o
         0          0          0          0          0          0   indicate_semi.o
         2          0          0          0          0          0   libinit.o
         2          0          0          0          0          0   libinit2.o
         2          0          0          0          0          0   libshutdown.o
         2          0          0          0          0          0   libshutdown2.o
         8          4          0          0         96         68   libspace.o
       238          0          0          0          0        100   lludivv7m.o
         2          0          0          0          0          0   rtexit.o
        10          0          0          0          0          0   rtexit2.o
        12          4          0          0          0         68   sys_exit.o
        74          0          0          0          0         80   sys_stackheap_outer.o
         2          0          0          0          0         68   use_no_semi.o

    ----------------------------------------------------------------------
       516         16          0          0        100        684   Library Totals
         6          0          0          0          4          0   (incl. Padding)

    ----------------------------------------------------------------------

      Code (inc. data)   RO Data    RW Data    ZI Data      Debug   Library Name

       510         16          0          0         96        684   c_w.l

    ----------------------------------------------------------------------
       516         16          0          0        100        684   Library Totals

    ----------------------------------------------------------------------

==============================================================================


      Code (inc. data)   RO Data    RW Data    ZI Data      Debug   

      5700       1534        236         44       9972      55761   Grand Totals
      5700       1534        236         44       9972      55761   ELF Image Totals
      5700       1534        236         44          0          0   ROM Totals

==============================================================================

    Total RO  Size (Code + RO Data)                 5936 (   5.80kB)
    Total RW  Size (RW Data + ZI Data)             10016 (   9.78kB)
    Total ROM Size (Code + RO Data + RW Data)       5980 (   5.84kB)

==============================================================================

