Component: ARM Compiler 5.06 update 6 (build 750) Tool: armlink [4d35ed]

==============================================================================

Section Cross References

    uart_polling.o(i.putc) refers to uart_polling.o(i.uart_put_string) for uart_put_string
    uart_polling.o(i.putc) refers to uart_polling.o(i.uart_put_char) for uart_put_char
    uart_polling.o(i.uart_put_string) refers to uart_polling.o(i.uart_put_char) for uart_put_char
    k_mem.o(i.k_alloc_k_stack) refers to k_rtx_init.o(.data) for errno
    k_mem.o(i.k_alloc_k_stack) refers to k_mem.o(.bss) for g_k_stacks
    k_mem.o(i.k_alloc_p_stack) refers to k_rtx_init.o(.data) for errno
    k_mem.o(i.k_alloc_p_stack) refers to k_mem.o(.bss) for g_p_stacks
    k_mem.o(i.k_mem_init) refers to printf.o(i.tfp_printf) for tfp_printf
    k_mem.o(i.k_mem_init) refers to k_mem.o(i.k_mpool_create) for k_mpool_create
    k_mem.o(i.k_mpool_alloc) refers to printf.o(i.tfp_printf) for tfp_printf
    k_mem.o(i.k_mpool_create) refers to printf.o(i.tfp_printf) for tfp_printf
    k_mem.o(i.k_mpool_create) refers to k_rtx_init.o(.data) for errno
    k_mem.o(i.k_mpool_dealloc) refers to printf.o(i.tfp_printf) for tfp_printf
    k_mem.o(i.k_mpool_dump) refers to printf.o(i.tfp_printf) for tfp_printf
    k_rtx_init.o(i.k_pre_rtx_init) refers to k_mem.o(i.k_alloc_p_stack) for k_alloc_p_stack
    k_rtx_init.o(i.k_rtx_init) refers to k_mem.o(i.k_mem_init) for k_mem_init
    k_rtx_init.o(i.k_rtx_init) refers to k_task.o(i.k_tsk_init) for k_tsk_init
    k_rtx_init.o(i.k_rtx_init) refers to k_task.o(.emb_text) for k_tsk_start
    k_rtx_init.o(i.k_rtx_init) refers to k_rtx_init.o(.data) for errno
    k_task.o(.emb_text) refers to k_task.o(.data) for gp_current_task
    k_task.o(i.SVC_Handler) refers to k_rtx_init.o(i.k_rtx_init) for k_rtx_init
    k_task.o(i.SVC_Handler) refers to k_mem.o(i.k_mpool_alloc) for k_mpool_alloc
    k_task.o(i.SVC_Handler) refers to k_mem.o(i.k_mpool_dealloc) for k_mpool_dealloc
    k_task.o(i.SVC_Handler) refers to k_mem.o(i.k_mpool_dump) for k_mpool_dump
    k_task.o(i.SVC_Handler) refers to k_task.o(i.k_tsk_create) for k_tsk_create
    k_task.o(i.SVC_Handler) refers to k_task.o(i.k_tsk_exit) for k_tsk_exit
    k_task.o(i.SVC_Handler) refers to k_task.o(i.k_tsk_yield) for k_tsk_yield
    k_task.o(i.SVC_Handler) refers to k_task.o(i.k_tsk_set_prio) for k_tsk_set_prio
    k_task.o(i.SVC_Handler) refers to k_task.o(i.k_tsk_get) for k_tsk_get
    k_task.o(i.SVC_Handler) refers to k_task.o(i.k_tsk_gettid) for k_tsk_gettid
    k_task.o(i.k_tsk_create) refers to printf.o(i.tfp_printf) for tfp_printf
    k_task.o(i.k_tsk_create_new) refers to k_mem.o(i.k_alloc_p_stack) for k_alloc_p_stack
    k_task.o(i.k_tsk_create_new) refers to k_mem.o(i.k_alloc_k_stack) for k_alloc_k_stack
    k_task.o(i.k_tsk_create_new) refers to hal.o(.emb_text) for SVC_RTE
    k_task.o(i.k_tsk_exit) refers to printf.o(i.tfp_printf) for tfp_printf
    k_task.o(i.k_tsk_get) refers to printf.o(i.tfp_printf) for tfp_printf
    k_task.o(i.k_tsk_gettid) refers to k_task.o(.data) for gp_current_task
    k_task.o(i.k_tsk_init) refers to k_task.o(i.k_tsk_init_first) for k_tsk_init_first
    k_task.o(i.k_tsk_init) refers to k_task.o(i.k_tsk_create_new) for k_tsk_create_new
    k_task.o(i.k_tsk_init) refers to k_task.o(.bss) for g_tcbs
    k_task.o(i.k_tsk_init) refers to k_task.o(.data) for g_num_active_tasks
    k_task.o(i.k_tsk_init_first) refers to null_task.o(i.task_null) for task_null
    k_task.o(i.k_tsk_ls) refers to printf.o(i.tfp_printf) for tfp_printf
    k_task.o(i.k_tsk_run_new) refers to k_task.o(i.scheduler) for scheduler
    k_task.o(i.k_tsk_run_new) refers to k_task.o(.emb_text) for k_tsk_switch
    k_task.o(i.k_tsk_run_new) refers to k_task.o(.data) for gp_current_task
    k_task.o(i.k_tsk_set_prio) refers to printf.o(i.tfp_printf) for tfp_printf
    k_task.o(i.k_tsk_yield) refers to k_task.o(i.k_tsk_run_new) for k_tsk_run_new
    k_task.o(i.scheduler) refers to k_task.o(.data) for gp_current_task
    k_task.o(i.scheduler) refers to k_task.o(.bss) for g_tcbs
    main.o(i.main) refers to system_lpc17xx.o(i.SystemInit) for SystemInit
    main.o(i.main) refers to uart_polling.o(i.uart_init) for uart_init
    main.o(i.main) refers to printf.o(i.init_printf) for init_printf
    main.o(i.main) refers to printf.o(i.tfp_printf) for tfp_printf
    main.o(i.main) refers to ae.o(i.ae_init) for ae_init
    main.o(i.main) refers to uart_polling.o(i.putc) for putc
    main.o(i.main) refers to main.o(.conststring) for .conststring
    main.o(i.main) refers to main.o(i.__get_MSP) for __get_MSP
    main.o(i.main) refers to k_rtx_init.o(i.k_pre_rtx_init) for k_pre_rtx_init
    main.o(i.main) refers to main.o(.bss) for tasks
    main.o(i.main) refers to main.o(.data) for sys
    printf.o(i.a2i) refers to printf.o(i.a2d) for a2d
    printf.o(i.i2a) refers to printf.o(i.ui2a) for ui2a
    printf.o(i.init_printf) refers to printf.o(.data) for stdout_putf
    printf.o(i.tfp_format) refers to printf.o(i.a2i) for a2i
    printf.o(i.tfp_format) refers to printf.o(i.ui2a) for ui2a
    printf.o(i.tfp_format) refers to printf.o(i.putchw) for putchw
    printf.o(i.tfp_format) refers to printf.o(i.i2a) for i2a
    printf.o(i.tfp_printf) refers to printf.o(i.tfp_format) for tfp_format
    printf.o(i.tfp_printf) refers to printf.o(.data) for stdout_putf
    printf.o(i.tfp_sprintf) refers to printf.o(i.tfp_format) for tfp_format
    printf.o(i.tfp_sprintf) refers to printf.o(i.putcp) for putcp
    null_task.o(i.task_null) refers to printf.o(i.tfp_printf) for tfp_printf
    startup_lpc17xx.o(STACK) refers (Special) to heapauxi.o(.text) for __use_two_region_memory
    startup_lpc17xx.o(HEAP) refers (Special) to heapauxi.o(.text) for __use_two_region_memory
    startup_lpc17xx.o(RESET) refers (Special) to heapauxi.o(.text) for __use_two_region_memory
    startup_lpc17xx.o(RESET) refers to startup_lpc17xx.o(STACK) for __initial_sp
    startup_lpc17xx.o(RESET) refers to startup_lpc17xx.o(.text) for Reset_Handler
    startup_lpc17xx.o(RESET) refers to k_task.o(i.SVC_Handler) for SVC_Handler
    startup_lpc17xx.o(.text) refers (Special) to heapauxi.o(.text) for __use_two_region_memory
    startup_lpc17xx.o(.text) refers to system_lpc17xx.o(i.SystemInit) for SystemInit
    startup_lpc17xx.o(.text) refers to __main.o(!!!main) for __main
    startup_lpc17xx.o(.text) refers to startup_lpc17xx.o(HEAP) for Heap_Mem
    startup_lpc17xx.o(.text) refers to startup_lpc17xx.o(STACK) for Stack_Mem
    system_lpc17xx.o(i.SystemCoreClockUpdate) refers to lludivv7m.o(.text) for __aeabi_uldivmod
    system_lpc17xx.o(i.SystemCoreClockUpdate) refers to system_lpc17xx.o(.data) for SystemCoreClock
    ae.o(i.ae_init) refers to ae.o(i.ae_set_sys_info) for ae_set_sys_info
    ae.o(i.ae_init) refers to ae.o(i.ae_set_task_info) for ae_set_task_info
    ae.o(i.ae_set_task_info) refers to ae_tasks.o(i.set_ae_tasks) for set_ae_tasks
    ae_tasks.o(i.dump_task_info) refers to printf.o(i.tfp_printf) for tfp_printf
    ae_tasks.o(i.priv_task1) refers to printf.o(i.tfp_printf) for tfp_printf
    ae_tasks.o(i.priv_task1) refers to uart_polling.o(i.uart_put_char) for uart_put_char
    ae_tasks.o(i.priv_task1) refers to uart_polling.o(i.uart_put_string) for uart_put_string
    ae_tasks.o(i.set_ae_tasks) refers to ae_tasks.o(i.priv_task1) for priv_task1
    ae_tasks.o(i.set_ae_tasks) refers to ae_tasks.o(i.task1) for task1
    ae_tasks.o(i.task1) refers to ae_tasks.o(i.dump_task_info) for dump_task_info
    ae_tasks.o(i.task1) refers to printf.o(i.tfp_printf) for tfp_printf
    ae_tasks.o(i.task1) refers to uart_polling.o(i.uart_put_char) for uart_put_char
    ae_tasks.o(i.task1) refers to uart_polling.o(i.uart_put_string) for uart_put_string
    ae_tasks.o(i.task1) refers to ae_tasks.o(i.task2) for task2
    ae_tasks.o(i.task1) refers to ae_tasks.o(.bss) for task_info
    ae_tasks.o(i.task2) refers to uart_polling.o(i.uart_put_string) for uart_put_string
    ae_tasks.o(i.task3) refers to uart_polling.o(i.uart_put_string) for uart_put_string
    __main.o(!!!main) refers to __rtentry.o(.ARM.Collect$$rtentry$$00000000) for __rt_entry
    __rtentry.o(.ARM.Collect$$rtentry$$00000000) refers (Special) to __rtentry2.o(.ARM.Collect$$rtentry$$0000000A) for __rt_entry_li
    __rtentry.o(.ARM.Collect$$rtentry$$00000000) refers (Special) to __rtentry2.o(.ARM.Collect$$rtentry$$0000000D) for __rt_entry_main
    __rtentry.o(.ARM.Collect$$rtentry$$00000000) refers (Special) to __rtentry2.o(.ARM.Collect$$rtentry$$0000000C) for __rt_entry_postli_1
    __rtentry.o(.ARM.Collect$$rtentry$$00000000) refers (Special) to __rtentry2.o(.ARM.Collect$$rtentry$$00000009) for __rt_entry_postsh_1
    __rtentry.o(.ARM.Collect$$rtentry$$00000000) refers (Special) to __rtentry2.o(.ARM.Collect$$rtentry$$00000002) for __rt_entry_presh_1
    __rtentry.o(.ARM.Collect$$rtentry$$00000000) refers (Special) to __rtentry4.o(.ARM.Collect$$rtentry$$00000004) for __rt_entry_sh
    aeabi_ldiv0_sigfpe.o(.text) refers to rt_div0.o(.text) for __rt_div0
    __rtentry2.o(.ARM.Collect$$rtentry$$00000008) refers to boardinit2.o(.text) for _platform_post_stackheap_init
    __rtentry2.o(.ARM.Collect$$rtentry$$0000000A) refers to libinit.o(.ARM.Collect$$libinit$$00000000) for __rt_lib_init
    __rtentry2.o(.ARM.Collect$$rtentry$$0000000B) refers to boardinit3.o(.text) for _platform_post_lib_init
    __rtentry2.o(.ARM.Collect$$rtentry$$0000000D) refers to main.o(i.main) for main
    __rtentry2.o(.ARM.Collect$$rtentry$$0000000D) refers to exit.o(.text) for exit
    __rtentry2.o(.ARM.exidx) refers to __rtentry2.o(.ARM.Collect$$rtentry$$00000001) for .ARM.Collect$$rtentry$$00000001
    __rtentry2.o(.ARM.exidx) refers to __rtentry2.o(.ARM.Collect$$rtentry$$00000008) for .ARM.Collect$$rtentry$$00000008
    __rtentry2.o(.ARM.exidx) refers to __rtentry2.o(.ARM.Collect$$rtentry$$0000000A) for .ARM.Collect$$rtentry$$0000000A
    __rtentry2.o(.ARM.exidx) refers to __rtentry2.o(.ARM.Collect$$rtentry$$0000000B) for .ARM.Collect$$rtentry$$0000000B
    __rtentry2.o(.ARM.exidx) refers to __rtentry2.o(.ARM.Collect$$rtentry$$0000000D) for .ARM.Collect$$rtentry$$0000000D
    __rtentry4.o(.ARM.Collect$$rtentry$$00000004) refers to sys_stackheap_outer.o(.text) for __user_setup_stackheap
    __rtentry4.o(.ARM.exidx) refers to __rtentry4.o(.ARM.Collect$$rtentry$$00000004) for .ARM.Collect$$rtentry$$00000004
    rt_div0.o(.text) refers to defsig_fpe_outer.o(.text) for __rt_SIGFPE
    sys_stackheap_outer.o(.text) refers to libspace.o(.text) for __user_perproc_libspace
    sys_stackheap_outer.o(.text) refers to startup_lpc17xx.o(.text) for __user_initial_stackheap
    exit.o(.text) refers to rtexit.o(.ARM.Collect$$rtexit$$00000000) for __rt_exit
    defsig_fpe_outer.o(.text) refers to defsig_fpe_inner.o(.text) for __rt_SIGFPE_inner
    defsig_fpe_outer.o(.text) refers to defsig_exit.o(.text) for __sig_exit
    defsig_fpe_formal.o(.text) refers to rt_raise.o(.text) for __rt_raise
    libinit.o(.ARM.Collect$$libinit$$00000000) refers (Special) to libinit2.o(.ARM.Collect$$libinit$$0000002E) for __rt_lib_init_alloca_1
    libinit.o(.ARM.Collect$$libinit$$00000000) refers (Special) to libinit2.o(.ARM.Collect$$libinit$$0000002C) for __rt_lib_init_argv_1
    libinit.o(.ARM.Collect$$libinit$$00000000) refers (Special) to libinit2.o(.ARM.Collect$$libinit$$0000001B) for __rt_lib_init_atexit_1
    libinit.o(.ARM.Collect$$libinit$$00000000) refers (Special) to libinit2.o(.ARM.Collect$$libinit$$00000021) for __rt_lib_init_clock_1
    libinit.o(.ARM.Collect$$libinit$$00000000) refers (Special) to libinit2.o(.ARM.Collect$$libinit$$00000032) for __rt_lib_init_cpp_1
    libinit.o(.ARM.Collect$$libinit$$00000000) refers (Special) to libinit2.o(.ARM.Collect$$libinit$$00000030) for __rt_lib_init_exceptions_1
    libinit.o(.ARM.Collect$$libinit$$00000000) refers (Special) to libinit2.o(.ARM.Collect$$libinit$$00000002) for __rt_lib_init_fp_1
    libinit.o(.ARM.Collect$$libinit$$00000000) refers (Special) to libinit2.o(.ARM.Collect$$libinit$$0000001F) for __rt_lib_init_fp_trap_1
    libinit.o(.ARM.Collect$$libinit$$00000000) refers (Special) to libinit2.o(.ARM.Collect$$libinit$$00000023) for __rt_lib_init_getenv_1
    libinit.o(.ARM.Collect$$libinit$$00000000) refers (Special) to libinit2.o(.ARM.Collect$$libinit$$0000000A) for __rt_lib_init_heap_1
    libinit.o(.ARM.Collect$$libinit$$00000000) refers (Special) to libinit2.o(.ARM.Collect$$libinit$$00000011) for __rt_lib_init_lc_collate_1
    libinit.o(.ARM.Collect$$libinit$$00000000) refers (Special) to libinit2.o(.ARM.Collect$$libinit$$00000013) for __rt_lib_init_lc_ctype_1
    libinit.o(.ARM.Collect$$libinit$$00000000) refers (Special) to libinit2.o(.ARM.Collect$$libinit$$00000015) for __rt_lib_init_lc_monetary_1
    libinit.o(.ARM.Collect$$libinit$$00000000) refers (Special) to libinit2.o(.ARM.Collect$$libinit$$00000017) for __rt_lib_init_lc_numeric_1
    libinit.o(.ARM.Collect$$libinit$$00000000) refers (Special) to libinit2.o(.ARM.Collect$$libinit$$00000019) for __rt_lib_init_lc_time_1
    libinit.o(.ARM.Collect$$libinit$$00000000) refers (Special) to libinit2.o(.ARM.Collect$$libinit$$00000004) for __rt_lib_init_preinit_1
    libinit.o(.ARM.Collect$$libinit$$00000000) refers (Special) to libinit2.o(.ARM.Collect$$libinit$$0000000E) for __rt_lib_init_rand_1
    libinit.o(.ARM.Collect$$libinit$$00000000) refers (Special) to libinit2.o(.ARM.Collect$$libinit$$00000033) for __rt_lib_init_return
    libinit.o(.ARM.Collect$$libinit$$00000000) refers (Special) to libinit2.o(.ARM.Collect$$libinit$$0000001D) for __rt_lib_init_signal_1
    libinit.o(.ARM.Collect$$libinit$$00000000) refers (Special) to libinit2.o(.ARM.Collect$$libinit$$00000025) for __rt_lib_init_stdio_1
    libinit.o(.ARM.Collect$$libinit$$00000000) refers (Special) to libinit2.o(.ARM.Collect$$libinit$$0000000C) for __rt_lib_init_user_alloc_1
    libspace.o(.text) refers to libspace.o(.bss) for __libspace_start
    rtexit.o(.ARM.Collect$$rtexit$$00000000) refers (Special) to rtexit2.o(.ARM.Collect$$rtexit$$00000004) for __rt_exit_exit
    rtexit.o(.ARM.Collect$$rtexit$$00000000) refers (Special) to rtexit2.o(.ARM.Collect$$rtexit$$00000003) for __rt_exit_ls
    rtexit.o(.ARM.Collect$$rtexit$$00000000) refers (Special) to rtexit2.o(.ARM.Collect$$rtexit$$00000002) for __rt_exit_prels_1
    rtexit.o(.ARM.exidx) refers (Special) to rtexit2.o(.ARM.Collect$$rtexit$$00000004) for __rt_exit_exit
    rtexit.o(.ARM.exidx) refers (Special) to rtexit2.o(.ARM.Collect$$rtexit$$00000003) for __rt_exit_ls
    rtexit.o(.ARM.exidx) refers (Special) to rtexit2.o(.ARM.Collect$$rtexit$$00000002) for __rt_exit_prels_1
    rtexit.o(.ARM.exidx) refers to rtexit.o(.ARM.Collect$$rtexit$$00000000) for .ARM.Collect$$rtexit$$00000000
    rt_raise.o(.text) refers to __raise.o(.text) for __raise
    rt_raise.o(.text) refers to sys_exit.o(.text) for _sys_exit
    defsig_exit.o(.text) refers to sys_exit.o(.text) for _sys_exit
    defsig_fpe_inner.o(.text) refers to defsig_general.o(.text) for __default_signal_display
    libinit2.o(.ARM.Collect$$libinit$$00000010) refers to libinit2.o(.ARM.Collect$$libinit$$0000000F) for .ARM.Collect$$libinit$$0000000F
    libinit2.o(.ARM.Collect$$libinit$$00000012) refers to libinit2.o(.ARM.Collect$$libinit$$0000000F) for .ARM.Collect$$libinit$$0000000F
    libinit2.o(.ARM.Collect$$libinit$$00000014) refers to libinit2.o(.ARM.Collect$$libinit$$0000000F) for .ARM.Collect$$libinit$$0000000F
    libinit2.o(.ARM.Collect$$libinit$$00000016) refers to libinit2.o(.ARM.Collect$$libinit$$0000000F) for .ARM.Collect$$libinit$$0000000F
    libinit2.o(.ARM.Collect$$libinit$$00000018) refers to libinit2.o(.ARM.Collect$$libinit$$0000000F) for .ARM.Collect$$libinit$$0000000F
    libinit2.o(.ARM.Collect$$libinit$$00000026) refers to argv_veneer.o(.emb_text) for __ARM_argv_veneer
    libinit2.o(.ARM.Collect$$libinit$$00000027) refers to argv_veneer.o(.emb_text) for __ARM_argv_veneer
    sys_exit.o(.text) refers (Special) to use_no_semi.o(.text) for __I$use$semihosting
    sys_exit.o(.text) refers (Special) to indicate_semi.o(.text) for __semihosting_library_function
    rtexit2.o(.ARM.Collect$$rtexit$$00000003) refers to libshutdown.o(.ARM.Collect$$libshutdown$$00000000) for __rt_lib_shutdown
    rtexit2.o(.ARM.Collect$$rtexit$$00000004) refers to sys_exit.o(.text) for _sys_exit
    rtexit2.o(.ARM.exidx) refers to rtexit2.o(.ARM.Collect$$rtexit$$00000001) for .ARM.Collect$$rtexit$$00000001
    rtexit2.o(.ARM.exidx) refers to rtexit2.o(.ARM.Collect$$rtexit$$00000003) for .ARM.Collect$$rtexit$$00000003
    rtexit2.o(.ARM.exidx) refers to rtexit2.o(.ARM.Collect$$rtexit$$00000004) for .ARM.Collect$$rtexit$$00000004
    __raise.o(.text) refers to defsig.o(CL$$defsig) for __default_signal_handler
    defsig_general.o(.text) refers to sys_wrch.o(.text) for _ttywrch
    argv_veneer.o(.emb_text) refers to no_argv.o(.text) for __ARM_get_argv
    sys_wrch.o(.text) refers (Special) to use_no_semi.o(.text) for __I$use$semihosting
    sys_wrch.o(.text) refers (Special) to indicate_semi.o(.text) for __semihosting_library_function
    defsig.o(CL$$defsig) refers to defsig_fpe_inner.o(.text) for __rt_SIGFPE_inner
    defsig.o(CL$$defsig) refers to defsig_rtmem_inner.o(.text) for __rt_SIGRTMEM_inner
    _get_argv_nomalloc.o(.text) refers (Special) to hrguard.o(.text) for __heap_region$guard
    _get_argv_nomalloc.o(.text) refers to defsig_rtmem_outer.o(.text) for __rt_SIGRTMEM
    _get_argv_nomalloc.o(.text) refers to sys_command.o(.text) for _sys_command_string
    libshutdown.o(.ARM.Collect$$libshutdown$$00000000) refers (Special) to libshutdown2.o(.ARM.Collect$$libshutdown$$00000002) for __rt_lib_shutdown_cpp_1
    libshutdown.o(.ARM.Collect$$libshutdown$$00000000) refers (Special) to libshutdown2.o(.ARM.Collect$$libshutdown$$00000007) for __rt_lib_shutdown_fp_trap_1
    libshutdown.o(.ARM.Collect$$libshutdown$$00000000) refers (Special) to libshutdown2.o(.ARM.Collect$$libshutdown$$0000000F) for __rt_lib_shutdown_heap_1
    libshutdown.o(.ARM.Collect$$libshutdown$$00000000) refers (Special) to libshutdown2.o(.ARM.Collect$$libshutdown$$00000010) for __rt_lib_shutdown_return
    libshutdown.o(.ARM.Collect$$libshutdown$$00000000) refers (Special) to libshutdown2.o(.ARM.Collect$$libshutdown$$0000000A) for __rt_lib_shutdown_signal_1
    libshutdown.o(.ARM.Collect$$libshutdown$$00000000) refers (Special) to libshutdown2.o(.ARM.Collect$$libshutdown$$00000004) for __rt_lib_shutdown_stdio_1
    libshutdown.o(.ARM.Collect$$libshutdown$$00000000) refers (Special) to libshutdown2.o(.ARM.Collect$$libshutdown$$0000000C) for __rt_lib_shutdown_user_alloc_1
    sys_command.o(.text) refers (Special) to use_no_semi.o(.text) for __I$use$semihosting
    sys_command.o(.text) refers (Special) to indicate_semi.o(.text) for __semihosting_library_function
    defsig_abrt_inner.o(.text) refers to defsig_general.o(.text) for __default_signal_display
    defsig_rtred_inner.o(.text) refers to defsig_general.o(.text) for __default_signal_display
    defsig_rtmem_inner.o(.text) refers to defsig_general.o(.text) for __default_signal_display
    defsig_rtmem_outer.o(.text) refers to defsig_rtmem_inner.o(.text) for __rt_SIGRTMEM_inner
    defsig_rtmem_outer.o(.text) refers to defsig_exit.o(.text) for __sig_exit
    defsig_rtmem_formal.o(.text) refers to rt_raise.o(.text) for __rt_raise
    defsig_stak_inner.o(.text) refers to defsig_general.o(.text) for __default_signal_display
    defsig_pvfn_inner.o(.text) refers to defsig_general.o(.text) for __default_signal_display
    defsig_cppl_inner.o(.text) refers to defsig_general.o(.text) for __default_signal_display
    defsig_segv_inner.o(.text) refers to defsig_general.o(.text) for __default_signal_display
    defsig_other.o(.text) refers to defsig_general.o(.text) for __default_signal_display


==============================================================================

Removing Unused input sections from the image.

    Removing uart_polling.o(.rev16_text), (4 bytes).
    Removing uart_polling.o(.revsh_text), (4 bytes).
    Removing uart_polling.o(.rrx_text), (6 bytes).
    Removing uart_polling.o(i.uart_get_char), (48 bytes).
    Removing hal.o(.rev16_text), (4 bytes).
    Removing hal.o(.revsh_text), (4 bytes).
    Removing hal.o(.rrx_text), (6 bytes).
    Removing k_mem.o(.rev16_text), (4 bytes).
    Removing k_mem.o(.revsh_text), (4 bytes).
    Removing k_mem.o(.rrx_text), (6 bytes).
    Removing k_mem.o(.constdata), (8 bytes).
    Removing k_rtx_init.o(.rev16_text), (4 bytes).
    Removing k_rtx_init.o(.revsh_text), (4 bytes).
    Removing k_rtx_init.o(.rrx_text), (6 bytes).
    Removing k_rtx_init.o(i.k_get_sys_info), (6 bytes).
    Removing k_task.o(.rev16_text), (4 bytes).
    Removing k_task.o(.revsh_text), (4 bytes).
    Removing k_task.o(.rrx_text), (6 bytes).
    Removing k_task.o(i.k_tsk_ls), (52 bytes).
    Removing main.o(.rev16_text), (4 bytes).
    Removing main.o(.revsh_text), (4 bytes).
    Removing main.o(.rrx_text), (6 bytes).
    Removing printf.o(i.putcp), (10 bytes).
    Removing printf.o(i.tfp_sprintf), (44 bytes).
    Removing null_task.o(.rev16_text), (4 bytes).
    Removing null_task.o(.revsh_text), (4 bytes).
    Removing null_task.o(.rrx_text), (6 bytes).
    Removing system_lpc17xx.o(.rev16_text), (4 bytes).
    Removing system_lpc17xx.o(.revsh_text), (4 bytes).
    Removing system_lpc17xx.o(.rrx_text), (6 bytes).
    Removing system_lpc17xx.o(i.SystemCoreClockUpdate), (424 bytes).
    Removing system_lpc17xx.o(.data), (4 bytes).
    Removing ae_tasks.o(i.task3), (36 bytes).

33 unused section(s) (total 744 bytes) removed from the image.

==============================================================================

Image Symbol Table

    Local Symbols

    Symbol Name                              Value     Ov Type        Size  Object(Section)

    ../clib/angel/boardlib.s                 0x00000000   Number         0  boardshut.o ABSOLUTE
    ../clib/angel/boardlib.s                 0x00000000   Number         0  boardinit3.o ABSOLUTE
    ../clib/angel/boardlib.s                 0x00000000   Number         0  boardinit2.o ABSOLUTE
    ../clib/angel/boardlib.s                 0x00000000   Number         0  boardinit1.o ABSOLUTE
    ../clib/angel/handlers.s                 0x00000000   Number         0  __scatter_zi.o ABSOLUTE
    ../clib/angel/handlers.s                 0x00000000   Number         0  __scatter_copy.o ABSOLUTE
    ../clib/angel/kernel.s                   0x00000000   Number         0  __rtentry4.o ABSOLUTE
    ../clib/angel/kernel.s                   0x00000000   Number         0  rtexit.o ABSOLUTE
    ../clib/angel/kernel.s                   0x00000000   Number         0  __rtentry.o ABSOLUTE
    ../clib/angel/kernel.s                   0x00000000   Number         0  __rtentry2.o ABSOLUTE
    ../clib/angel/kernel.s                   0x00000000   Number         0  rtexit2.o ABSOLUTE
    ../clib/angel/rt.s                       0x00000000   Number         0  rt_raise.o ABSOLUTE
    ../clib/angel/rt.s                       0x00000000   Number         0  rt_div0.o ABSOLUTE
    ../clib/angel/rt.s                       0x00000000   Number         0  aeabi_ldiv0_sigfpe.o ABSOLUTE
    ../clib/angel/rt.s                       0x00000000   Number         0  aeabi_ldiv0.o ABSOLUTE
    ../clib/angel/scatter.s                  0x00000000   Number         0  __scatter.o ABSOLUTE
    ../clib/angel/startup.s                  0x00000000   Number         0  __main.o ABSOLUTE
    ../clib/angel/sys.s                      0x00000000   Number         0  indicate_semi.o ABSOLUTE
    ../clib/angel/sys.s                      0x00000000   Number         0  use_no_semi.o ABSOLUTE
    ../clib/angel/sys.s                      0x00000000   Number         0  sys_stackheap_outer.o ABSOLUTE
    ../clib/angel/sys.s                      0x00000000   Number         0  libspace.o ABSOLUTE
    ../clib/angel/sysapp.c                   0x00000000   Number         0  sys_wrch.o ABSOLUTE
    ../clib/angel/sysapp.c                   0x00000000   Number         0  sys_command.o ABSOLUTE
    ../clib/angel/sysapp.c                   0x00000000   Number         0  sys_exit.o ABSOLUTE
    ../clib/armsys.c                         0x00000000   Number         0  no_argv.o ABSOLUTE
    ../clib/armsys.c                         0x00000000   Number         0  argv_veneer.o ABSOLUTE
    ../clib/armsys.c                         0x00000000   Number         0  argv_veneer.o ABSOLUTE
    ../clib/armsys.c                         0x00000000   Number         0  _get_argv_nomalloc.o ABSOLUTE
    ../clib/heapalloc.c                      0x00000000   Number         0  hrguard.o ABSOLUTE
    ../clib/heapaux.c                        0x00000000   Number         0  heapauxi.o ABSOLUTE
    ../clib/libinit.s                        0x00000000   Number         0  libshutdown.o ABSOLUTE
    ../clib/libinit.s                        0x00000000   Number         0  libinit2.o ABSOLUTE
    ../clib/libinit.s                        0x00000000   Number         0  libinit.o ABSOLUTE
    ../clib/libinit.s                        0x00000000   Number         0  libshutdown2.o ABSOLUTE
    ../clib/longlong.s                       0x00000000   Number         0  lludivv7m.o ABSOLUTE
    ../clib/signal.c                         0x00000000   Number         0  defsig_stak_inner.o ABSOLUTE
    ../clib/signal.c                         0x00000000   Number         0  defsig_rtmem_inner.o ABSOLUTE
    ../clib/signal.c                         0x00000000   Number         0  defsig_rtred_inner.o ABSOLUTE
    ../clib/signal.c                         0x00000000   Number         0  defsig_abrt_inner.o ABSOLUTE
    ../clib/signal.c                         0x00000000   Number         0  defsig_pvfn_inner.o ABSOLUTE
    ../clib/signal.c                         0x00000000   Number         0  defsig_fpe_outer.o ABSOLUTE
    ../clib/signal.c                         0x00000000   Number         0  defsig_cppl_inner.o ABSOLUTE
    ../clib/signal.c                         0x00000000   Number         0  defsig_other.o ABSOLUTE
    ../clib/signal.c                         0x00000000   Number         0  defsig_fpe_formal.o ABSOLUTE
    ../clib/signal.c                         0x00000000   Number         0  defsig_general.o ABSOLUTE
    ../clib/signal.c                         0x00000000   Number         0  __raise.o ABSOLUTE
    ../clib/signal.c                         0x00000000   Number         0  defsig_exit.o ABSOLUTE
    ../clib/signal.c                         0x00000000   Number         0  defsig_fpe_inner.o ABSOLUTE
    ../clib/signal.c                         0x00000000   Number         0  defsig_segv_inner.o ABSOLUTE
    ../clib/signal.c                         0x00000000   Number         0  defsig_rtmem_outer.o ABSOLUTE
    ../clib/signal.c                         0x00000000   Number         0  defsig_rtmem_formal.o ABSOLUTE
    ../clib/signal.s                         0x00000000   Number         0  defsig.o ABSOLUTE
    ../clib/stdlib.c                         0x00000000   Number         0  exit.o ABSOLUTE
    ../fplib/fpinit.s                        0x00000000   Number         0  fpinit.o ABSOLUTE
    RTE\Device\LPC1768\startup_LPC17xx.s     0x00000000   Number         0  startup_lpc17xx.o ABSOLUTE
    RTE\Device\LPC1768\system_LPC17xx.c      0x00000000   Number         0  system_lpc17xx.o ABSOLUTE
    RTE\\Device\\LPC1768\\system_LPC17xx.c   0x00000000   Number         0  system_lpc17xx.o ABSOLUTE
    dc.s                                     0x00000000   Number         0  dc.o ABSOLUTE
    src\\bsp\\LPC1768\\uart_polling.c        0x00000000   Number         0  uart_polling.o ABSOLUTE
    src\\kernel\\HAL.c                       0x00000000   Number         0  hal.o ABSOLUTE
    src\\kernel\\k_mem.c                     0x00000000   Number         0  k_mem.o ABSOLUTE
    src\\kernel\\k_rtx_init.c                0x00000000   Number         0  k_rtx_init.o ABSOLUTE
    src\\kernel\\k_task.c                    0x00000000   Number         0  k_task.o ABSOLUTE
    src\\kernel\\main.c                      0x00000000   Number         0  main.o ABSOLUTE
    src\\tasks\\null_task.c                  0x00000000   Number         0  null_task.o ABSOLUTE
    src\ae\ae.c                              0x00000000   Number         0  ae.o ABSOLUTE
    src\ae\ae_tasks.c                        0x00000000   Number         0  ae_tasks.o ABSOLUTE
    src\bsp\LPC1768\uart_polling.c           0x00000000   Number         0  uart_polling.o ABSOLUTE
    src\kernel\HAL.c                         0x00000000   Number         0  hal.o ABSOLUTE
    src\kernel\k_mem.c                       0x00000000   Number         0  k_mem.o ABSOLUTE
    src\kernel\k_rtx_init.c                  0x00000000   Number         0  k_rtx_init.o ABSOLUTE
    src\kernel\k_task.c                      0x00000000   Number         0  k_task.o ABSOLUTE
    src\kernel\main.c                        0x00000000   Number         0  main.o ABSOLUTE
    src\libu\printf.c                        0x00000000   Number         0  printf.o ABSOLUTE
    src\tasks\null_task.c                    0x00000000   Number         0  null_task.o ABSOLUTE
    RESET                                    0x10000000   Section      204  startup_lpc17xx.o(RESET)
    !!!main                                  0x100000cc   Section        8  __main.o(!!!main)
    !!!scatter                               0x100000d4   Section       52  __scatter.o(!!!scatter)
    !!handler_copy                           0x10000108   Section       26  __scatter_copy.o(!!handler_copy)
    !!handler_zi                             0x10000124   Section       28  __scatter_zi.o(!!handler_zi)
    .ARM.Collect$$libinit$$00000000          0x10000140   Section        2  libinit.o(.ARM.Collect$$libinit$$00000000)
    .ARM.Collect$$libinit$$00000002          0x10000142   Section        0  libinit2.o(.ARM.Collect$$libinit$$00000002)
    .ARM.Collect$$libinit$$00000004          0x10000142   Section        0  libinit2.o(.ARM.Collect$$libinit$$00000004)
    .ARM.Collect$$libinit$$0000000A          0x10000142   Section        0  libinit2.o(.ARM.Collect$$libinit$$0000000A)
    .ARM.Collect$$libinit$$0000000C          0x10000142   Section        0  libinit2.o(.ARM.Collect$$libinit$$0000000C)
    .ARM.Collect$$libinit$$0000000E          0x10000142   Section        0  libinit2.o(.ARM.Collect$$libinit$$0000000E)
    .ARM.Collect$$libinit$$00000011          0x10000142   Section        0  libinit2.o(.ARM.Collect$$libinit$$00000011)
    .ARM.Collect$$libinit$$00000013          0x10000142   Section        0  libinit2.o(.ARM.Collect$$libinit$$00000013)
    .ARM.Collect$$libinit$$00000015          0x10000142   Section        0  libinit2.o(.ARM.Collect$$libinit$$00000015)
    .ARM.Collect$$libinit$$00000017          0x10000142   Section        0  libinit2.o(.ARM.Collect$$libinit$$00000017)
    .ARM.Collect$$libinit$$00000019          0x10000142   Section        0  libinit2.o(.ARM.Collect$$libinit$$00000019)
    .ARM.Collect$$libinit$$0000001B          0x10000142   Section        0  libinit2.o(.ARM.Collect$$libinit$$0000001B)
    .ARM.Collect$$libinit$$0000001D          0x10000142   Section        0  libinit2.o(.ARM.Collect$$libinit$$0000001D)
    .ARM.Collect$$libinit$$0000001F          0x10000142   Section        0  libinit2.o(.ARM.Collect$$libinit$$0000001F)
    .ARM.Collect$$libinit$$00000021          0x10000142   Section        0  libinit2.o(.ARM.Collect$$libinit$$00000021)
    .ARM.Collect$$libinit$$00000023          0x10000142   Section        0  libinit2.o(.ARM.Collect$$libinit$$00000023)
    .ARM.Collect$$libinit$$00000025          0x10000142   Section        0  libinit2.o(.ARM.Collect$$libinit$$00000025)
    .ARM.Collect$$libinit$$0000002C          0x10000142   Section        0  libinit2.o(.ARM.Collect$$libinit$$0000002C)
    .ARM.Collect$$libinit$$0000002E          0x10000142   Section        0  libinit2.o(.ARM.Collect$$libinit$$0000002E)
    .ARM.Collect$$libinit$$00000030          0x10000142   Section        0  libinit2.o(.ARM.Collect$$libinit$$00000030)
    .ARM.Collect$$libinit$$00000032          0x10000142   Section        0  libinit2.o(.ARM.Collect$$libinit$$00000032)
    .ARM.Collect$$libinit$$00000033          0x10000142   Section        2  libinit2.o(.ARM.Collect$$libinit$$00000033)
    .ARM.Collect$$libshutdown$$00000000      0x10000144   Section        2  libshutdown.o(.ARM.Collect$$libshutdown$$00000000)
    .ARM.Collect$$libshutdown$$00000002      0x10000146   Section        0  libshutdown2.o(.ARM.Collect$$libshutdown$$00000002)
    .ARM.Collect$$libshutdown$$00000004      0x10000146   Section        0  libshutdown2.o(.ARM.Collect$$libshutdown$$00000004)
    .ARM.Collect$$libshutdown$$00000007      0x10000146   Section        0  libshutdown2.o(.ARM.Collect$$libshutdown$$00000007)
    .ARM.Collect$$libshutdown$$0000000A      0x10000146   Section        0  libshutdown2.o(.ARM.Collect$$libshutdown$$0000000A)
    .ARM.Collect$$libshutdown$$0000000C      0x10000146   Section        0  libshutdown2.o(.ARM.Collect$$libshutdown$$0000000C)
    .ARM.Collect$$libshutdown$$0000000F      0x10000146   Section        0  libshutdown2.o(.ARM.Collect$$libshutdown$$0000000F)
    .ARM.Collect$$libshutdown$$00000010      0x10000146   Section        2  libshutdown2.o(.ARM.Collect$$libshutdown$$00000010)
    .ARM.Collect$$rtentry$$00000000          0x10000148   Section        0  __rtentry.o(.ARM.Collect$$rtentry$$00000000)
    .ARM.Collect$$rtentry$$00000002          0x10000148   Section        0  __rtentry2.o(.ARM.Collect$$rtentry$$00000002)
    .ARM.Collect$$rtentry$$00000004          0x10000148   Section        6  __rtentry4.o(.ARM.Collect$$rtentry$$00000004)
    .ARM.Collect$$rtentry$$00000009          0x1000014e   Section        0  __rtentry2.o(.ARM.Collect$$rtentry$$00000009)
    .ARM.Collect$$rtentry$$0000000A          0x1000014e   Section        4  __rtentry2.o(.ARM.Collect$$rtentry$$0000000A)
    .ARM.Collect$$rtentry$$0000000C          0x10000152   Section        0  __rtentry2.o(.ARM.Collect$$rtentry$$0000000C)
    .ARM.Collect$$rtentry$$0000000D          0x10000152   Section        8  __rtentry2.o(.ARM.Collect$$rtentry$$0000000D)
    .ARM.Collect$$rtexit$$00000000           0x1000015a   Section        2  rtexit.o(.ARM.Collect$$rtexit$$00000000)
    .ARM.Collect$$rtexit$$00000002           0x1000015c   Section        0  rtexit2.o(.ARM.Collect$$rtexit$$00000002)
    .ARM.Collect$$rtexit$$00000003           0x1000015c   Section        4  rtexit2.o(.ARM.Collect$$rtexit$$00000003)
    .ARM.Collect$$rtexit$$00000004           0x10000160   Section        6  rtexit2.o(.ARM.Collect$$rtexit$$00000004)
    .emb_text                                0x10000168   Section        8  hal.o(.emb_text)
    .emb_text                                0x10000170   Section       50  k_task.o(.emb_text)
    .text                                    0x100001a4   Section       60  startup_lpc17xx.o(.text)
    .text                                    0x100001e0   Section        0  heapauxi.o(.text)
    .text                                    0x100001e6   Section       74  sys_stackheap_outer.o(.text)
    .text                                    0x10000230   Section        0  exit.o(.text)
    .text                                    0x10000244   Section        8  libspace.o(.text)
    .text                                    0x1000024c   Section        0  sys_exit.o(.text)
    .text                                    0x10000258   Section        2  use_no_semi.o(.text)
    .text                                    0x1000025a   Section        0  indicate_semi.o(.text)
    i.SVC_Handler                            0x1000025a   Section        0  k_task.o(i.SVC_Handler)
    i.SystemInit                             0x100002fc   Section        0  system_lpc17xx.o(i.SystemInit)
    i.__get_MSP                              0x1000043c   Section        0  main.o(i.__get_MSP)
    __get_MSP                                0x1000043d   Thumb Code     6  main.o(i.__get_MSP)
    i.a2d                                    0x10000442   Section        0  printf.o(i.a2d)
    a2d                                      0x10000443   Thumb Code    50  printf.o(i.a2d)
    i.a2i                                    0x10000474   Section        0  printf.o(i.a2i)
    a2i                                      0x10000475   Thumb Code    58  printf.o(i.a2i)
    i.ae_init                                0x100004ae   Section        0  ae.o(i.ae_init)
    i.ae_set_sys_info                        0x100004de   Section        0  ae.o(i.ae_set_sys_info)
    i.ae_set_task_info                       0x100004f0   Section        0  ae.o(i.ae_set_task_info)
    i.dump_task_info                         0x10000508   Section        0  ae_tasks.o(i.dump_task_info)
    i.i2a                                    0x100005f8   Section        0  printf.o(i.i2a)
    i2a                                      0x100005f9   Thumb Code    32  printf.o(i.i2a)
    i.init_printf                            0x10000618   Section        0  printf.o(i.init_printf)
    i.k_alloc_k_stack                        0x1000062c   Section        0  k_mem.o(i.k_alloc_k_stack)
    i.k_alloc_p_stack                        0x1000065c   Section        0  k_mem.o(i.k_alloc_p_stack)
    i.k_mem_init                             0x10000688   Section        0  k_mem.o(i.k_mem_init)
    i.k_mpool_alloc                          0x100006e8   Section        0  k_mem.o(i.k_mpool_alloc)
    i.k_mpool_create                         0x1000072c   Section        0  k_mem.o(i.k_mpool_create)
    i.k_mpool_dealloc                        0x100007d0   Section        0  k_mem.o(i.k_mpool_dealloc)
    i.k_mpool_dump                           0x10000810   Section        0  k_mem.o(i.k_mpool_dump)
    i.k_pre_rtx_init                         0x1000083c   Section        0  k_rtx_init.o(i.k_pre_rtx_init)
    i.k_rtx_init                             0x10000854   Section        0  k_rtx_init.o(i.k_rtx_init)
    i.k_tsk_create                           0x1000088c   Section        0  k_task.o(i.k_tsk_create)
    i.k_tsk_create_new                       0x10000908   Section        0  k_task.o(i.k_tsk_create_new)
    i.k_tsk_exit                             0x100009d0   Section        0  k_task.o(i.k_tsk_exit)
    i.k_tsk_get                              0x100009f8   Section        0  k_task.o(i.k_tsk_get)
    i.k_tsk_gettid                           0x10000a88   Section        0  k_task.o(i.k_tsk_gettid)
    i.k_tsk_init                             0x10000a94   Section        0  k_task.o(i.k_tsk_init)
    i.k_tsk_init_first                       0x10000b10   Section        0  k_task.o(i.k_tsk_init_first)
    i.k_tsk_run_new                          0x10000b2c   Section        0  k_task.o(i.k_tsk_run_new)
    i.k_tsk_set_prio                         0x10000b78   Section        0  k_task.o(i.k_tsk_set_prio)
    i.k_tsk_yield                            0x10000bd0   Section        0  k_task.o(i.k_tsk_yield)
    i.main                                   0x10000bd8   Section        0  main.o(i.main)
    i.priv_task1                             0x10000c8c   Section        0  ae_tasks.o(i.priv_task1)
    i.putc                                   0x10000dbc   Section        0  uart_polling.o(i.putc)
    i.putchw                                 0x10000e00   Section        0  printf.o(i.putchw)
    putchw                                   0x10000e01   Thumb Code    82  printf.o(i.putchw)
    i.scheduler                              0x10000e54   Section        0  k_task.o(i.scheduler)
    i.set_ae_tasks                           0x10000e80   Section        0  ae_tasks.o(i.set_ae_tasks)
    i.task1                                  0x10000ed0   Section        0  ae_tasks.o(i.task1)
    i.task2                                  0x10001038   Section        0  ae_tasks.o(i.task2)
    i.task_null                              0x1000107c   Section        0  null_task.o(i.task_null)
    i.tfp_format                             0x100010cc   Section        0  printf.o(i.tfp_format)
    i.tfp_printf                             0x100011f4   Section        0  printf.o(i.tfp_printf)
    i.uart_init                              0x10001220   Section        0  uart_polling.o(i.uart_init)
    i.uart_put_char                          0x1000128c   Section        0  uart_polling.o(i.uart_put_char)
    i.uart_put_string                        0x100012c0   Section        0  uart_polling.o(i.uart_put_string)
    i.ui2a                                   0x100012e6   Section        0  printf.o(i.ui2a)
    ui2a                                     0x100012e7   Thumb Code    86  printf.o(i.ui2a)
    .conststring                             0x1000133c   Section       79  main.o(.conststring)
    .data                                    0x10002000   Section        4  k_rtx_init.o(.data)
    .data                                    0x10002004   Section        8  k_task.o(.data)
    .data                                    0x1000200c   Section        8  main.o(.data)
    sys                                      0x1000200c   Data           8  main.o(.data)
    .data                                    0x10002014   Section        8  printf.o(.data)
    stdout_putf                              0x10002014   Data           4  printf.o(.data)
    stdout_putp                              0x10002018   Data           4  printf.o(.data)
    .bss                                     0x10002020   Section    13824  k_mem.o(.bss)
    .bss                                     0x10005620   Section      256  k_task.o(.bss)
    .bss                                     0x10005720   Section       24  main.o(.bss)
    tasks                                    0x10005720   Data          24  main.o(.bss)
    .bss                                     0x10005738   Section       32  ae_tasks.o(.bss)
    task_info                                0x10005738   Data          32  ae_tasks.o(.bss)
    .bss                                     0x10005758   Section       96  libspace.o(.bss)
    HEAP                                     0x100057b8   Section        0  startup_lpc17xx.o(HEAP)
    STACK                                    0x100057b8   Section      512  startup_lpc17xx.o(STACK)
    Heap_Mem                                 0x100057b8   Data           0  startup_lpc17xx.o(HEAP)
    Stack_Mem                                0x100057b8   Data         512  startup_lpc17xx.o(STACK)
    __initial_sp                             0x100059b8   Data           0  startup_lpc17xx.o(STACK)

    Global Symbols

    Symbol Name                              Value     Ov Type        Size  Object(Section)

    BuildAttributes$$THM_ISAv4$P$D$K$B$S$PE$A:L22UL41UL21$X:L11$S22US41US21$IEEE1$IW$USESV6$~STKCKD$USESV7$~SHL$OSPACE$ROPI$EBA8$UX$STANDARDLIB$REQ8$PRES8$EABIv2 0x00000000   Number         0  anon$$obj.o ABSOLUTE
    __ARM_use_no_argv                        0x00000000   Number         0  main.o ABSOLUTE
    __ARM_exceptions_init                     - Undefined Weak Reference
    __alloca_initialize                       - Undefined Weak Reference
    __arm_preinit_                            - Undefined Weak Reference
    __cpp_initialize__aeabi_                  - Undefined Weak Reference
    __cxa_finalize                            - Undefined Weak Reference
    __rt_locale                               - Undefined Weak Reference
    __sigvec_lookup                           - Undefined Weak Reference
    _atexit_init                              - Undefined Weak Reference
    _call_atexit_fns                          - Undefined Weak Reference
    _clock_init                               - Undefined Weak Reference
    _fp_trap_init                             - Undefined Weak Reference
    _fp_trap_shutdown                         - Undefined Weak Reference
    _get_lc_collate                           - Undefined Weak Reference
    _get_lc_ctype                             - Undefined Weak Reference
    _get_lc_monetary                          - Undefined Weak Reference
    _get_lc_numeric                           - Undefined Weak Reference
    _get_lc_time                              - Undefined Weak Reference
    _getenv_init                              - Undefined Weak Reference
    _handle_redirection                       - Undefined Weak Reference
    _init_alloc                               - Undefined Weak Reference
    _init_user_alloc                          - Undefined Weak Reference
    _initio                                   - Undefined Weak Reference
    _rand_init                                - Undefined Weak Reference
    _signal_finish                            - Undefined Weak Reference
    _signal_init                              - Undefined Weak Reference
    _terminate_alloc                          - Undefined Weak Reference
    _terminate_user_alloc                     - Undefined Weak Reference
    _terminateio                              - Undefined Weak Reference
    __Vectors                                0x10000000   Data           4  startup_lpc17xx.o(RESET)
    __main                                   0x100000cd   Thumb Code     8  __main.o(!!!main)
    __scatterload                            0x100000d5   Thumb Code     0  __scatter.o(!!!scatter)
    __scatterload_rt2                        0x100000d5   Thumb Code    44  __scatter.o(!!!scatter)
    __scatterload_rt2_thumb_only             0x100000d5   Thumb Code     0  __scatter.o(!!!scatter)
    __scatterload_null                       0x100000e3   Thumb Code     0  __scatter.o(!!!scatter)
    __scatterload_copy                       0x10000109   Thumb Code    26  __scatter_copy.o(!!handler_copy)
    __scatterload_zeroinit                   0x10000125   Thumb Code    28  __scatter_zi.o(!!handler_zi)
    __rt_lib_init                            0x10000141   Thumb Code     0  libinit.o(.ARM.Collect$$libinit$$00000000)
    __rt_lib_init_alloca_1                   0x10000143   Thumb Code     0  libinit2.o(.ARM.Collect$$libinit$$0000002E)
    __rt_lib_init_argv_1                     0x10000143   Thumb Code     0  libinit2.o(.ARM.Collect$$libinit$$0000002C)
    __rt_lib_init_atexit_1                   0x10000143   Thumb Code     0  libinit2.o(.ARM.Collect$$libinit$$0000001B)
    __rt_lib_init_clock_1                    0x10000143   Thumb Code     0  libinit2.o(.ARM.Collect$$libinit$$00000021)
    __rt_lib_init_cpp_1                      0x10000143   Thumb Code     0  libinit2.o(.ARM.Collect$$libinit$$00000032)
    __rt_lib_init_exceptions_1               0x10000143   Thumb Code     0  libinit2.o(.ARM.Collect$$libinit$$00000030)
    __rt_lib_init_fp_1                       0x10000143   Thumb Code     0  libinit2.o(.ARM.Collect$$libinit$$00000002)
    __rt_lib_init_fp_trap_1                  0x10000143   Thumb Code     0  libinit2.o(.ARM.Collect$$libinit$$0000001F)
    __rt_lib_init_getenv_1                   0x10000143   Thumb Code     0  libinit2.o(.ARM.Collect$$libinit$$00000023)
    __rt_lib_init_heap_1                     0x10000143   Thumb Code     0  libinit2.o(.ARM.Collect$$libinit$$0000000A)
    __rt_lib_init_lc_collate_1               0x10000143   Thumb Code     0  libinit2.o(.ARM.Collect$$libinit$$00000011)
    __rt_lib_init_lc_ctype_1                 0x10000143   Thumb Code     0  libinit2.o(.ARM.Collect$$libinit$$00000013)
    __rt_lib_init_lc_monetary_1              0x10000143   Thumb Code     0  libinit2.o(.ARM.Collect$$libinit$$00000015)
    __rt_lib_init_lc_numeric_1               0x10000143   Thumb Code     0  libinit2.o(.ARM.Collect$$libinit$$00000017)
    __rt_lib_init_lc_time_1                  0x10000143   Thumb Code     0  libinit2.o(.ARM.Collect$$libinit$$00000019)
    __rt_lib_init_preinit_1                  0x10000143   Thumb Code     0  libinit2.o(.ARM.Collect$$libinit$$00000004)
    __rt_lib_init_rand_1                     0x10000143   Thumb Code     0  libinit2.o(.ARM.Collect$$libinit$$0000000E)
    __rt_lib_init_return                     0x10000143   Thumb Code     0  libinit2.o(.ARM.Collect$$libinit$$00000033)
    __rt_lib_init_signal_1                   0x10000143   Thumb Code     0  libinit2.o(.ARM.Collect$$libinit$$0000001D)
    __rt_lib_init_stdio_1                    0x10000143   Thumb Code     0  libinit2.o(.ARM.Collect$$libinit$$00000025)
    __rt_lib_init_user_alloc_1               0x10000143   Thumb Code     0  libinit2.o(.ARM.Collect$$libinit$$0000000C)
    __rt_lib_shutdown                        0x10000145   Thumb Code     0  libshutdown.o(.ARM.Collect$$libshutdown$$00000000)
    __rt_lib_shutdown_cpp_1                  0x10000147   Thumb Code     0  libshutdown2.o(.ARM.Collect$$libshutdown$$00000002)
    __rt_lib_shutdown_fp_trap_1              0x10000147   Thumb Code     0  libshutdown2.o(.ARM.Collect$$libshutdown$$00000007)
    __rt_lib_shutdown_heap_1                 0x10000147   Thumb Code     0  libshutdown2.o(.ARM.Collect$$libshutdown$$0000000F)
    __rt_lib_shutdown_return                 0x10000147   Thumb Code     0  libshutdown2.o(.ARM.Collect$$libshutdown$$00000010)
    __rt_lib_shutdown_signal_1               0x10000147   Thumb Code     0  libshutdown2.o(.ARM.Collect$$libshutdown$$0000000A)
    __rt_lib_shutdown_stdio_1                0x10000147   Thumb Code     0  libshutdown2.o(.ARM.Collect$$libshutdown$$00000004)
    __rt_lib_shutdown_user_alloc_1           0x10000147   Thumb Code     0  libshutdown2.o(.ARM.Collect$$libshutdown$$0000000C)
    __rt_entry                               0x10000149   Thumb Code     0  __rtentry.o(.ARM.Collect$$rtentry$$00000000)
    __rt_entry_presh_1                       0x10000149   Thumb Code     0  __rtentry2.o(.ARM.Collect$$rtentry$$00000002)
    __rt_entry_sh                            0x10000149   Thumb Code     0  __rtentry4.o(.ARM.Collect$$rtentry$$00000004)
    __rt_entry_li                            0x1000014f   Thumb Code     0  __rtentry2.o(.ARM.Collect$$rtentry$$0000000A)
    __rt_entry_postsh_1                      0x1000014f   Thumb Code     0  __rtentry2.o(.ARM.Collect$$rtentry$$00000009)
    __rt_entry_main                          0x10000153   Thumb Code     0  __rtentry2.o(.ARM.Collect$$rtentry$$0000000D)
    __rt_entry_postli_1                      0x10000153   Thumb Code     0  __rtentry2.o(.ARM.Collect$$rtentry$$0000000C)
    __rt_exit                                0x1000015b   Thumb Code     0  rtexit.o(.ARM.Collect$$rtexit$$00000000)
    __rt_exit_ls                             0x1000015d   Thumb Code     0  rtexit2.o(.ARM.Collect$$rtexit$$00000003)
    __rt_exit_prels_1                        0x1000015d   Thumb Code     0  rtexit2.o(.ARM.Collect$$rtexit$$00000002)
    __rt_exit_exit                           0x10000161   Thumb Code     0  rtexit2.o(.ARM.Collect$$rtexit$$00000004)
    SVC_RTE                                  0x10000169   Thumb Code     0  hal.o(.emb_text)
    __rte                                    0x10000169   Thumb Code     8  hal.o(.emb_text)
    k_tsk_switch                             0x10000171   Thumb Code    44  k_task.o(.emb_text)
    K_RESTORE                                0x10000183   Thumb Code     0  k_task.o(.emb_text)
    k_tsk_start                              0x100001a1   Thumb Code     2  k_task.o(.emb_text)
    Reset_Handler                            0x100001a5   Thumb Code     8  startup_lpc17xx.o(.text)
    NMI_Handler                              0x100001ad   Thumb Code     2  startup_lpc17xx.o(.text)
    HardFault_Handler                        0x100001af   Thumb Code     2  startup_lpc17xx.o(.text)
    MemManage_Handler                        0x100001b1   Thumb Code     2  startup_lpc17xx.o(.text)
    BusFault_Handler                         0x100001b3   Thumb Code     2  startup_lpc17xx.o(.text)
    UsageFault_Handler                       0x100001b5   Thumb Code     2  startup_lpc17xx.o(.text)
    DebugMon_Handler                         0x100001b9   Thumb Code     2  startup_lpc17xx.o(.text)
    PendSV_Handler                           0x100001bb   Thumb Code     2  startup_lpc17xx.o(.text)
    SysTick_Handler                          0x100001bd   Thumb Code     2  startup_lpc17xx.o(.text)
    ADC_IRQHandler                           0x100001bf   Thumb Code     0  startup_lpc17xx.o(.text)
    BOD_IRQHandler                           0x100001bf   Thumb Code     0  startup_lpc17xx.o(.text)
    CANActivity_IRQHandler                   0x100001bf   Thumb Code     0  startup_lpc17xx.o(.text)
    CAN_IRQHandler                           0x100001bf   Thumb Code     0  startup_lpc17xx.o(.text)
    DMA_IRQHandler                           0x100001bf   Thumb Code     0  startup_lpc17xx.o(.text)
    EINT0_IRQHandler                         0x100001bf   Thumb Code     0  startup_lpc17xx.o(.text)
    EINT1_IRQHandler                         0x100001bf   Thumb Code     0  startup_lpc17xx.o(.text)
    EINT2_IRQHandler                         0x100001bf   Thumb Code     0  startup_lpc17xx.o(.text)
    EINT3_IRQHandler                         0x100001bf   Thumb Code     0  startup_lpc17xx.o(.text)
    ENET_IRQHandler                          0x100001bf   Thumb Code     0  startup_lpc17xx.o(.text)
    I2C0_IRQHandler                          0x100001bf   Thumb Code     0  startup_lpc17xx.o(.text)
    I2C1_IRQHandler                          0x100001bf   Thumb Code     0  startup_lpc17xx.o(.text)
    I2C2_IRQHandler                          0x100001bf   Thumb Code     0  startup_lpc17xx.o(.text)
    I2S_IRQHandler                           0x100001bf   Thumb Code     0  startup_lpc17xx.o(.text)
    MCPWM_IRQHandler                         0x100001bf   Thumb Code     0  startup_lpc17xx.o(.text)
    PLL0_IRQHandler                          0x100001bf   Thumb Code     0  startup_lpc17xx.o(.text)
    PLL1_IRQHandler                          0x100001bf   Thumb Code     0  startup_lpc17xx.o(.text)
    PWM1_IRQHandler                          0x100001bf   Thumb Code     0  startup_lpc17xx.o(.text)
    QEI_IRQHandler                           0x100001bf   Thumb Code     0  startup_lpc17xx.o(.text)
    RIT_IRQHandler                           0x100001bf   Thumb Code     0  startup_lpc17xx.o(.text)
    RTC_IRQHandler                           0x100001bf   Thumb Code     0  startup_lpc17xx.o(.text)
    SPI_IRQHandler                           0x100001bf   Thumb Code     0  startup_lpc17xx.o(.text)
    SSP0_IRQHandler                          0x100001bf   Thumb Code     0  startup_lpc17xx.o(.text)
    SSP1_IRQHandler                          0x100001bf   Thumb Code     0  startup_lpc17xx.o(.text)
    TIMER0_IRQHandler                        0x100001bf   Thumb Code     0  startup_lpc17xx.o(.text)
    TIMER1_IRQHandler                        0x100001bf   Thumb Code     0  startup_lpc17xx.o(.text)
    TIMER2_IRQHandler                        0x100001bf   Thumb Code     0  startup_lpc17xx.o(.text)
    TIMER3_IRQHandler                        0x100001bf   Thumb Code     0  startup_lpc17xx.o(.text)
    UART0_IRQHandler                         0x100001bf   Thumb Code     0  startup_lpc17xx.o(.text)
    UART1_IRQHandler                         0x100001bf   Thumb Code     0  startup_lpc17xx.o(.text)
    UART2_IRQHandler                         0x100001bf   Thumb Code     0  startup_lpc17xx.o(.text)
    UART3_IRQHandler                         0x100001bf   Thumb Code     0  startup_lpc17xx.o(.text)
    USBActivity_IRQHandler                   0x100001bf   Thumb Code     0  startup_lpc17xx.o(.text)
    USB_IRQHandler                           0x100001bf   Thumb Code     0  startup_lpc17xx.o(.text)
    WDT_IRQHandler                           0x100001bf   Thumb Code     0  startup_lpc17xx.o(.text)
    __user_initial_stackheap                 0x100001c1   Thumb Code     0  startup_lpc17xx.o(.text)
    __use_two_region_memory                  0x100001e1   Thumb Code     2  heapauxi.o(.text)
    __rt_heap_escrow$2region                 0x100001e3   Thumb Code     2  heapauxi.o(.text)
    __rt_heap_expand$2region                 0x100001e5   Thumb Code     2  heapauxi.o(.text)
    __user_setup_stackheap                   0x100001e7   Thumb Code    74  sys_stackheap_outer.o(.text)
    exit                                     0x10000231   Thumb Code    18  exit.o(.text)
    __user_libspace                          0x10000245   Thumb Code     8  libspace.o(.text)
    __user_perproc_libspace                  0x10000245   Thumb Code     0  libspace.o(.text)
    __user_perthread_libspace                0x10000245   Thumb Code     0  libspace.o(.text)
    _sys_exit                                0x1000024d   Thumb Code     8  sys_exit.o(.text)
    __I$use$semihosting                      0x10000259   Thumb Code     0  use_no_semi.o(.text)
    __use_no_semihosting_swi                 0x10000259   Thumb Code     2  use_no_semi.o(.text)
    SVC_Handler                              0x1000025b   Thumb Code   162  k_task.o(i.SVC_Handler)
    __semihosting_library_function           0x1000025b   Thumb Code     0  indicate_semi.o(.text)
    SystemInit                               0x100002fd   Thumb Code   302  system_lpc17xx.o(i.SystemInit)
    ae_init                                  0x100004af   Thumb Code    48  ae.o(i.ae_init)
    ae_set_sys_info                          0x100004df   Thumb Code    18  ae.o(i.ae_set_sys_info)
    ae_set_task_info                         0x100004f1   Thumb Code    22  ae.o(i.ae_set_task_info)
    dump_task_info                           0x10000509   Thumb Code    88  ae_tasks.o(i.dump_task_info)
    init_printf                              0x10000619   Thumb Code    10  printf.o(i.init_printf)
    k_alloc_k_stack                          0x1000062d   Thumb Code    40  k_mem.o(i.k_alloc_k_stack)
    k_alloc_p_stack                          0x1000065d   Thumb Code    36  k_mem.o(i.k_alloc_p_stack)
    k_mem_init                               0x10000689   Thumb Code    56  k_mem.o(i.k_mem_init)
    k_mpool_alloc                            0x100006e9   Thumb Code    22  k_mem.o(i.k_mpool_alloc)
    k_mpool_create                           0x1000072d   Thumb Code    78  k_mem.o(i.k_mpool_create)
    k_mpool_dealloc                          0x100007d1   Thumb Code    20  k_mem.o(i.k_mpool_dealloc)
    k_mpool_dump                             0x10000811   Thumb Code    16  k_mem.o(i.k_mpool_dump)
    k_pre_rtx_init                           0x1000083d   Thumb Code    22  k_rtx_init.o(i.k_pre_rtx_init)
    k_rtx_init                               0x10000855   Thumb Code    52  k_rtx_init.o(i.k_rtx_init)
    k_tsk_create                             0x1000088d   Thumb Code    34  k_task.o(i.k_tsk_create)
    k_tsk_create_new                         0x10000909   Thumb Code   188  k_task.o(i.k_tsk_create_new)
    k_tsk_exit                               0x100009d1   Thumb Code    10  k_task.o(i.k_tsk_exit)
    k_tsk_get                                0x100009f9   Thumb Code    76  k_task.o(i.k_tsk_get)
    k_tsk_gettid                             0x10000a89   Thumb Code     8  k_task.o(i.k_tsk_gettid)
    k_tsk_init                               0x10000a95   Thumb Code   110  k_task.o(i.k_tsk_init)
    k_tsk_init_first                         0x10000b11   Thumb Code    22  k_task.o(i.k_tsk_init_first)
    k_tsk_run_new                            0x10000b2d   Thumb Code    72  k_task.o(i.k_tsk_run_new)
    k_tsk_set_prio                           0x10000b79   Thumb Code    26  k_task.o(i.k_tsk_set_prio)
    k_tsk_yield                              0x10000bd1   Thumb Code     8  k_task.o(i.k_tsk_yield)
    main                                     0x10000bd9   Thumb Code   114  main.o(i.main)
    priv_task1                               0x10000c8d   Thumb Code   136  ae_tasks.o(i.priv_task1)
    putc                                     0x10000dbd   Thumb Code    28  uart_polling.o(i.putc)
    scheduler                                0x10000e55   Thumb Code    32  k_task.o(i.scheduler)
    set_ae_tasks                             0x10000e81   Thumb Code    70  ae_tasks.o(i.set_ae_tasks)
    task1                                    0x10000ed1   Thumb Code   194  ae_tasks.o(i.task1)
    task2                                    0x10001039   Thumb Code    48  ae_tasks.o(i.task2)
    task_null                                0x1000107d   Thumb Code    28  null_task.o(i.task_null)
    tfp_format                               0x100010cd   Thumb Code   296  printf.o(i.tfp_format)
    tfp_printf                               0x100011f5   Thumb Code    34  printf.o(i.tfp_printf)
    uart_init                                0x10001221   Thumb Code    96  uart_polling.o(i.uart_init)
    uart_put_char                            0x1000128d   Thumb Code    42  uart_polling.o(i.uart_put_char)
    uart_put_string                          0x100012c1   Thumb Code    38  uart_polling.o(i.uart_put_string)
    Region$$Table$$Base                      0x1000138c   Number         0  anon$$obj.o(Region$$Table)
    Region$$Table$$Limit                     0x100013ac   Number         0  anon$$obj.o(Region$$Table)
    errno                                    0x10002000   Data           4  k_rtx_init.o(.data)
    gp_current_task                          0x10002004   Data           4  k_task.o(.data)
    g_num_active_tasks                       0x10002008   Data           4  k_task.o(.data)
    g_k_stacks                               0x10002020   Data       12288  k_mem.o(.bss)
    g_p_stacks                               0x10005020   Data        1536  k_mem.o(.bss)
    g_tcbs                                   0x10005620   Data         256  k_task.o(.bss)
    __libspace_start                         0x10005758   Data          96  libspace.o(.bss)
    __temporary_stack_top$libspace           0x100057b8   Data           0  libspace.o(.bss)



==============================================================================

Memory Map of the image

  Image Entry point : 0x100000cd

  Load Region LR_IROM1 (Base: 0x10000000, Size: 0x000013c8, Max: 0x00002000, ABSOLUTE)

    Execution Region ER_IROM1 (Exec base: 0x10000000, Load base: 0x10000000, Size: 0x000013ac, Max: 0x00002000, ABSOLUTE)

    Exec Addr    Load Addr    Size         Type   Attr      Idx    E Section Name        Object

    0x10000000   0x10000000   0x000000cc   Data   RO          506    RESET               startup_lpc17xx.o
    0x100000cc   0x100000cc   0x00000008   Code   RO          651  * !!!main             c_w.l(__main.o)
    0x100000d4   0x100000d4   0x00000034   Code   RO          818    !!!scatter          c_w.l(__scatter.o)
    0x10000108   0x10000108   0x0000001a   Code   RO          820    !!handler_copy      c_w.l(__scatter_copy.o)
    0x10000122   0x10000122   0x00000002   PAD
    0x10000124   0x10000124   0x0000001c   Code   RO          822    !!handler_zi        c_w.l(__scatter_zi.o)
    0x10000140   0x10000140   0x00000002   Code   RO          688    .ARM.Collect$$libinit$$00000000  c_w.l(libinit.o)
    0x10000142   0x10000142   0x00000000   Code   RO          701    .ARM.Collect$$libinit$$00000002  c_w.l(libinit2.o)
    0x10000142   0x10000142   0x00000000   Code   RO          703    .ARM.Collect$$libinit$$00000004  c_w.l(libinit2.o)
    0x10000142   0x10000142   0x00000000   Code   RO          706    .ARM.Collect$$libinit$$0000000A  c_w.l(libinit2.o)
    0x10000142   0x10000142   0x00000000   Code   RO          708    .ARM.Collect$$libinit$$0000000C  c_w.l(libinit2.o)
    0x10000142   0x10000142   0x00000000   Code   RO          710    .ARM.Collect$$libinit$$0000000E  c_w.l(libinit2.o)
    0x10000142   0x10000142   0x00000000   Code   RO          713    .ARM.Collect$$libinit$$00000011  c_w.l(libinit2.o)
    0x10000142   0x10000142   0x00000000   Code   RO          715    .ARM.Collect$$libinit$$00000013  c_w.l(libinit2.o)
    0x10000142   0x10000142   0x00000000   Code   RO          717    .ARM.Collect$$libinit$$00000015  c_w.l(libinit2.o)
    0x10000142   0x10000142   0x00000000   Code   RO          719    .ARM.Collect$$libinit$$00000017  c_w.l(libinit2.o)
    0x10000142   0x10000142   0x00000000   Code   RO          721    .ARM.Collect$$libinit$$00000019  c_w.l(libinit2.o)
    0x10000142   0x10000142   0x00000000   Code   RO          723    .ARM.Collect$$libinit$$0000001B  c_w.l(libinit2.o)
    0x10000142   0x10000142   0x00000000   Code   RO          725    .ARM.Collect$$libinit$$0000001D  c_w.l(libinit2.o)
    0x10000142   0x10000142   0x00000000   Code   RO          727    .ARM.Collect$$libinit$$0000001F  c_w.l(libinit2.o)
    0x10000142   0x10000142   0x00000000   Code   RO          729    .ARM.Collect$$libinit$$00000021  c_w.l(libinit2.o)
    0x10000142   0x10000142   0x00000000   Code   RO          731    .ARM.Collect$$libinit$$00000023  c_w.l(libinit2.o)
    0x10000142   0x10000142   0x00000000   Code   RO          733    .ARM.Collect$$libinit$$00000025  c_w.l(libinit2.o)
    0x10000142   0x10000142   0x00000000   Code   RO          737    .ARM.Collect$$libinit$$0000002C  c_w.l(libinit2.o)
    0x10000142   0x10000142   0x00000000   Code   RO          739    .ARM.Collect$$libinit$$0000002E  c_w.l(libinit2.o)
    0x10000142   0x10000142   0x00000000   Code   RO          741    .ARM.Collect$$libinit$$00000030  c_w.l(libinit2.o)
    0x10000142   0x10000142   0x00000000   Code   RO          743    .ARM.Collect$$libinit$$00000032  c_w.l(libinit2.o)
    0x10000142   0x10000142   0x00000002   Code   RO          744    .ARM.Collect$$libinit$$00000033  c_w.l(libinit2.o)
    0x10000144   0x10000144   0x00000002   Code   RO          775    .ARM.Collect$$libshutdown$$00000000  c_w.l(libshutdown.o)
    0x10000146   0x10000146   0x00000000   Code   RO          801    .ARM.Collect$$libshutdown$$00000002  c_w.l(libshutdown2.o)
    0x10000146   0x10000146   0x00000000   Code   RO          803    .ARM.Collect$$libshutdown$$00000004  c_w.l(libshutdown2.o)
    0x10000146   0x10000146   0x00000000   Code   RO          806    .ARM.Collect$$libshutdown$$00000007  c_w.l(libshutdown2.o)
    0x10000146   0x10000146   0x00000000   Code   RO          809    .ARM.Collect$$libshutdown$$0000000A  c_w.l(libshutdown2.o)
    0x10000146   0x10000146   0x00000000   Code   RO          811    .ARM.Collect$$libshutdown$$0000000C  c_w.l(libshutdown2.o)
    0x10000146   0x10000146   0x00000000   Code   RO          814    .ARM.Collect$$libshutdown$$0000000F  c_w.l(libshutdown2.o)
    0x10000146   0x10000146   0x00000002   Code   RO          815    .ARM.Collect$$libshutdown$$00000010  c_w.l(libshutdown2.o)
    0x10000148   0x10000148   0x00000000   Code   RO          653    .ARM.Collect$$rtentry$$00000000  c_w.l(__rtentry.o)
    0x10000148   0x10000148   0x00000000   Code   RO          659    .ARM.Collect$$rtentry$$00000002  c_w.l(__rtentry2.o)
    0x10000148   0x10000148   0x00000006   Code   RO          671    .ARM.Collect$$rtentry$$00000004  c_w.l(__rtentry4.o)
    0x1000014e   0x1000014e   0x00000000   Code   RO          661    .ARM.Collect$$rtentry$$00000009  c_w.l(__rtentry2.o)
    0x1000014e   0x1000014e   0x00000004   Code   RO          662    .ARM.Collect$$rtentry$$0000000A  c_w.l(__rtentry2.o)
    0x10000152   0x10000152   0x00000000   Code   RO          664    .ARM.Collect$$rtentry$$0000000C  c_w.l(__rtentry2.o)
    0x10000152   0x10000152   0x00000008   Code   RO          665    .ARM.Collect$$rtentry$$0000000D  c_w.l(__rtentry2.o)
    0x1000015a   0x1000015a   0x00000002   Code   RO          692    .ARM.Collect$$rtexit$$00000000  c_w.l(rtexit.o)
    0x1000015c   0x1000015c   0x00000000   Code   RO          748    .ARM.Collect$$rtexit$$00000002  c_w.l(rtexit2.o)
    0x1000015c   0x1000015c   0x00000004   Code   RO          749    .ARM.Collect$$rtexit$$00000003  c_w.l(rtexit2.o)
    0x10000160   0x10000160   0x00000006   Code   RO          750    .ARM.Collect$$rtexit$$00000004  c_w.l(rtexit2.o)
    0x10000166   0x10000166   0x00000002   PAD
    0x10000168   0x10000168   0x00000008   Code   RO           87    .emb_text           hal.o
    0x10000170   0x10000170   0x00000032   Code   RO          261    .emb_text           k_task.o
    0x100001a2   0x100001a2   0x00000002   PAD
    0x100001a4   0x100001a4   0x0000003c   Code   RO          507    .text               startup_lpc17xx.o
    0x100001e0   0x100001e0   0x00000006   Code   RO          649    .text               c_w.l(heapauxi.o)
    0x100001e6   0x100001e6   0x0000004a   Code   RO          675    .text               c_w.l(sys_stackheap_outer.o)
    0x10000230   0x10000230   0x00000012   Code   RO          677    .text               c_w.l(exit.o)
    0x10000242   0x10000242   0x00000002   PAD
    0x10000244   0x10000244   0x00000008   Code   RO          689    .text               c_w.l(libspace.o)
    0x1000024c   0x1000024c   0x0000000c   Code   RO          745    .text               c_w.l(sys_exit.o)
    0x10000258   0x10000258   0x00000002   Code   RO          764    .text               c_w.l(use_no_semi.o)
    0x1000025a   0x1000025a   0x00000000   Code   RO          766    .text               c_w.l(indicate_semi.o)
    0x1000025a   0x1000025a   0x000000a2   Code   RO          262    i.SVC_Handler       k_task.o
    0x100002fc   0x100002fc   0x00000140   Code   RO          515    i.SystemInit        system_lpc17xx.o
    0x1000043c   0x1000043c   0x00000006   Code   RO          373    i.__get_MSP         main.o
    0x10000442   0x10000442   0x00000032   Code   RO          418    i.a2d               printf.o
    0x10000474   0x10000474   0x0000003a   Code   RO          419    i.a2i               printf.o
    0x100004ae   0x100004ae   0x00000030   Code   RO          547    i.ae_init           ae-lib-ram.lib(ae.o)
    0x100004de   0x100004de   0x00000012   Code   RO          548    i.ae_set_sys_info   ae-lib-ram.lib(ae.o)
    0x100004f0   0x100004f0   0x00000016   Code   RO          549    i.ae_set_task_info  ae-lib-ram.lib(ae.o)
    0x10000506   0x10000506   0x00000002   PAD
    0x10000508   0x10000508   0x000000f0   Code   RO          593    i.dump_task_info    ae-lib-ram.lib(ae_tasks.o)
    0x100005f8   0x100005f8   0x00000020   Code   RO          420    i.i2a               printf.o
    0x10000618   0x10000618   0x00000014   Code   RO          421    i.init_printf       printf.o
    0x1000062c   0x1000062c   0x00000030   Code   RO          148    i.k_alloc_k_stack   k_mem.o
    0x1000065c   0x1000065c   0x0000002c   Code   RO          149    i.k_alloc_p_stack   k_mem.o
    0x10000688   0x10000688   0x00000060   Code   RO          150    i.k_mem_init        k_mem.o
    0x100006e8   0x100006e8   0x00000044   Code   RO          151    i.k_mpool_alloc     k_mem.o
    0x1000072c   0x1000072c   0x000000a4   Code   RO          152    i.k_mpool_create    k_mem.o
    0x100007d0   0x100007d0   0x00000040   Code   RO          153    i.k_mpool_dealloc   k_mem.o
    0x10000810   0x10000810   0x0000002c   Code   RO          154    i.k_mpool_dump      k_mem.o
    0x1000083c   0x1000083c   0x00000016   Code   RO          217    i.k_pre_rtx_init    k_rtx_init.o
    0x10000852   0x10000852   0x00000002   PAD
    0x10000854   0x10000854   0x00000038   Code   RO          218    i.k_rtx_init        k_rtx_init.o
    0x1000088c   0x1000088c   0x0000007c   Code   RO          263    i.k_tsk_create      k_task.o
    0x10000908   0x10000908   0x000000c8   Code   RO          264    i.k_tsk_create_new  k_task.o
    0x100009d0   0x100009d0   0x00000028   Code   RO          265    i.k_tsk_exit        k_task.o
    0x100009f8   0x100009f8   0x00000090   Code   RO          266    i.k_tsk_get         k_task.o
    0x10000a88   0x10000a88   0x0000000c   Code   RO          267    i.k_tsk_gettid      k_task.o
    0x10000a94   0x10000a94   0x0000007c   Code   RO          268    i.k_tsk_init        k_task.o
    0x10000b10   0x10000b10   0x0000001c   Code   RO          269    i.k_tsk_init_first  k_task.o
    0x10000b2c   0x10000b2c   0x0000004c   Code   RO          271    i.k_tsk_run_new     k_task.o
    0x10000b78   0x10000b78   0x00000058   Code   RO          272    i.k_tsk_set_prio    k_task.o
    0x10000bd0   0x10000bd0   0x00000008   Code   RO          273    i.k_tsk_yield       k_task.o
    0x10000bd8   0x10000bd8   0x000000b4   Code   RO          374    i.main              main.o
    0x10000c8c   0x10000c8c   0x00000130   Code   RO          594    i.priv_task1        ae-lib-ram.lib(ae_tasks.o)
    0x10000dbc   0x10000dbc   0x00000044   Code   RO            4    i.putc              uart_polling.o
    0x10000e00   0x10000e00   0x00000052   Code   RO          422    i.putchw            printf.o
    0x10000e52   0x10000e52   0x00000002   PAD
    0x10000e54   0x10000e54   0x0000002c   Code   RO          274    i.scheduler         k_task.o
    0x10000e80   0x10000e80   0x00000050   Code   RO          595    i.set_ae_tasks      ae-lib-ram.lib(ae_tasks.o)
    0x10000ed0   0x10000ed0   0x00000168   Code   RO          596    i.task1             ae-lib-ram.lib(ae_tasks.o)
    0x10001038   0x10001038   0x00000044   Code   RO          597    i.task2             ae-lib-ram.lib(ae_tasks.o)
    0x1000107c   0x1000107c   0x00000050   Code   RO          483    i.task_null         null_task.o
    0x100010cc   0x100010cc   0x00000128   Code   RO          424    i.tfp_format        printf.o
    0x100011f4   0x100011f4   0x0000002c   Code   RO          425    i.tfp_printf        printf.o
    0x10001220   0x10001220   0x0000006c   Code   RO            6    i.uart_init         uart_polling.o
    0x1000128c   0x1000128c   0x00000034   Code   RO            7    i.uart_put_char     uart_polling.o
    0x100012c0   0x100012c0   0x00000026   Code   RO            8    i.uart_put_string   uart_polling.o
    0x100012e6   0x100012e6   0x00000056   Code   RO          427    i.ui2a              printf.o
    0x1000133c   0x1000133c   0x0000004f   Data   RO          376    .conststring        main.o
    0x1000138b   0x1000138b   0x00000001   PAD
    0x1000138c   0x1000138c   0x00000020   Data   RO          816    Region$$Table       anon$$obj.o


    Execution Region RW_IRAM1 (Exec base: 0x10002000, Load base: 0x100013ac, Size: 0x000039b8, Max: 0x00005000, ABSOLUTE)

    Exec Addr    Load Addr    Size         Type   Attr      Idx    E Section Name        Object

    0x10002000   0x100013ac   0x00000004   Data   RW          219    .data               k_rtx_init.o
    0x10002004   0x100013b0   0x00000008   Data   RW          276    .data               k_task.o
    0x1000200c   0x100013b8   0x00000008   Data   RW          377    .data               main.o
    0x10002014   0x100013c0   0x00000008   Data   RW          428    .data               printf.o
    0x1000201c   0x100013c8   0x00000004   PAD
    0x10002020        -       0x00003600   Zero   RW          155    .bss                k_mem.o
    0x10005620        -       0x00000100   Zero   RW          275    .bss                k_task.o
    0x10005720        -       0x00000018   Zero   RW          375    .bss                main.o
    0x10005738        -       0x00000020   Zero   RW          599    .bss                ae-lib-ram.lib(ae_tasks.o)
    0x10005758        -       0x00000060   Zero   RW          690    .bss                c_w.l(libspace.o)
    0x100057b8        -       0x00000000   Zero   RW          505    HEAP                startup_lpc17xx.o
    0x100057b8        -       0x00000200   Zero   RW          504    STACK               startup_lpc17xx.o


==============================================================================

Image component sizes


      Code (inc. data)   RO Data    RW Data    ZI Data      Debug   Object Name

         8          2          0          0          0       2776   hal.o
       528        260          0          0      13824       4933   k_mem.o
        78          4          0          4          0       5630   k_rtx_init.o
      1100        316          0          8        256      13208   k_task.o
       186         66         79          8         24       4923   main.o
        80         52          0          0          0        504   null_task.o
       668         20          0          8          0       5828   printf.o
        60         22        204          0        512        824   startup_lpc17xx.o
       320         18          0          0          0        609   system_lpc17xx.o
       266         62          0          0          0      24277   uart_polling.o

    ----------------------------------------------------------------------
      3300        822        316         28      14620      63512   Object Totals
         0          0         32          0          0          0   (incl. Generated)
         6          0          1          0          4          0   (incl. Padding)

    ----------------------------------------------------------------------

      Code (inc. data)   RO Data    RW Data    ZI Data      Debug   Library Member Name

        88          0          0          0          0       3991   ae.o
      1052        516          0          0         32       5373   ae_tasks.o
         8          0          0          0          0         68   __main.o
         0          0          0          0          0          0   __rtentry.o
        12          0          0          0          0          0   __rtentry2.o
         6          0          0          0          0          0   __rtentry4.o
        52          8          0          0          0          0   __scatter.o
        26          0          0          0          0          0   __scatter_copy.o
        28          0          0          0          0          0   __scatter_zi.o
        18          0          0          0          0         80   exit.o
         6          0          0          0          0        152   heapauxi.o
         0          0          0          0          0          0   indicate_semi.o
         2          0          0          0          0          0   libinit.o
         2          0          0          0          0          0   libinit2.o
         2          0          0          0          0          0   libshutdown.o
         2          0          0          0          0          0   libshutdown2.o
         8          4          0          0         96         68   libspace.o
         2          0          0          0          0          0   rtexit.o
        10          0          0          0          0          0   rtexit2.o
        12          4          0          0          0         68   sys_exit.o
        74          0          0          0          0         80   sys_stackheap_outer.o
         2          0          0          0          0         68   use_no_semi.o

    ----------------------------------------------------------------------
      1420        532          0          0        128       9948   Library Totals
         8          0          0          0          0          0   (incl. Padding)

    ----------------------------------------------------------------------

      Code (inc. data)   RO Data    RW Data    ZI Data      Debug   Library Name

      1140        516          0          0         32       9364   ae-lib-ram.lib
       272         16          0          0         96        584   c_w.l

    ----------------------------------------------------------------------
      1420        532          0          0        128       9948   Library Totals

    ----------------------------------------------------------------------

==============================================================================


      Code (inc. data)   RO Data    RW Data    ZI Data      Debug   

      4720       1354        316         28      14748      71064   Grand Totals
      4720       1354        316         28      14748      71064   ELF Image Totals
      4720       1354        316         28          0          0   ROM Totals

==============================================================================

    Total RO  Size (Code + RO Data)                 5036 (   4.92kB)
    Total RW  Size (RW Data + ZI Data)             14776 (  14.43kB)
    Total ROM Size (Code + RO Data + RW Data)       5064 (   4.95kB)

==============================================================================

